Archive member included because of file (symbol)

../../closure/ti/runtime/wiring/cc13xx/lib/wiring_cc13xx.m3g.lib(WString.om3g)
                              string.obj (String::~String())
../../closure/ti/runtime/wiring/cc13xx/lib/wiring_cc13xx.m3g.lib(wiring.om3g)
                              string.obj (delay)
../../closure/ti/runtime/wiring/cc13xx/lib/wiring_cc13xx.m3g.lib(itoa.om3g)
                              ../../closure/ti/runtime/wiring/cc13xx/lib/wiring_cc13xx.m3g.lib(WString.om3g) (ltoa)
../../closure/ti/runtime/wiring/cc13xx/lib/wiring_cc13xx.m3g.lib(wiring_digital.om3g)
                              string.obj (pinMode)
../../closure/ti/runtime/wiring/cc13xx/lib/wiring_cc13xx.m3g.lib(wiring_analog.om3g)
                              ../../closure/ti/runtime/wiring/cc13xx/lib/wiring_cc13xx.m3g.lib(wiring_digital.om3g) (stopAnalogWrite)
../../closure/ti/runtime/wiring/cc13xx/variants/LAUNCHXL_CC1310/lib/board.m3g.lib(Board_init.om3g)
                              main.obj (Board_init)
../../closure/ti/runtime/wiring/cc13xx/variants/LAUNCHXL_CC1310/lib/board.m3g.lib(pins.om3g)
                              ../../closure/ti/runtime/wiring/cc13xx/lib/wiring_cc13xx.m3g.lib(wiring_digital.om3g) (digital_pin_to_pin_function)
../../closure/ti/drivers/lib/drivers_cc13xxware.am3g(I2C.om3g)
                              ../../closure/ti/runtime/wiring/cc13xx/variants/LAUNCHXL_CC1310/lib/board.m3g.lib(Board_init.om3g) (I2C_init)
../../closure/ti/drivers/lib/drivers_cc13xxware.am3g(PWM.om3g)
                              ../../closure/ti/runtime/wiring/cc13xx/lib/wiring_cc13xx.m3g.lib(wiring_analog.om3g) (PWM_close)
../../closure/ti/drivers/lib/drivers_cc13xxware.am3g(SPI.om3g)
                              ../../closure/ti/runtime/wiring/cc13xx/variants/LAUNCHXL_CC1310/lib/board.m3g.lib(Board_init.om3g) (SPI_init)
../../closure/ti/drivers/lib/drivers_cc13xxware.am3g(UART.om3g)
                              ../../closure/ti/runtime/wiring/cc13xx/variants/LAUNCHXL_CC1310/lib/board.m3g.lib(Board_init.om3g) (UART_init)
../../closure/ti/drivers/lib/drivers_cc13xxware.am3g(GPIOCC26XX.om3g)
                              ../../closure/ti/runtime/wiring/cc13xx/lib/wiring_cc13xx.m3g.lib(wiring_digital.om3g) (GPIO_read)
../../closure/ti/drivers/lib/drivers_cc13xxware.am3g(I2CCC26XX.om3g)
                              ../../closure/ti/runtime/wiring/cc13xx/variants/LAUNCHXL_CC1310/lib/board.m3g.lib(Board_init.om3g) (I2CCC26XX_fxnTable)
../../closure/ti/drivers/lib/drivers_cc13xxware.am3g(PINCC26XX.om3g)
                              ../../closure/ti/runtime/wiring/cc13xx/variants/LAUNCHXL_CC1310/lib/board.m3g.lib(Board_init.om3g) (PIN_init)
../../closure/ti/drivers/lib/drivers_cc13xxware.am3g(PowerCC26XX.om3g)
                              ../../closure/configPkg/package/cfg/energia_pm3g.om3g (Power_idleFunc)
../../closure/ti/drivers/lib/drivers_cc13xxware.am3g(PowerCC26XX_calibrateRCOSC.om3g)
                              ../../closure/ti/drivers/lib/drivers_cc13xxware.am3g(PowerCC26XX.om3g) (PowerCC26XX_initiateCalibration)
../../closure/ti/drivers/lib/drivers_cc13xxware.am3g(PWMTimerCC26XX.om3g)
                              ../../closure/ti/runtime/wiring/cc13xx/variants/LAUNCHXL_CC1310/lib/board.m3g.lib(Board_init.om3g) (PWMTimerCC26XX_fxnTable)
../../closure/ti/drivers/lib/drivers_cc13xxware.am3g(SPICC26XXDMA.om3g)
                              ../../closure/ti/runtime/wiring/cc13xx/variants/LAUNCHXL_CC1310/lib/board.m3g.lib(Board_init.om3g) (SPICC26XXDMA_fxnTable)
../../closure/ti/drivers/lib/drivers_cc13xxware.am3g(UARTCC26XX.om3g)
                              ../../closure/ti/runtime/wiring/cc13xx/variants/LAUNCHXL_CC1310/lib/board.m3g.lib(Board_init.om3g) (UARTCC26XX_fxnTable)
../../closure/ti/drivers/lib/drivers_cc13xxware.am3g(List.om3g)
                              ../../closure/ti/drivers/lib/drivers_cc13xxware.am3g(PowerCC26XX.om3g) (List_empty)
../../closure/ti/drivers/lib/drivers_cc13xxware.am3g(UDMACC26XX.om3g)
                              ../../closure/ti/drivers/lib/drivers_cc13xxware.am3g(SPICC26XXDMA.om3g) (UDMACC26XX_open)
../../closure/ti/drivers/lib/power_cc13xx_tirtos.am3g(PowerCC26XX_tirtos.om3g)
                              ../../closure/ti/runtime/wiring/cc13xx/variants/LAUNCHXL_CC1310/lib/board.m3g.lib(Board_init.om3g) (PowerCC26XX_standbyPolicy)
../../closure/ti/drivers/ports/lib/tirtosport.am3g(HwiP_tirtos.om3g)
                              ../../closure/ti/drivers/lib/drivers_cc13xxware.am3g(List.om3g) (HwiP_disable)
../../closure/src/sysbios/sysbios.am3g(m3_Hwi_asm_gnu.o)
                              ../../closure/configPkg/package/cfg/energia_pm3g.om3g (ti_sysbios_family_arm_m3_Hwi_pendSV(int0_t))
../../closure/src/sysbios/sysbios.am3g(m3_Hwi_asm_switch_gnu.o)
                              ../../closure/configPkg/package/cfg/energia_pm3g.om3g (ti_sysbios_family_arm_m3_Hwi_getTaskSP__E)
../../closure/src/sysbios/sysbios.am3g(m3_IntrinsicsSupport_asm_gnu.o)
[...]
Memory Configuration

Name             Origin             Length             Attributes
FLASH            0x00000000         0x0001ffa8         xr
FLASH_CCFG       0x0001ffa8         0x00000058         xr
SRAM             0x20000000         0x00004000         xrw
*default*        0x00000000         0xffffffff

Linker script and memory map

LOAD string.obj
LOAD main.obj
                0x00000400                __STACK_SIZE = 0x400
                0x00000400                __TI_STACK_SIZE = __STACK_SIZE
LOAD ../../closure/configPkg/package/cfg/energia_pm3g.om3g
LOAD ../../closure/ti/runtime/wiring/cc13xx/lib/wiring_cc13xx.m3g.lib
LOAD ../../closure/ti/runtime/wiring/cc13xx/variants/LAUNCHXL_CC1310/lib/board.m3g.lib
LOAD ../../closure/ti/drivers/pdm/lib/pdm_cc13xxware.am3g
LOAD ../../closure/ti/drivers/lib/drivers_cc13xxware.am3g
LOAD ../../closure/ti/drivers/lib/power_cc13xx_tirtos.am3g
LOAD ../../closure/ti/mw/fatfs/lib/release/ti.mw.fatfs.am3g
LOAD ../../closure/ti/drivers/ports/lib/tirtosport.am3g
LOAD ../../closure/src/sysbios/sysbios.am3g
LOAD ../../closure/gnu/targets/arm/rtsv7M/lib/gnu.targets.arm.rtsv7M.am3g
LOAD ../../closure/gnu/targets/arm/rtsv7M/lib/boot.am3g
LOAD ../../closure/gnu/targets/arm/rtsv7M/lib/syscalls.am3g
                0x00000001                xdc_runtime_Startup__EXECFXN__C = 0x1
                0x00000001                xdc_runtime_Startup__RESETFXN__C = 0x1
                0x00000000                PROVIDE (_intvecs_base_address, DEFINED (_intvecs_base_address)?_intvecs_base_address:0x0)

.intvecs        0x00000000       0x3c
 *(.intvecs)
 .intvecs       0x00000000       0x3c ../../closure/configPkg/package/cfg/energia_pm3g.om3g
                0x00000000                ti_sysbios_family_arm_m3_Hwi_resetVectors
                0x20000000                PROVIDE (_vtable_base_address, DEFINED (_vtable_base_address)?_vtable_base_address:0x20000000)

.vtable         0x20000000       0xdc
 *(.vtable)
 .vtable        0x20000000       0xdc ../../closure/configPkg/package/cfg/energia_pm3g.om3g
                0x20000000                ti_sysbios_family_arm_m3_Hwi_ramVectors
                0x20000100                _rom_data_start = 0x20000100
                0x00000000                _rom_data_size = DEFINED (ti_sysbios_rom_ROM_ti_sysbios_family_arm_cc26xx_Timer_getCount64__E)?0x104:0x0

.rom_data_reserve
                0x20000100        0x0
                0x20000100                . = (. + _rom_data_size)
                0x00000000                UDMACC26XX_dmaRxControlTableEntry0_is_placed = 0x0

.dmaRxControlTableEntry0
 *(.dmaRxControlTableEntry0)
                0x00000000                UDMACC26XX_dmaTxControlTableEntry0_is_placed = 0x0

.dmaTxControlTableEntry0
 *(.dmaTxControlTableEntry0)
                0x00000000                UDMACC26XX_dmaRxControlTableEntry1_is_placed = 0x0

.dmaRxControlTableEntry1
 *(.dmaRxControlTableEntry1)
                0x00000000                UDMACC26XX_dmaTxControlTableEntry1_is_placed = 0x0

.dmaTxControlTableEntry1
 *(.dmaTxControlTableEntry1)
                0x00001000                _rom_rodata_start = 0x1000
                0x00000000                _rom_rodata_size = DEFINED (ti_sysbios_rom_ROM_ti_sysbios_family_arm_cc26xx_Timer_getCount64__E)?0x500:0x0

.rom_rodata_reserve
                0x00001000        0x0 load address 0x0000003c
                0x00001000                . = (. + _rom_rodata_size)

.text           0x00000040     0x5c6c
 CREATE_OBJECT_SYMBOLS
 *(.text)
 .text          0x00000040       0xc8 string.obj
                0x00000040                stringSetup
                0x00000090                stringLoop
 .text          0x00000108       0x12 main.obj
                0x00000108                sketchTask(unsigned int, unsigned int)
 *fill*         0x0000011a        0x2 
 .text          0x0000011c      0x10c ../../closure/src/sysbios/sysbios.am3g(m3_Hwi_asm_gnu.o)
                0x0000011c                ti_sysbios_family_arm_m3_Hwi_dispatch(int0_t)
                0x000001d4                ti_sysbios_family_arm_m3_Hwi_pendSV(int0_t)
                0x00000208                ti_sysbios_family_arm_m3_Hwi_excHandlerAsm(int0_t)
 *fill*         0x00000228        0x8 
 .text          0x00000230       0x90 ../../closure/src/sysbios/sysbios.am3g(m3_Hwi_asm_switch_gnu.o)
                0x0000024c                ti_sysbios_family_xxx_Hwi_switchAndRunFunc
                0x0000026a                ti_sysbios_family_arm_m3_Hwi_getTaskSP__E
                0x00000270                ti_sysbios_family_arm_m3_Hwi_initStacks__E
 .text          0x000002c0       0x90 ../../closure/src/sysbios/sysbios.am3g(m3_TaskSupport_asm_gnu.o)
                0x000002c0                ti_sysbios_family_arm_m3_TaskSupport_buildTaskStack
                0x0000030c                ti_sysbios_family_arm_m3_TaskSupport_swap__E
                0x00000314                ti_sysbios_knl_Task_swapReturn
                0x0000032c                ti_sysbios_family_arm_m3_TaskSupport_glue
 .text          0x00000350       0x2c /db/vendors/linaro/gcc-arm-none-eabi-4_8-2014q3/bin/../lib/gcc/arm-none-eabi/4.8.4/armv7-m/libgcc.a(_aeabi_uldivmod.o)
                0x00000350                __aeabi_uldivmod
 .text          0x0000037c       0x60 /db/vendors/linaro/gcc-arm-none-eabi-4_8-2014q3/bin/../lib/gcc/arm-none-eabi/4.8.4/armv7-m/libgcc.a(bpabi.o)
                0x0000037c                __gnu_ldivmod_helper
                0x000003ac                __gnu_uldivmod_helper
 .text          0x000003dc        0x4 /db/vendors/linaro/gcc-arm-none-eabi-4_8-2014q3/bin/../lib/gcc/arm-none-eabi/4.8.4/armv7-m/libgcc.a(_dvmd_tls.o)
                0x000003dc                __aeabi_ldiv0
                0x000003dc                __aeabi_idiv0
 .text          0x000003e0      0x2a0 /db/vendors/linaro/gcc-arm-none-eabi-4_8-2014q3/bin/../lib/gcc/arm-none-eabi/4.8.4/armv7-m/libgcc.a(_divdi3.o)
                0x000003e0                __divdi3
 .text          0x00000680      0x290 /db/vendors/linaro/gcc-arm-none-eabi-4_8-2014q3/bin/../lib/gcc/arm-none-eabi/4.8.4/armv7-m/libgcc.a(_udivdi3.o)
                0x00000680                __udivdi3
 .text          0x00000910       0xec /db/vendors/linaro/gcc-arm-none-eabi-4_8-2014q3/bin/../lib/gcc/arm-none-eabi/4.8.4/../../../../arm-none-eabi/lib/armv7-m/libc.a(lib_a-memcpy.o)
                0x00000910                memcpy
 *(.text.*)
 .text.startup  0x000009fc       0x2c string.obj
 .text.startup  0x00000a28       0x4c main.obj
                0x00000a28                main
 .text.xdc_runtime_Startup_exec__I
                0x00000a74       0x14 ../../closure/configPkg/package/cfg/energia_pm3g.om3g
                0x00000a74                xdc_runtime_Startup_exec(int0_t)
 .text.xdc_runtime_System_printfExtend__I
                0x00000a88       0x90 ../../closure/configPkg/package/cfg/energia_pm3g.om3g
                0x00000a88                xdc_runtime_System_printfExtend(int0_t)
 .text.ti_sysbios_BIOS_startFunc__I
                0x00000b18       0x28 ../../closure/configPkg/package/cfg/energia_pm3g.om3g
                0x00000b18                ti_sysbios_BIOS_startFunc(int0_t)
 .text.ti_sysbios_BIOS_atExitFunc__I
                0x00000b40       0x14 ../../closure/configPkg/package/cfg/energia_pm3g.om3g
                0x00000b40                ti_sysbios_BIOS_atExitFunc(int0_t)
 .text.ti_sysbios_BIOS_exitFunc__I
                0x00000b54       0x14 ../../closure/configPkg/package/cfg/energia_pm3g.om3g
                0x00000b54                ti_sysbios_BIOS_exitFunc(int0_t)
 .text.ti_sysbios_knl_Clock_doTick__I
                0x00000b68       0x18 ../../closure/configPkg/package/cfg/energia_pm3g.om3g
                0x00000b68                ti_sysbios_knl_Clock_doTick(int0_t)
 .text.ti_sysbios_gates_GateHwi_Handle__label__S
                0x00000b80       0x18 ../../closure/configPkg/package/cfg/energia_pm3g.om3g
                0x00000b80                ti_sysbios_gates_GateHwi_Handle__label(void) static
 .text.ti_sysbios_gates_GateMutex_Handle__label__S
                0x00000b98       0x18 ../../closure/configPkg/package/cfg/energia_pm3g.om3g
                0x00000b98                ti_sysbios_gates_GateMutex_Handle__label(void) static
 .text.ti_sysbios_heaps_HeapMem_Handle__label__S
                0x00000bb0       0x18 ../../closure/configPkg/package/cfg/energia_pm3g.om3g
                0x00000bb0                ti_sysbios_heaps_HeapMem_Handle__label(void) static
 .text.ti_sysbios_gates_GateHwi_Object__delete__S
                0x00000bc8       0x24 ../../closure/configPkg/package/cfg/energia_pm3g.om3g
                0x00000bc8                ti_sysbios_gates_GateHwi_Object__delete(void) static
 .text.ti_sysbios_gates_GateMutex_Object__delete__S
                0x00000bec       0x28 ../../closure/configPkg/package/cfg/energia_pm3g.om3g
                0x00000bec                ti_sysbios_gates_GateMutex_Object__delete(void) static
 .text.ti_sysbios_heaps_HeapMem_Object__delete__S
                0x00000c14       0x24 ../../closure/configPkg/package/cfg/energia_pm3g.om3g
                0x00000c14                ti_sysbios_heaps_HeapMem_Object__delete(void) static
 .text.ti_sysbios_gates_GateHwi_Object__create__S
                0x00000c38       0x2c ../../closure/configPkg/package/cfg/energia_pm3g.om3g
                0x00000c38                ti_sysbios_gates_GateHwi_Object__create(void) static
 .text.ti_sysbios_gates_GateMutex_Object__create__S
                0x00000c64       0x2c ../../closure/configPkg/package/cfg/energia_pm3g.om3g
                0x00000c64                ti_sysbios_gates_GateMutex_Object__create(void) static
 .text.ti_sysbios_heaps_HeapMem_Object__create__S
                0x00000c90       0x2c ../../closure/configPkg/package/cfg/energia_pm3g.om3g
                0x00000c90                ti_sysbios_heaps_HeapMem_Object__create(void) static
 .text.xdc_runtime_Startup_reset__I
                0x00000cbc        0x4 ../../closure/configPkg/package/cfg/energia_pm3g.om3g
                0x00000cbc                xdc_runtime_Startup_reset(int0_t)
 .text.malloc   0x00000cc0       0x30 ../../closure/configPkg/package/cfg/energia_pm3g.om3g
                0x00000cc0                malloc
 .text.free     0x00000cf0       0x18 ../../closure/configPkg/package/cfg/energia_pm3g.om3g
                0x00000cf0                free
 .text.realloc  0x00000d08       0x44 ../../closure/configPkg/package/cfg/energia_pm3g.om3g
                0x00000d08                realloc
 .text._free_r  0x00000d4c        0x8 ../../closure/configPkg/package/cfg/energia_pm3g.om3g
                0x00000d4c                _free_r
 .text.xdc_runtime_System_printf__E
                0x00000d54       0x20 ../../closure/configPkg/package/cfg/energia_pm3g.om3g
                0x00000d54                xdc_runtime_System_printf__E
 .text.ti_sysbios_hal_Hwi_HwiProxy_Module__startupDone__S
                0x00000d74       0x14 ../../closure/configPkg/package/cfg/energia_pm3g.om3g
                0x00000d74                ti_sysbios_hal_Hwi_HwiProxy_Module__startupDone(void) static
 .text.ti_sysbios_hal_Hwi_HwiProxy_getStackInfo__E
                0x00000d88        0x4 ../../closure/configPkg/package/cfg/energia_pm3g.om3g
                0x00000d88                ti_sysbios_hal_Hwi_HwiProxy_getStackInfo__E
 .text.ti_sysbios_hal_Hwi_HwiProxy_startup__E
                0x00000d8c        0x4 ../../closure/configPkg/package/cfg/energia_pm3g.om3g
                0x00000d8c                ti_sysbios_hal_Hwi_HwiProxy_startup__E
 .text.ti_sysbios_hal_Hwi_HwiProxy_switchFromBootStack__E
                0x00000d90        0x4 ../../closure/configPkg/package/cfg/energia_pm3g.om3g
                0x00000d90                ti_sysbios_hal_Hwi_HwiProxy_switchFromBootStack__E
 .text.ti_sysbios_hal_Timer_TimerProxy_Module__startupDone__S
                0x00000d94       0x14 ../../closure/configPkg/package/cfg/energia_pm3g.om3g
                0x00000d94                ti_sysbios_hal_Timer_TimerProxy_Module__startupDone(void) static
 .text.ti_sysbios_heaps_HeapMem_Module_GateProxy_query__E
                0x00000da8        0x4 ../../closure/configPkg/package/cfg/energia_pm3g.om3g
                0x00000da8                ti_sysbios_heaps_HeapMem_Module_GateProxy_query__E
 .text.ti_sysbios_heaps_HeapMem_Module_GateProxy_enter__E
                0x00000dac        0x4 ../../closure/configPkg/package/cfg/energia_pm3g.om3g
                0x00000dac                ti_sysbios_heaps_HeapMem_Module_GateProxy_enter__E
 .text.ti_sysbios_heaps_HeapMem_Module_GateProxy_leave__E
                0x00000db0        0x4 ../../closure/configPkg/package/cfg/energia_pm3g.om3g
                0x00000db0                ti_sysbios_heaps_HeapMem_Module_GateProxy_leave__E
 .text.ti_sysbios_knl_Clock_TimerProxy_Module__startupDone__S
                0x00000db4       0x14 ../../closure/configPkg/package/cfg/energia_pm3g.om3g
                0x00000db4                ti_sysbios_knl_Clock_TimerProxy_Module__startupDone(void) static
 .text.ti_sysbios_knl_Clock_TimerProxy_getMaxTicks__E
                0x00000dc8        0x4 ../../closure/configPkg/package/cfg/energia_pm3g.om3g
                0x00000dc8                ti_sysbios_knl_Clock_TimerProxy_getMaxTicks__E
 .text.ti_sysbios_knl_Clock_TimerProxy_setNextTick__E
                0x00000dcc        0x4 ../../closure/configPkg/package/cfg/energia_pm3g.om3g
                0x00000dcc                ti_sysbios_knl_Clock_TimerProxy_setNextTick__E
 .text.ti_sysbios_knl_Clock_TimerProxy_getCurrentTick__E
                0x00000dd0        0x4 ../../closure/configPkg/package/cfg/energia_pm3g.om3g
                0x00000dd0                ti_sysbios_knl_Clock_TimerProxy_getCurrentTick__E
 .text.ti_sysbios_knl_Task_SupportProxy_Module__startupDone__S
                0x00000dd4        0x4 ../../closure/configPkg/package/cfg/energia_pm3g.om3g
                0x00000dd4                ti_sysbios_knl_Task_SupportProxy_Module__startupDone(void) static
 .text.ti_sysbios_knl_Task_SupportProxy_start__E
                0x00000dd8        0x4 ../../closure/configPkg/package/cfg/energia_pm3g.om3g
                0x00000dd8                ti_sysbios_knl_Task_SupportProxy_start__E
 .text.ti_sysbios_knl_Task_SupportProxy_swap__E
                0x00000ddc        0x4 ../../closure/configPkg/package/cfg/energia_pm3g.om3g
                0x00000ddc                ti_sysbios_knl_Task_SupportProxy_swap__E
 .text.ti_sysbios_knl_Task_SupportProxy_getStackAlignment__E
                0x00000de0        0x4 ../../closure/configPkg/package/cfg/energia_pm3g.om3g
                0x00000de0                ti_sysbios_knl_Task_SupportProxy_getStackAlignment__E
 .text.xdc_runtime_Memory_HeapProxy_alloc__E
                0x00000de4        0xc ../../closure/configPkg/package/cfg/energia_pm3g.om3g
                0x00000de4                xdc_runtime_Memory_HeapProxy_alloc__E
 .text.xdc_runtime_Memory_HeapProxy_free__E
                0x00000df0        0xc ../../closure/configPkg/package/cfg/energia_pm3g.om3g
                0x00000df0                xdc_runtime_Memory_HeapProxy_free__E
 .text.xdc_runtime_Memory_HeapProxy_getStats__E
                0x00000dfc        0xc ../../closure/configPkg/package/cfg/energia_pm3g.om3g
                0x00000dfc                xdc_runtime_Memory_HeapProxy_getStats__E
 .text.xdc_runtime_System_Module_GateProxy_enter__E
                0x00000e08        0x4 ../../closure/configPkg/package/cfg/energia_pm3g.om3g
                0x00000e08                xdc_runtime_System_Module_GateProxy_enter__E
 .text.xdc_runtime_System_Module_GateProxy_leave__E
                0x00000e0c        0x4 ../../closure/configPkg/package/cfg/energia_pm3g.om3g
                0x00000e0c                xdc_runtime_System_Module_GateProxy_leave__E
 .text.xdc_runtime_System_SupportProxy_abort__E
                0x00000e10        0x4 ../../closure/configPkg/package/cfg/energia_pm3g.om3g
                0x00000e10                xdc_runtime_System_SupportProxy_abort__E
 .text.xdc_runtime_System_SupportProxy_exit__E
                0x00000e14        0x4 ../../closure/configPkg/package/cfg/energia_pm3g.om3g
                0x00000e14                xdc_runtime_System_SupportProxy_exit__E
 .text.xdc_runtime_System_SupportProxy_flush__E
                0x00000e18        0x4 ../../closure/configPkg/package/cfg/energia_pm3g.om3g
                0x00000e18                xdc_runtime_System_SupportProxy_flush__E
 .text.xdc_runtime_System_SupportProxy_putch__E
                0x00000e1c        0x4 ../../closure/configPkg/package/cfg/energia_pm3g.om3g
                0x00000e1c                xdc_runtime_System_SupportProxy_putch__E
 .text.xdc_runtime_System_SupportProxy_ready__E
                0x00000e20        0x4 ../../closure/configPkg/package/cfg/energia_pm3g.om3g
                0x00000e20                xdc_runtime_System_SupportProxy_ready__E
 .text.ti_sysbios_family_arm_m3_Hwi_Params__init__S
                0x00000e24       0x18 ../../closure/configPkg/package/cfg/energia_pm3g.om3g
                0x00000e24                ti_sysbios_family_arm_m3_Hwi_Params__init(void) static
 .text.ti_sysbios_family_arm_m3_Hwi_Object__get__S
                0x00000e3c       0x1c ../../closure/configPkg/package/cfg/energia_pm3g.om3g
                0x00000e3c                ti_sysbios_family_arm_m3_Hwi_Object__get(void) static
 .text.ti_sysbios_family_arm_m3_Hwi_construct
                0x00000e58       0x50 ../../closure/configPkg/package/cfg/energia_pm3g.om3g
                0x00000e58                ti_sysbios_family_arm_m3_Hwi_construct
 .text.ti_sysbios_heaps_HeapMem_Object__get__S
                0x00000ea8       0x1c ../../closure/configPkg/package/cfg/energia_pm3g.om3g
                0x00000ea8                ti_sysbios_heaps_HeapMem_Object__get(void) static
 .text.ti_sysbios_knl_Clock_Params__init__S
                0x00000ec4       0x18 ../../closure/configPkg/package/cfg/energia_pm3g.om3g
                0x00000ec4                ti_sysbios_knl_Clock_Params__init(void) static
 .text.ti_sysbios_knl_Clock_construct
                0x00000edc       0x30 ../../closure/configPkg/package/cfg/energia_pm3g.om3g
                0x00000edc                ti_sysbios_knl_Clock_construct
 .text.ti_sysbios_knl_Mailbox_Object__get__S
                0x00000f0c        0xc ../../closure/configPkg/package/cfg/energia_pm3g.om3g
                0x00000f0c                ti_sysbios_knl_Mailbox_Object__get(void) static
 .text.ti_sysbios_knl_Queue_Object__get__S
                0x00000f18        0x8 ../../closure/configPkg/package/cfg/energia_pm3g.om3g
                0x00000f18                ti_sysbios_knl_Queue_Object__get(void) static
 .text.ti_sysbios_knl_Queue_construct
                0x00000f20       0x2c ../../closure/configPkg/package/cfg/energia_pm3g.om3g
                0x00000f20                ti_sysbios_knl_Queue_construct
 .text.ti_sysbios_knl_Queue_destruct
                0x00000f4c       0x20 ../../closure/configPkg/package/cfg/energia_pm3g.om3g
                0x00000f4c                ti_sysbios_knl_Queue_destruct
 .text.ti_sysbios_knl_Semaphore_Params__init__S
                0x00000f6c       0x18 ../../closure/configPkg/package/cfg/energia_pm3g.om3g
                0x00000f6c                ti_sysbios_knl_Semaphore_Params__init(void) static
 .text.ti_sysbios_knl_Semaphore_construct
                0x00000f84       0x30 ../../closure/configPkg/package/cfg/energia_pm3g.om3g
                0x00000f84                ti_sysbios_knl_Semaphore_construct
 .text.ti_sysbios_knl_Semaphore_destruct
                0x00000fb4       0x24 ../../closure/configPkg/package/cfg/energia_pm3g.om3g
                0x00000fb4                ti_sysbios_knl_Semaphore_destruct
 .text.ti_sysbios_knl_Swi_Params__init__S
                0x00000fd8       0x18 ../../closure/configPkg/package/cfg/energia_pm3g.om3g
                0x00000fd8                ti_sysbios_knl_Swi_Params__init(void) static
 .text.ti_sysbios_knl_Swi_Object__get__S
                0x00000ff0       0x1c ../../closure/configPkg/package/cfg/energia_pm3g.om3g
                0x00000ff0                ti_sysbios_knl_Swi_Object__get(void) static
 .text.ti_sysbios_knl_Swi_construct
                0x0000100c       0x50 ../../closure/configPkg/package/cfg/energia_pm3g.om3g
                0x0000100c                ti_sysbios_knl_Swi_construct
 .text.ti_sysbios_knl_Task_Params__init__S
                0x0000105c       0x18 ../../closure/configPkg/package/cfg/energia_pm3g.om3g
                0x0000105c                ti_sysbios_knl_Task_Params__init(void) static
 .text.ti_sysbios_knl_Task_Object__get__S
                0x00001074       0x18 ../../closure/configPkg/package/cfg/energia_pm3g.om3g
                0x00001074                ti_sysbios_knl_Task_Object__get(void) static
 .text.ti_sysbios_knl_Task_create
                0x0000108c       0x54 ../../closure/configPkg/package/cfg/energia_pm3g.om3g
                0x0000108c                ti_sysbios_knl_Task_create
 .text._ZN6StringD2Ev
                0x000010e0        0xe ../../closure/ti/runtime/wiring/cc13xx/lib/wiring_cc13xx.m3g.lib(WString.om3g)
                0x000010e0                String::~String()
                0x000010e0                String::~String()
 .text._ZN6String10invalidateEv
                0x000010ee       0x16 ../../closure/ti/runtime/wiring/cc13xx/lib/wiring_cc13xx.m3g.lib(WString.om3g)
                0x000010ee                String::invalidate()
 .text._ZN6String12changeBufferEj
                0x00001104       0x18 ../../closure/ti/runtime/wiring/cc13xx/lib/wiring_cc13xx.m3g.lib(WString.om3g)
                0x00001104                String::changeBuffer(unsigned int)
 .text._ZN6String7reserveEj
                0x0000111c       0x22 ../../closure/ti/runtime/wiring/cc13xx/lib/wiring_cc13xx.m3g.lib(WString.om3g)
                0x0000111c                String::reserve(unsigned int)
 .text._ZN6String4copyEPKcj
                0x0000113e       0x26 ../../closure/ti/runtime/wiring/cc13xx/lib/wiring_cc13xx.m3g.lib(WString.om3g)
                0x0000113e                String::copy(char const*, unsigned int)
 .text._ZN6StringC2EPKc
                0x00001164       0x24 ../../closure/ti/runtime/wiring/cc13xx/lib/wiring_cc13xx.m3g.lib(WString.om3g)
                0x00001164                String::String(char const*)
                0x00001164                String::String(char const*)
 .text._ZN6StringaSERKS_
                0x00001188       0x1e ../../closure/ti/runtime/wiring/cc13xx/lib/wiring_cc13xx.m3g.lib(WString.om3g)
                0x00001188                String::operator=(String const&)
 .text._ZN6StringC2ERKS_
                0x000011a6       0x14 ../../closure/ti/runtime/wiring/cc13xx/lib/wiring_cc13xx.m3g.lib(WString.om3g)
                0x000011a6                String::String(String const&)
                0x000011a6                String::String(String const&)
 .text._ZN6String6concatEPKcj
                0x000011ba       0x2e ../../closure/ti/runtime/wiring/cc13xx/lib/wiring_cc13xx.m3g.lib(WString.om3g)
                0x000011ba                String::concat(char const*, unsigned int)
 .text._ZN6String6concatEc
                0x000011e8       0x1a ../../closure/ti/runtime/wiring/cc13xx/lib/wiring_cc13xx.m3g.lib(WString.om3g)
                0x000011e8                String::concat(char)
 .text._ZN6String6concatEi
                0x00001202       0x22 ../../closure/ti/runtime/wiring/cc13xx/lib/wiring_cc13xx.m3g.lib(WString.om3g)
                0x00001202                String::concat(int)
 .text._ZplRK15StringSumHelperPKc
                0x00001224       0x24 ../../closure/ti/runtime/wiring/cc13xx/lib/wiring_cc13xx.m3g.lib(WString.om3g)
                0x00001224                operator+(StringSumHelper const&, char const*)
 .text._ZplRK15StringSumHelperc
                0x00001248       0x14 ../../closure/ti/runtime/wiring/cc13xx/lib/wiring_cc13xx.m3g.lib(WString.om3g)
                0x00001248                operator+(StringSumHelper const&, char)
 .text._ZplRK15StringSumHelperi
                0x0000125c       0x14 ../../closure/ti/runtime/wiring/cc13xx/lib/wiring_cc13xx.m3g.lib(WString.om3g)
                0x0000125c                operator+(StringSumHelper const&, int)
 .text.delay    0x00001270       0x2c ../../closure/ti/runtime/wiring/cc13xx/lib/wiring_cc13xx.m3g.lib(wiring.om3g)
                0x00001270                delay
 .text.ltoa     0x0000129c       0x6e ../../closure/ti/runtime/wiring/cc13xx/lib/wiring_cc13xx.m3g.lib(itoa.om3g)
                0x0000129c                ltoa
 .text.itoa     0x0000130a        0x4 ../../closure/ti/runtime/wiring/cc13xx/lib/wiring_cc13xx.m3g.lib(itoa.om3g)
                0x0000130a                itoa
 *fill*         0x0000130e        0x2 
 .text.mode2gpioConfig
                0x00001310       0x44 ../../closure/ti/runtime/wiring/cc13xx/lib/wiring_cc13xx.m3g.lib(wiring_digital.om3g)
                0x00001310                mode2gpioConfig
 .text.pinMode  0x00001354       0x3c ../../closure/ti/runtime/wiring/cc13xx/lib/wiring_cc13xx.m3g.lib(wiring_digital.om3g)
                0x00001354                pinMode
 .text.digitalWrite
                0x00001390       0x28 ../../closure/ti/runtime/wiring/cc13xx/lib/wiring_cc13xx.m3g.lib(wiring_digital.om3g)
                0x00001390                digitalWrite
 .text.stopAnalogWrite
                0x000013b8       0x30 ../../closure/ti/runtime/wiring/cc13xx/lib/wiring_cc13xx.m3g.lib(wiring_analog.om3g)
                0x000013b8                stopAnalogWrite
 .text.stopAnalogRead
                0x000013e8       0x2c ../../closure/ti/runtime/wiring/cc13xx/lib/wiring_cc13xx.m3g.lib(wiring_analog.om3g)
                0x000013e8                stopAnalogRead
 .text.Board_initPIN
                0x00001414        0xc ../../closure/ti/runtime/wiring/cc13xx/variants/LAUNCHXL_CC1310/lib/board.m3g.lib(Board_init.om3g)
                0x00001414                Board_initPIN
 .text.Board_init
                0x00001420       0x16 ../../closure/ti/runtime/wiring/cc13xx/variants/LAUNCHXL_CC1310/lib/board.m3g.lib(Board_init.om3g)
                0x00001420                Board_init
 *fill*         0x00001436        0x2 
 .text.PWM_close
                0x00001438        0xc ../../closure/ti/drivers/lib/drivers_cc13xxware.am3g(PWM.om3g)
                0x00001438                PWM_close
 .text.PWM_init
                0x00001444       0x40 ../../closure/ti/drivers/lib/drivers_cc13xxware.am3g(PWM.om3g)
                0x00001444                PWM_init
 .text.GPIO_hwiIntFxn
                0x00001484       0x20 ../../closure/ti/drivers/lib/drivers_cc13xxware.am3g(GPIOCC26XX.om3g)
                0x00001484                GPIO_hwiIntFxn
 .text.GPIO_enableInt
                0x000014a4       0x40 ../../closure/ti/drivers/lib/drivers_cc13xxware.am3g(GPIOCC26XX.om3g)
                0x000014a4                GPIO_enableInt
 .text.GPIO_setConfig
                0x000014e4      0x104 ../../closure/ti/drivers/lib/drivers_cc13xxware.am3g(GPIOCC26XX.om3g)
                0x000014e4                GPIO_setConfig
 .text.GPIO_init
                0x000015e8       0xa0 ../../closure/ti/drivers/lib/drivers_cc13xxware.am3g(GPIOCC26XX.om3g)
                0x000015e8                GPIO_init
 .text.powerPostNotify
                0x00001688       0x54 ../../closure/ti/drivers/lib/drivers_cc13xxware.am3g(GPIOCC26XX.om3g)
 .text.GPIO_write
                0x000016dc       0x58 ../../closure/ti/drivers/lib/drivers_cc13xxware.am3g(GPIOCC26XX.om3g)
                0x000016dc                GPIO_write
 .text.PIN_swi  0x00001734       0x48 ../../closure/ti/drivers/lib/drivers_cc13xxware.am3g(PINCC26XX.om3g)
 .text.PIN_hwi  0x0000177c       0x1c ../../closure/ti/drivers/lib/drivers_cc13xxware.am3g(PINCC26XX.om3g)
 .text.PINCC26XX_setIoCfg
                0x00001798       0xc4 ../../closure/ti/drivers/lib/drivers_cc13xxware.am3g(PINCC26XX.om3g)
 .text.PIN_init
                0x0000185c      0x22c ../../closure/ti/drivers/lib/drivers_cc13xxware.am3g(PINCC26XX.om3g)
                0x0000185c                PIN_init
 .text.PIN_remove
                0x00001a88       0x6c ../../closure/ti/drivers/lib/drivers_cc13xxware.am3g(PINCC26XX.om3g)
                0x00001a88                PIN_remove
 .text.PIN_close
                0x00001af4       0x20 ../../closure/ti/drivers/lib/drivers_cc13xxware.am3g(PINCC26XX.om3g)
                0x00001af4                PIN_close
 .text.PIN_registerIntCb
                0x00001b14        0xc ../../closure/ti/drivers/lib/drivers_cc13xxware.am3g(PINCC26XX.om3g)
                0x00001b14                PIN_registerIntCb
 .text.PIN_setConfig
                0x00001b20       0x30 ../../closure/ti/drivers/lib/drivers_cc13xxware.am3g(PINCC26XX.om3g)
                0x00001b20                PIN_setConfig
 .text.PIN_open
                0x00001b50       0xbc ../../closure/ti/drivers/lib/drivers_cc13xxware.am3g(PINCC26XX.om3g)
                0x00001b50                PIN_open
 .text.PIN_add  0x00001c0c       0x60 ../../closure/ti/drivers/lib/drivers_cc13xxware.am3g(PINCC26XX.om3g)
                0x00001c0c                PIN_add
 .text.PINCC26XX_setMux
                0x00001c6c       0x40 ../../closure/ti/drivers/lib/drivers_cc13xxware.am3g(PINCC26XX.om3g)
                0x00001c6c                PINCC26XX_setMux
 .text.emptyClockFunc
                0x00001cac        0x4 ../../closure/ti/drivers/lib/drivers_cc13xxware.am3g(PowerCC26XX.om3g)
 .text.nopResourceHandler
                0x00001cb0        0x4 ../../closure/ti/drivers/lib/drivers_cc13xxware.am3g(PowerCC26XX.om3g)
 .text.configureRFCoreClocks
                0x00001cb4       0x18 ../../closure/ti/drivers/lib/drivers_cc13xxware.am3g(PowerCC26XX.om3g)
 .text.notify   0x00001ccc       0x44 ../../closure/ti/drivers/lib/drivers_cc13xxware.am3g(PowerCC26XX.om3g)
 .text.switchXOSCHFclockFunc
                0x00001d10       0x98 ../../closure/ti/drivers/lib/drivers_cc13xxware.am3g(PowerCC26XX.om3g)
 .text.configureXOSCHF.part.0
                0x00001da8       0x44 ../../closure/ti/drivers/lib/drivers_cc13xxware.am3g(PowerCC26XX.om3g)
 .text.configureXOSCHF
                0x00001dec       0x20 ../../closure/ti/drivers/lib/drivers_cc13xxware.am3g(PowerCC26XX.om3g)
 .text.Power_getConstraintMask
                0x00001e0c        0xc ../../closure/ti/drivers/lib/drivers_cc13xxware.am3g(PowerCC26XX.om3g)
                0x00001e0c                Power_getConstraintMask
 .text.Power_getTransitionLatency
                0x00001e18       0x1c ../../closure/ti/drivers/lib/drivers_cc13xxware.am3g(PowerCC26XX.om3g)
                0x00001e18                Power_getTransitionLatency
 .text.Power_idleFunc
                0x00001e34       0x1c ../../closure/ti/drivers/lib/drivers_cc13xxware.am3g(PowerCC26XX.om3g)
                0x00001e34                Power_idleFunc
 .text.Power_registerNotify
                0x00001e50       0x20 ../../closure/ti/drivers/lib/drivers_cc13xxware.am3g(PowerCC26XX.om3g)
                0x00001e50                Power_registerNotify
 .text.Power_releaseConstraint
                0x00001e70       0x34 ../../closure/ti/drivers/lib/drivers_cc13xxware.am3g(PowerCC26XX.om3g)
                0x00001e70                Power_releaseConstraint
 .text.disableLFClockQualifiers
                0x00001ea4       0x88 ../../closure/ti/drivers/lib/drivers_cc13xxware.am3g(PowerCC26XX.om3g)
 .text.Power_releaseDependency
                0x00001f2c       0xc0 ../../closure/ti/drivers/lib/drivers_cc13xxware.am3g(PowerCC26XX.om3g)
                0x00001f2c                Power_releaseDependency
 .text.Power_setConstraint
                0x00001fec       0x2c ../../closure/ti/drivers/lib/drivers_cc13xxware.am3g(PowerCC26XX.om3g)
                0x00001fec                Power_setConstraint
 .text.Power_init
                0x00002018      0x128 ../../closure/ti/drivers/lib/drivers_cc13xxware.am3g(PowerCC26XX.om3g)
                0x00002018                Power_init
 .text.Power_setDependency
                0x00002140       0xc4 ../../closure/ti/drivers/lib/drivers_cc13xxware.am3g(PowerCC26XX.om3g)
                0x00002140                Power_setDependency
 .text.Power_sleep
                0x00002204      0x24c ../../closure/ti/drivers/lib/drivers_cc13xxware.am3g(PowerCC26XX.om3g)
                0x00002204                Power_sleep
 .text.PowerCC26XX_calibrate
                0x00002450       0x70 ../../closure/ti/drivers/lib/drivers_cc13xxware.am3g(PowerCC26XX.om3g)
                0x00002450                PowerCC26XX_calibrate
 .text.PowerCC26XX_initiateCalibration
                0x000024c0       0x70 ../../closure/ti/drivers/lib/drivers_cc13xxware.am3g(PowerCC26XX_calibrateRCOSC.om3g)
                0x000024c0                PowerCC26XX_initiateCalibration
 .text.PowerCC26XX_doCalibrate
                0x00002530      0x1e8 ../../closure/ti/drivers/lib/drivers_cc13xxware.am3g(PowerCC26XX_calibrateRCOSC.om3g)
                0x00002530                PowerCC26XX_doCalibrate
 .text.PowerCC26XX_auxISR
                0x00002718      0x344 ../../closure/ti/drivers/lib/drivers_cc13xxware.am3g(PowerCC26XX_calibrateRCOSC.om3g)
                0x00002718                PowerCC26XX_auxISR
 .text.PowerCC26XX_RCOSC_clockFunc
                0x00002a5c       0x60 ../../closure/ti/drivers/lib/drivers_cc13xxware.am3g(PowerCC26XX_calibrateRCOSC.om3g)
                0x00002a5c                PowerCC26XX_RCOSC_clockFunc
 .text.PWMTimerCC26XX_getPeriodCounts
                0x00002abc        0xc ../../closure/ti/drivers/lib/drivers_cc13xxware.am3g(PWMTimerCC26XX.om3g)
                0x00002abc                PWMTimerCC26XX_getPeriodCounts
 .text.PWMTimerCC26XX_getPeriodMicroSecs
                0x00002ac8        0x8 ../../closure/ti/drivers/lib/drivers_cc13xxware.am3g(PWMTimerCC26XX.om3g)
                0x00002ac8                PWMTimerCC26XX_getPeriodMicroSecs
 .text.PWMTimerCC26XX_init
                0x00002ad0        0x8 ../../closure/ti/drivers/lib/drivers_cc13xxware.am3g(PWMTimerCC26XX.om3g)
                0x00002ad0                PWMTimerCC26XX_init
 .text.PWMTimerCC26XX_control
                0x00002ad8       0x84 ../../closure/ti/drivers/lib/drivers_cc13xxware.am3g(PWMTimerCC26XX.om3g)
                0x00002ad8                PWMTimerCC26XX_control
 .text.PWMTimerCC26XX_setDuty
                0x00002b5c       0xfc ../../closure/ti/drivers/lib/drivers_cc13xxware.am3g(PWMTimerCC26XX.om3g)
                0x00002b5c                PWMTimerCC26XX_setDuty
 .text.PWMTimerCC26XX_close
                0x00002c58       0x70 ../../closure/ti/drivers/lib/drivers_cc13xxware.am3g(PWMTimerCC26XX.om3g)
                0x00002c58                PWMTimerCC26XX_close
 .text.PWMTimerCC26XX_open
                0x00002cc8      0x1d0 ../../closure/ti/drivers/lib/drivers_cc13xxware.am3g(PWMTimerCC26XX.om3g)
                0x00002cc8                PWMTimerCC26XX_open
 .text.List_empty
                0x00002e98        0xc ../../closure/ti/drivers/lib/drivers_cc13xxware.am3g(List.om3g)
                0x00002e98                List_empty
 .text.List_head
                0x00002ea4        0x4 ../../closure/ti/drivers/lib/drivers_cc13xxware.am3g(List.om3g)
                0x00002ea4                List_head
 .text.List_next
                0x00002ea8        0x4 ../../closure/ti/drivers/lib/drivers_cc13xxware.am3g(List.om3g)
                0x00002ea8                List_next
 .text.List_put
                0x00002eac       0x2c ../../closure/ti/drivers/lib/drivers_cc13xxware.am3g(List.om3g)
                0x00002eac                List_put
 .text.PowerCC26XX_standbyPolicy
                0x00002ed8       0xc0 ../../closure/ti/drivers/lib/power_cc13xx_tirtos.am3g(PowerCC26XX_tirtos.om3g)
                0x00002ed8                PowerCC26XX_standbyPolicy
 .text.ti_sysbios_family_arm_lm4_Timer_enableCC26xx__I
                0x00002f98       0x44 ../../closure/ti/drivers/lib/power_cc13xx_tirtos.am3g(PowerCC26XX_tirtos.om3g)
                0x00002f98                ti_sysbios_family_arm_lm4_Timer_enableCC26xx(int0_t)
 .text.HwiP_disable
                0x00002fdc        0x4 ../../closure/ti/drivers/ports/lib/tirtosport.am3g(HwiP_tirtos.om3g)
                0x00002fdc                HwiP_disable
 .text.HwiP_restore
                0x00002fe0        0x4 ../../closure/ti/drivers/ports/lib/tirtosport.am3g(HwiP_tirtos.om3g)
                0x00002fe0                HwiP_restore
 .text.ti_sysbios_BIOS_setThreadType__E
                0x00002fe4       0x10 ../../closure/src/sysbios/sysbios.am3g(_BIOS.o)
                0x00002fe4                ti_sysbios_BIOS_setThreadType__E
 .text.ti_sysbios_BIOS_getCpuFreq__E
                0x00002ff4       0x10 ../../closure/src/sysbios/sysbios.am3g(_BIOS.o)
                0x00002ff4                ti_sysbios_BIOS_getCpuFreq__E
 .text.ti_sysbios_BIOS_start__E
                0x00003004       0x10 ../../closure/src/sysbios/sysbios.am3g(_BIOS.o)
                0x00003004                ti_sysbios_BIOS_start__E
 .text.ti_sysbios_BIOS_exit__E
                0x00003014       0x10 ../../closure/src/sysbios/sysbios.am3g(_BIOS.o)
                0x00003014                ti_sysbios_BIOS_exit__E
 .text.ti_sysbios_knl_Clock_Module_startup__E
                0x00003024       0x1c ../../closure/src/sysbios/sysbios.am3g(knl_Clock.o)
                0x00003024                ti_sysbios_knl_Clock_Module_startup__E
 .text.ti_sysbios_knl_Clock_getTicks__E
                0x00003040       0x20 ../../closure/src/sysbios/sysbios.am3g(knl_Clock.o)
                0x00003040                ti_sysbios_knl_Clock_getTicks__E
 .text.ti_sysbios_knl_Clock_getTicksUntilInterrupt__E
                0x00003060       0x2c ../../closure/src/sysbios/sysbios.am3g(knl_Clock.o)
                0x00003060                ti_sysbios_knl_Clock_getTicksUntilInterrupt__E
 .text.ti_sysbios_knl_Clock_getTimerHandle__E
                0x0000308c        0xc ../../closure/src/sysbios/sysbios.am3g(knl_Clock.o)
                0x0000308c                ti_sysbios_knl_Clock_getTimerHandle__E
 .text.ti_sysbios_knl_Clock_scheduleNextTick__E
                0x00003098       0x1c ../../closure/src/sysbios/sysbios.am3g(knl_Clock.o)
                0x00003098                ti_sysbios_knl_Clock_scheduleNextTick__E
 .text.ti_sysbios_knl_Clock_walkQueueDynamic__E
                0x000030b4       0x74 ../../closure/src/sysbios/sysbios.am3g(knl_Clock.o)
                0x000030b4                ti_sysbios_knl_Clock_walkQueueDynamic__E
 .text.ti_sysbios_knl_Clock_workFuncDynamic__E
                0x00003128       0x9c ../../closure/src/sysbios/sysbios.am3g(knl_Clock.o)
                0x00003128                ti_sysbios_knl_Clock_workFuncDynamic__E
 .text.ti_sysbios_knl_Clock_addI__E
                0x000031c4       0x2c ../../closure/src/sysbios/sysbios.am3g(knl_Clock.o)
                0x000031c4                ti_sysbios_knl_Clock_addI__E
 .text.ti_sysbios_knl_Clock_removeI__E
                0x000031f0        0x4 ../../closure/src/sysbios/sysbios.am3g(knl_Clock.o)
                0x000031f0                ti_sysbios_knl_Clock_removeI__E
 .text.ti_sysbios_knl_Clock_startI__E
                0x000031f4       0x68 ../../closure/src/sysbios/sysbios.am3g(knl_Clock.o)
                0x000031f4                ti_sysbios_knl_Clock_startI__E
 .text.ti_sysbios_knl_Clock_start__E
                0x0000325c       0x16 ../../closure/src/sysbios/sysbios.am3g(knl_Clock.o)
                0x0000325c                ti_sysbios_knl_Clock_start__E
 *fill*         0x00003272        0x2 
 .text.ti_sysbios_knl_Clock_Instance_init__E
                0x00003274       0x3c ../../closure/src/sysbios/sysbios.am3g(knl_Clock.o)
                0x00003274                ti_sysbios_knl_Clock_Instance_init__E
 .text.ti_sysbios_knl_Clock_stop__E
                0x000032b0       0x20 ../../closure/src/sysbios/sysbios.am3g(knl_Clock.o)
                0x000032b0                ti_sysbios_knl_Clock_stop__E
 .text.ti_sysbios_knl_Clock_setTimeout__E
                0x000032d0        0x4 ../../closure/src/sysbios/sysbios.am3g(knl_Clock.o)
                0x000032d0                ti_sysbios_knl_Clock_setTimeout__E
 .text.ti_sysbios_knl_Clock_logTick__E
                0x000032d4        0x2 ../../closure/src/sysbios/sysbios.am3g(knl_Clock.o)
                0x000032d4                ti_sysbios_knl_Clock_logTick__E
 .text.ti_sysbios_knl_Clock_triggerFunc__I
                0x000032d6        0x2 ../../closure/src/sysbios/sysbios.am3g(knl_Clock.o)
                0x000032d6                ti_sysbios_knl_Clock_triggerFunc(int0_t)
 .text.ti_sysbios_knl_Idle_run__E
                0x000032d8       0x20 ../../closure/src/sysbios/sysbios.am3g(knl_Idle.o)
                0x000032d8                ti_sysbios_knl_Idle_run__E
 .text.ti_sysbios_knl_Idle_loop__E
                0x000032f8        0x8 ../../closure/src/sysbios/sysbios.am3g(knl_Idle.o)
                0x000032f8                ti_sysbios_knl_Idle_loop__E
 .text.ti_sysbios_knl_Mailbox_postInit__I
                0x00003300       0x34 ../../closure/src/sysbios/sysbios.am3g(knl_Mailbox.o)
                0x00003300                ti_sysbios_knl_Mailbox_postInit(int0_t)
 .text.ti_sysbios_knl_Mailbox_Module_startup__E
                0x00003334       0x40 ../../closure/src/sysbios/sysbios.am3g(knl_Mailbox.o)
                0x00003334                ti_sysbios_knl_Mailbox_Module_startup__E
 .text.ti_sysbios_knl_Queue_Instance_init__E
                0x00003374        0x6 ../../closure/src/sysbios/sysbios.am3g(knl_Queue.o)
                0x00003374                ti_sysbios_knl_Queue_Instance_init__E
 .text.ti_sysbios_knl_Queue_dequeue__E
                0x0000337a        0xc ../../closure/src/sysbios/sysbios.am3g(knl_Queue.o)
                0x0000337a                ti_sysbios_knl_Queue_dequeue__E
 .text.ti_sysbios_knl_Queue_empty__E
                0x00003386        0xa ../../closure/src/sysbios/sysbios.am3g(knl_Queue.o)
                0x00003386                ti_sysbios_knl_Queue_empty__E
 .text.ti_sysbios_knl_Queue_enqueue__E
                0x00003390        0xc ../../closure/src/sysbios/sysbios.am3g(knl_Queue.o)
                0x00003390                ti_sysbios_knl_Queue_enqueue__E
 .text.ti_sysbios_knl_Queue_head__E
                0x0000339c        0x4 ../../closure/src/sysbios/sysbios.am3g(knl_Queue.o)
                0x0000339c                ti_sysbios_knl_Queue_head__E
 .text.ti_sysbios_knl_Queue_elemClear__E
                0x000033a0        0x6 ../../closure/src/sysbios/sysbios.am3g(knl_Queue.o)
                0x000033a0                ti_sysbios_knl_Queue_elemClear__E
 .text.ti_sysbios_knl_Queue_insert__E
                0x000033a6        0xc ../../closure/src/sysbios/sysbios.am3g(knl_Queue.o)
                0x000033a6                ti_sysbios_knl_Queue_insert__E
 .text.ti_sysbios_knl_Queue_next__E
                0x000033b2        0x4 ../../closure/src/sysbios/sysbios.am3g(knl_Queue.o)
                0x000033b2                ti_sysbios_knl_Queue_next__E
 .text.ti_sysbios_knl_Queue_put__E
                0x000033b6       0x1c ../../closure/src/sysbios/sysbios.am3g(knl_Queue.o)
                0x000033b6                ti_sysbios_knl_Queue_put__E
 .text.ti_sysbios_knl_Queue_remove__E
                0x000033d2        0xe ../../closure/src/sysbios/sysbios.am3g(knl_Queue.o)
                0x000033d2                ti_sysbios_knl_Queue_remove__E
 .text.ti_sysbios_knl_Semaphore_pendTimeout__I
                0x000033e0       0x2a ../../closure/src/sysbios/sysbios.am3g(knl_Semaphore.o)
                0x000033e0                ti_sysbios_knl_Semaphore_pendTimeout(int0_t)
 *fill*         0x0000340a        0x2 
 .text.ti_sysbios_knl_Semaphore_Instance_init__E
                0x0000340c       0x28 ../../closure/src/sysbios/sysbios.am3g(knl_Semaphore.o)
                0x0000340c                ti_sysbios_knl_Semaphore_Instance_init__E
 .text.ti_sysbios_knl_Semaphore_Instance_finalize__E
                0x00003434       0x10 ../../closure/src/sysbios/sysbios.am3g(knl_Semaphore.o)
                0x00003434                ti_sysbios_knl_Semaphore_Instance_finalize__E
 .text.ti_sysbios_knl_Semaphore_pend__E
                0x00003444      0x100 ../../closure/src/sysbios/sysbios.am3g(knl_Semaphore.o)
                0x00003444                ti_sysbios_knl_Semaphore_pend__E
 .text.ti_sysbios_knl_Semaphore_post__E
                0x00003544       0x68 ../../closure/src/sysbios/sysbios.am3g(knl_Semaphore.o)
                0x00003544                ti_sysbios_knl_Semaphore_post__E
 .text.ti_sysbios_knl_Swi_run__I
                0x000035ac       0x68 ../../closure/src/sysbios/sysbios.am3g(knl_Swi.o)
                0x000035ac                ti_sysbios_knl_Swi_run(int0_t)
 .text.ti_sysbios_knl_Swi_runLoop__I
                0x00003614       0x58 ../../closure/src/sysbios/sysbios.am3g(knl_Swi.o)
                0x00003614                ti_sysbios_knl_Swi_runLoop(int0_t)
 .text.ti_sysbios_knl_Swi_schedule__I
                0x0000366c       0x58 ../../closure/src/sysbios/sysbios.am3g(knl_Swi.o)
                0x0000366c                ti_sysbios_knl_Swi_schedule(int0_t)
 .text.ti_sysbios_knl_Swi_restore__E.part.0
                0x000036c4       0x34 ../../closure/src/sysbios/sysbios.am3g(knl_Swi.o)
 .text.ti_sysbios_knl_Swi_Module_startup__E
                0x000036f8       0x24 ../../closure/src/sysbios/sysbios.am3g(knl_Swi.o)
                0x000036f8                ti_sysbios_knl_Swi_Module_startup__E
 .text.ti_sysbios_knl_Swi_startup__E
                0x0000371c        0x4 ../../closure/src/sysbios/sysbios.am3g(knl_Swi.o)
                0x0000371c                ti_sysbios_knl_Swi_startup__E
 .text.ti_sysbios_knl_Swi_enabled__E
                0x00003720       0x14 ../../closure/src/sysbios/sysbios.am3g(knl_Swi.o)
                0x00003720                ti_sysbios_knl_Swi_enabled__E
 .text.ti_sysbios_knl_Swi_disable__E
                0x00003734       0x14 ../../closure/src/sysbios/sysbios.am3g(knl_Swi.o)
                0x00003734                ti_sysbios_knl_Swi_disable__E
 .text.ti_sysbios_knl_Swi_restore__E
                0x00003748        0x8 ../../closure/src/sysbios/sysbios.am3g(knl_Swi.o)
                0x00003748                ti_sysbios_knl_Swi_restore__E
 .text.ti_sysbios_knl_Swi_restoreHwi__E
                0x00003750       0x78 ../../closure/src/sysbios/sysbios.am3g(knl_Swi.o)
                0x00003750                ti_sysbios_knl_Swi_restoreHwi__E
 .text.ti_sysbios_knl_Swi_getTrigger__E
                0x000037c8        0xc ../../closure/src/sysbios/sysbios.am3g(knl_Swi.o)
                0x000037c8                ti_sysbios_knl_Swi_getTrigger__E
 .text.ti_sysbios_knl_Swi_Instance_init__E
                0x000037d4       0x54 ../../closure/src/sysbios/sysbios.am3g(knl_Swi.o)
                0x000037d4                ti_sysbios_knl_Swi_Instance_init__E
 .text.ti_sysbios_knl_Swi_Instance_finalize__E
                0x00003828        0x2 ../../closure/src/sysbios/sysbios.am3g(knl_Swi.o)
                0x00003828                ti_sysbios_knl_Swi_Instance_finalize__E
 *fill*         0x0000382a        0x2 
 .text.ti_sysbios_knl_Swi_post__E
                0x0000382c       0x4c ../../closure/src/sysbios/sysbios.am3g(knl_Swi.o)
                0x0000382c                ti_sysbios_knl_Swi_post__E
 .text.ti_sysbios_knl_Swi_or__E
                0x00003878       0x18 ../../closure/src/sysbios/sysbios.am3g(knl_Swi.o)
                0x00003878                ti_sysbios_knl_Swi_or__E
 .text.ti_sysbios_hal_Hwi_disable
                0x00003890        0xc ../../closure/src/sysbios/sysbios.am3g(knl_Task.o)
 .text.ti_sysbios_hal_Hwi_enable
                0x0000389c        0xe ../../closure/src/sysbios/sysbios.am3g(knl_Task.o)
 *fill*         0x000038aa        0x2 
 .text.ti_sysbios_knl_Task_disable__E
                0x000038ac       0x14 ../../closure/src/sysbios/sysbios.am3g(knl_Task.o)
                0x000038ac                ti_sysbios_knl_Task_disable__E
 .text.ti_sysbios_knl_Task_self__E
                0x000038c0        0xc ../../closure/src/sysbios/sysbios.am3g(knl_Task.o)
                0x000038c0                ti_sysbios_knl_Task_self__E
 .text.ti_sysbios_knl_Task_processVitalTaskFlag__I
                0x000038cc       0x30 ../../closure/src/sysbios/sysbios.am3g(knl_Task.o)
                0x000038cc                ti_sysbios_knl_Task_processVitalTaskFlag(int0_t)
 .text.ti_sysbios_knl_Task_getHookContext__E
                0x000038fc        0x8 ../../closure/src/sysbios/sysbios.am3g(knl_Task.o)
                0x000038fc                ti_sysbios_knl_Task_getHookContext__E
 .text.ti_sysbios_knl_Task_getPri__E
                0x00003904        0x4 ../../closure/src/sysbios/sysbios.am3g(knl_Task.o)
                0x00003904                ti_sysbios_knl_Task_getPri__E
 .text.ti_sysbios_knl_Task_blockI__E
                0x00003908       0x4c ../../closure/src/sysbios/sysbios.am3g(knl_Task.o)
                0x00003908                ti_sysbios_knl_Task_blockI__E
 .text.ti_sysbios_knl_Task_unblockI__E
                0x00003954       0x58 ../../closure/src/sysbios/sysbios.am3g(knl_Task.o)
                0x00003954                ti_sysbios_knl_Task_unblockI__E
 .text.ti_sysbios_knl_Task_sleepTimeout__I
                0x000039ac       0x1a ../../closure/src/sysbios/sysbios.am3g(knl_Task.o)
                0x000039ac                ti_sysbios_knl_Task_sleepTimeout(int0_t)
 .text.ti_sysbios_knl_Task_unblock__E
                0x000039c6       0x18 ../../closure/src/sysbios/sysbios.am3g(knl_Task.o)
                0x000039c6                ti_sysbios_knl_Task_unblock__E
 *fill*         0x000039de        0x2 
 .text.ti_sysbios_knl_Task_allBlockedFunction__I
                0x000039e0       0x3c ../../closure/src/sysbios/sysbios.am3g(knl_Task.o)
                0x000039e0                ti_sysbios_knl_Task_allBlockedFunction(int0_t)
 .text.ti_sysbios_knl_Task_schedule__I
                0x00003a1c       0x80 ../../closure/src/sysbios/sysbios.am3g(knl_Task.o)
                0x00003a1c                ti_sysbios_knl_Task_schedule(int0_t)
 .text.ti_sysbios_knl_Task_enter__I
                0x00003a9c       0x20 ../../closure/src/sysbios/sysbios.am3g(knl_Task.o)
                0x00003a9c                ti_sysbios_knl_Task_enter(int0_t)
 .text.ti_sysbios_knl_Task_restore__E.part.2
                0x00003abc       0x28 ../../closure/src/sysbios/sysbios.am3g(knl_Task.o)
 .text.ti_sysbios_knl_Task_restore__E
                0x00003ae4        0x8 ../../closure/src/sysbios/sysbios.am3g(knl_Task.o)
                0x00003ae4                ti_sysbios_knl_Task_restore__E
 .text.ti_sysbios_knl_Task_exit__E
                0x00003aec       0x64 ../../closure/src/sysbios/sysbios.am3g(knl_Task.o)
                0x00003aec                ti_sysbios_knl_Task_exit__E
 .text.ti_sysbios_knl_Task_sleep__E
                0x00003b50       0x78 ../../closure/src/sysbios/sysbios.am3g(knl_Task.o)
                0x00003b50                ti_sysbios_knl_Task_sleep__E
 .text.ti_sysbios_knl_Task_yield__E
                0x00003bc8       0x4c ../../closure/src/sysbios/sysbios.am3g(knl_Task.o)
                0x00003bc8                ti_sysbios_knl_Task_yield__E
 .text.ti_sysbios_knl_Task_postInit__I
                0x00003c14       0xc4 ../../closure/src/sysbios/sysbios.am3g(knl_Task.o)
                0x00003c14                ti_sysbios_knl_Task_postInit(int0_t)
 .text.ti_sysbios_knl_Task_Module_startup__E
                0x00003cd8       0x74 ../../closure/src/sysbios/sysbios.am3g(knl_Task.o)
                0x00003cd8                ti_sysbios_knl_Task_Module_startup__E
 .text.ti_sysbios_knl_Task_Instance_init__E
                0x00003d4c       0xe4 ../../closure/src/sysbios/sysbios.am3g(knl_Task.o)
                0x00003d4c                ti_sysbios_knl_Task_Instance_init__E
 .text.ti_sysbios_knl_Task_Instance_finalize__E
                0x00003e30       0xe8 ../../closure/src/sysbios/sysbios.am3g(knl_Task.o)
                0x00003e30                ti_sysbios_knl_Task_Instance_finalize__E
 .text.ti_sysbios_knl_Task_restoreHwi__E
                0x00003f18       0x20 ../../closure/src/sysbios/sysbios.am3g(knl_Task.o)
                0x00003f18                ti_sysbios_knl_Task_restoreHwi__E
 .text.ti_sysbios_knl_Task_startCore__E
                0x00003f38       0x78 ../../closure/src/sysbios/sysbios.am3g(knl_Task.o)
                0x00003f38                ti_sysbios_knl_Task_startCore__E
 .text.ti_sysbios_knl_Task_startup__E
                0x00003fb0        0x6 ../../closure/src/sysbios/sysbios.am3g(knl_Task.o)
                0x00003fb0                ti_sysbios_knl_Task_startup__E
 .text.ti_sysbios_hal_Hwi_Module_startup__E
                0x00003fb6       0x10 ../../closure/src/sysbios/sysbios.am3g(hal_Hwi.o)
                0x00003fb6                ti_sysbios_hal_Hwi_Module_startup__E
 .text.ti_sysbios_hal_Hwi_getStackInfo__E
                0x00003fc6        0x4 ../../closure/src/sysbios/sysbios.am3g(hal_Hwi.o)
                0x00003fc6                ti_sysbios_hal_Hwi_getStackInfo__E
 .text.ti_sysbios_hal_Hwi_switchFromBootStack__E
                0x00003fca        0x4 ../../closure/src/sysbios/sysbios.am3g(hal_Hwi.o)
                0x00003fca                ti_sysbios_hal_Hwi_switchFromBootStack__E
 .text.ti_sysbios_hal_Hwi_initStack
                0x00003fce       0x20 ../../closure/src/sysbios/sysbios.am3g(hal_Hwi_stack.o)
                0x00003fce                ti_sysbios_hal_Hwi_initStack
 .text.ti_sysbios_hal_Hwi_startup__E
                0x00003fee        0x4 ../../closure/src/sysbios/sysbios.am3g(hal_Hwi_startup.o)
                0x00003fee                ti_sysbios_hal_Hwi_startup__E
 .text.ti_sysbios_hal_Timer_Module_startup__E
                0x00003ff2       0x10 ../../closure/src/sysbios/sysbios.am3g(hal_Timer.o)
                0x00003ff2                ti_sysbios_hal_Timer_Module_startup__E
 .text.ti_sysbios_gates_GateHwi_Instance_init__E
                0x00004002        0x2 ../../closure/src/sysbios/sysbios.am3g(gates_GateHwi.o)
                0x00004002                ti_sysbios_gates_GateHwi_Instance_init__E
 .text.ti_sysbios_gates_GateHwi_enter__E
                0x00004004        0xc ../../closure/src/sysbios/sysbios.am3g(gates_GateHwi.o)
                0x00004004                ti_sysbios_gates_GateHwi_enter__E
 .text.ti_sysbios_gates_GateHwi_leave__E
                0x00004010        0x6 ../../closure/src/sysbios/sysbios.am3g(gates_GateHwi.o)
                0x00004010                ti_sysbios_gates_GateHwi_leave__E
 .text.ti_sysbios_gates_GateHwi_query__E
                0x00004016        0x4 ../../closure/src/sysbios/sysbios.am3g(gates_GateHwi.o)
                0x00004016                ti_sysbios_gates_GateHwi_query__E
 *fill*         0x0000401a        0x2 
 .text.ti_sysbios_gates_GateMutex_Instance_init__E
                0x0000401c       0x1c ../../closure/src/sysbios/sysbios.am3g(gates_GateMutex.o)
                0x0000401c                ti_sysbios_gates_GateMutex_Instance_init__E
 .text.ti_sysbios_gates_GateMutex_Instance_finalize__E
                0x00004038       0x10 ../../closure/src/sysbios/sysbios.am3g(gates_GateMutex.o)
                0x00004038                ti_sysbios_gates_GateMutex_Instance_finalize__E
 .text.ti_sysbios_gates_GateMutex_enter__E
                0x00004048       0x30 ../../closure/src/sysbios/sysbios.am3g(gates_GateMutex.o)
                0x00004048                ti_sysbios_gates_GateMutex_enter__E
 .text.ti_sysbios_gates_GateMutex_leave__E
                0x00004078       0x14 ../../closure/src/sysbios/sysbios.am3g(gates_GateMutex.o)
                0x00004078                ti_sysbios_gates_GateMutex_leave__E
 .text.ti_sysbios_gates_GateMutex_query__E
                0x0000408c        0x4 ../../closure/src/sysbios/sysbios.am3g(gates_GateMutex.o)
                0x0000408c                ti_sysbios_gates_GateMutex_query__E
 .text.ti_sysbios_family_arm_m3_Hwi_initNVIC__E
                0x00004090       0x80 ../../closure/src/sysbios/sysbios.am3g(m3_Hwi.o)
                0x00004090                ti_sysbios_family_arm_m3_Hwi_initNVIC__E
 .text.ti_sysbios_family_arm_m3_Hwi_startup__E
                0x00004110        0xe ../../closure/src/sysbios/sysbios.am3g(m3_Hwi.o)
                0x00004110                ti_sysbios_family_arm_m3_Hwi_startup__E
 .text.ti_sysbios_family_arm_m3_Hwi_disableFxn__E
                0x0000411e        0xc ../../closure/src/sysbios/sysbios.am3g(m3_Hwi.o)
                0x0000411e                ti_sysbios_family_arm_m3_Hwi_disableFxn__E
 .text.ti_sysbios_family_arm_m3_Hwi_restoreFxn__E
                0x0000412a        0x6 ../../closure/src/sysbios/sysbios.am3g(m3_Hwi.o)
                0x0000412a                ti_sysbios_family_arm_m3_Hwi_restoreFxn__E
 .text.ti_sysbios_family_arm_m3_Hwi_disableInterrupt__E
                0x00004130       0x48 ../../closure/src/sysbios/sysbios.am3g(m3_Hwi.o)
                0x00004130                ti_sysbios_family_arm_m3_Hwi_disableInterrupt__E
 .text.ti_sysbios_family_arm_m3_Hwi_enableInterrupt__E
                0x00004178       0x44 ../../closure/src/sysbios/sysbios.am3g(m3_Hwi.o)
                0x00004178                ti_sysbios_family_arm_m3_Hwi_enableInterrupt__E
 .text.ti_sysbios_family_arm_m3_Hwi_clearInterrupt__E
                0x000041bc       0x20 ../../closure/src/sysbios/sysbios.am3g(m3_Hwi.o)
                0x000041bc                ti_sysbios_family_arm_m3_Hwi_clearInterrupt__E
 .text.ti_sysbios_family_arm_m3_Hwi_plug__E
                0x000041dc       0x18 ../../closure/src/sysbios/sysbios.am3g(m3_Hwi.o)
                0x000041dc                ti_sysbios_family_arm_m3_Hwi_plug__E
 .text.ti_sysbios_family_arm_m3_Hwi_Instance_finalize__E
                0x000041f4       0x30 ../../closure/src/sysbios/sysbios.am3g(m3_Hwi.o)
                0x000041f4                ti_sysbios_family_arm_m3_Hwi_Instance_finalize__E
 .text.ti_sysbios_family_arm_m3_Hwi_switchFromBootStack__E
                0x00004224       0x1c ../../closure/src/sysbios/sysbios.am3g(m3_Hwi.o)
                0x00004224                ti_sysbios_family_arm_m3_Hwi_switchFromBootStack__E
 .text.ti_sysbios_family_arm_m3_Hwi_getStackInfo__E
                0x00004240       0x3c ../../closure/src/sysbios/sysbios.am3g(m3_Hwi.o)
                0x00004240                ti_sysbios_family_arm_m3_Hwi_getStackInfo__E
 .text.ti_sysbios_family_arm_m3_Hwi_setPriority__E
                0x0000427c       0x28 ../../closure/src/sysbios/sysbios.am3g(m3_Hwi.o)
                0x0000427c                ti_sysbios_family_arm_m3_Hwi_setPriority__E
 .text.ti_sysbios_family_arm_m3_Hwi_postInit__I
                0x000042a4       0x58 ../../closure/src/sysbios/sysbios.am3g(m3_Hwi.o)
                0x000042a4                ti_sysbios_family_arm_m3_Hwi_postInit(int0_t)
 .text.ti_sysbios_family_arm_m3_Hwi_Module_startup__E
                0x000042fc       0x54 ../../closure/src/sysbios/sysbios.am3g(m3_Hwi.o)
                0x000042fc                ti_sysbios_family_arm_m3_Hwi_Module_startup__E
 .text.ti_sysbios_family_arm_m3_Hwi_Instance_init__E
                0x00004350       0x8c ../../closure/src/sysbios/sysbios.am3g(m3_Hwi.o)
                0x00004350                ti_sysbios_family_arm_m3_Hwi_Instance_init__E
 .text.ti_sysbios_family_arm_m3_Hwi_excHandler__I
                0x000043dc       0x20 ../../closure/src/sysbios/sysbios.am3g(m3_Hwi.o)
                0x000043dc                ti_sysbios_family_arm_m3_Hwi_excHandler(int0_t)
 .text.ti_sysbios_family_arm_m3_Hwi_dispatchC__I
                0x000043fc       0x68 ../../closure/src/sysbios/sysbios.am3g(m3_Hwi.o)
                0x000043fc                ti_sysbios_family_arm_m3_Hwi_dispatchC(int0_t)
 .text.ti_sysbios_family_arm_m3_Hwi_doSwiRestore__I
                0x00004464        0x6 ../../closure/src/sysbios/sysbios.am3g(m3_Hwi.o)
                0x00004464                ti_sysbios_family_arm_m3_Hwi_doSwiRestore(int0_t)
 .text.ti_sysbios_family_arm_m3_Hwi_doTaskRestore__I
                0x0000446a        0x6 ../../closure/src/sysbios/sysbios.am3g(m3_Hwi.o)
                0x0000446a                ti_sysbios_family_arm_m3_Hwi_doTaskRestore(int0_t)
 .text.ti_sysbios_family_arm_m3_TaskSupport_start__E
                0x00004470       0x32 ../../closure/src/sysbios/sysbios.am3g(m3_TaskSupport.o)
                0x00004470                ti_sysbios_family_arm_m3_TaskSupport_start__E
 *fill*         0x000044a2        0x2 
 .text.ti_sysbios_family_arm_m3_TaskSupport_getStackAlignment__E
                0x000044a4        0xc ../../closure/src/sysbios/sysbios.am3g(m3_TaskSupport.o)
                0x000044a4                ti_sysbios_family_arm_m3_TaskSupport_getStackAlignment__E
 .text.ti_sysbios_family_arm_m3_Timer_periodicStub__I
                0x000044b0       0x38 ../../closure/src/sysbios/sysbios.am3g(m3_Timer.o)
                0x000044b0                ti_sysbios_family_arm_m3_Timer_periodicStub(int0_t)
 .text.ti_sysbios_family_arm_m3_Timer_getHandle__E
                0x000044e8        0xc ../../closure/src/sysbios/sysbios.am3g(m3_Timer.o)
                0x000044e8                ti_sysbios_family_arm_m3_Timer_getHandle__E
 .text.ti_sysbios_family_arm_m3_Timer_initDevice__I
                0x000044f4       0x34 ../../closure/src/sysbios/sysbios.am3g(m3_Timer.o)
                0x000044f4                ti_sysbios_family_arm_m3_Timer_initDevice(int0_t)
 .text.ti_sysbios_family_arm_m3_Timer_start__E
                0x00004528       0x40 ../../closure/src/sysbios/sysbios.am3g(m3_Timer.o)
                0x00004528                ti_sysbios_family_arm_m3_Timer_start__E
 .text.ti_sysbios_family_arm_m3_Timer_startup__E
                0x00004568       0x24 ../../closure/src/sysbios/sysbios.am3g(m3_Timer.o)
                0x00004568                ti_sysbios_family_arm_m3_Timer_startup__E
 .text.ti_sysbios_family_arm_m3_Timer_stop__E
                0x0000458c       0x18 ../../closure/src/sysbios/sysbios.am3g(m3_Timer.o)
                0x0000458c                ti_sysbios_family_arm_m3_Timer_stop__E
 .text.ti_sysbios_family_arm_m3_Timer_setPeriod__E
                0x000045a4       0x4c ../../closure/src/sysbios/sysbios.am3g(m3_Timer.o)
                0x000045a4                ti_sysbios_family_arm_m3_Timer_setPeriod__E
 .text.ti_sysbios_family_arm_m3_Timer_postInit__I
                0x000045f0       0x22 ../../closure/src/sysbios/sysbios.am3g(m3_Timer.o)
                0x000045f0                ti_sysbios_family_arm_m3_Timer_postInit(int0_t)
 *fill*         0x00004612        0x2 
 .text.ti_sysbios_family_arm_m3_Timer_Module_startup__E
                0x00004614       0x28 ../../closure/src/sysbios/sysbios.am3g(m3_Timer.o)
                0x00004614                ti_sysbios_family_arm_m3_Timer_Module_startup__E
 .text.ti_sysbios_family_arm_m3_TimestampProvider_Module_startup__E
                0x0000463c       0x20 ../../closure/src/sysbios/sysbios.am3g(m3_TimestampProvider.o)
                0x0000463c                ti_sysbios_family_arm_m3_TimestampProvider_Module_startup__E
 .text.ti_sysbios_family_arm_m3_TimestampProvider_startTimer__E
                0x0000465c        0xc ../../closure/src/sysbios/sysbios.am3g(m3_TimestampProvider.o)
                0x0000465c                ti_sysbios_family_arm_m3_TimestampProvider_startTimer__E
 .text.ti_sysbios_family_arm_m3_TimestampProvider_rolloverFunc__E
                0x00004668        0x2 ../../closure/src/sysbios/sysbios.am3g(m3_TimestampProvider.o)
                0x00004668                ti_sysbios_family_arm_m3_TimestampProvider_rolloverFunc__E
 .text.ti_sysbios_heaps_HeapMem_restore__E
                0x0000466a        0xe ../../closure/src/sysbios/sysbios.am3g(heaps_HeapMem.o)
                0x0000466a                ti_sysbios_heaps_HeapMem_restore__E
 .text.ti_sysbios_heaps_HeapMem_initPrimary__I
                0x00004678       0x5c ../../closure/src/sysbios/sysbios.am3g(heaps_HeapMem.o)
                0x00004678                ti_sysbios_heaps_HeapMem_initPrimary(int0_t)
 .text.ti_sysbios_heaps_HeapMem_Instance_init__E
                0x000046d4       0x44 ../../closure/src/sysbios/sysbios.am3g(heaps_HeapMem.o)
                0x000046d4                ti_sysbios_heaps_HeapMem_Instance_init__E
 .text.ti_sysbios_heaps_HeapMem_alloc__E
                0x00004718       0xc0 ../../closure/src/sysbios/sysbios.am3g(heaps_HeapMem.o)
                0x00004718                ti_sysbios_heaps_HeapMem_alloc__E
 .text.ti_sysbios_heaps_HeapMem_free__E
                0x000047d8       0x78 ../../closure/src/sysbios/sysbios.am3g(heaps_HeapMem.o)
                0x000047d8                ti_sysbios_heaps_HeapMem_free__E
 .text.ti_sysbios_heaps_HeapMem_isBlocking__E
                0x00004850        0x6 ../../closure/src/sysbios/sysbios.am3g(heaps_HeapMem.o)
                0x00004850                ti_sysbios_heaps_HeapMem_isBlocking__E
 *fill*         0x00004856        0x2 
 .text.ti_sysbios_heaps_HeapMem_getStats__E
                0x00004858       0x44 ../../closure/src/sysbios/sysbios.am3g(heaps_HeapMem.o)
                0x00004858                ti_sysbios_heaps_HeapMem_getStats__E
 .text.ti_sysbios_family_arm_lm4_Timer_masterDisable__I
                0x0000489c        0x8 ../../closure/src/sysbios/sysbios.am3g(lm4_Timer.o)
                0x0000489c                ti_sysbios_family_arm_lm4_Timer_masterDisable(int0_t)
 .text.ti_sysbios_family_arm_lm4_Timer_masterEnable__I
                0x000048a4        0x4 ../../closure/src/sysbios/sysbios.am3g(lm4_Timer.o)
                0x000048a4                ti_sysbios_family_arm_lm4_Timer_masterEnable(int0_t)
 .text.ti_sysbios_family_arm_lm4_Timer_write__I
                0x000048a8       0x24 ../../closure/src/sysbios/sysbios.am3g(lm4_Timer.o)
                0x000048a8                ti_sysbios_family_arm_lm4_Timer_write(int0_t)
 .text.ti_sysbios_family_arm_lm4_Timer_initDevice__I
                0x000048cc       0x40 ../../closure/src/sysbios/sysbios.am3g(lm4_Timer.o)
                0x000048cc                ti_sysbios_family_arm_lm4_Timer_initDevice(int0_t)
 .text.ti_sysbios_family_arm_lm4_Timer_enableTimers__I
                0x0000490c       0x38 ../../closure/src/sysbios/sysbios.am3g(lm4_Timer.o)
                0x0000490c                ti_sysbios_family_arm_lm4_Timer_enableTimers(int0_t)
 .text.ti_sysbios_family_arm_lm4_Timer_start__E
                0x00004944       0xfc ../../closure/src/sysbios/sysbios.am3g(lm4_Timer.o)
                0x00004944                ti_sysbios_family_arm_lm4_Timer_start__E
 .text.ti_sysbios_family_arm_lm4_Timer_startup__E
                0x00004a40       0x3c ../../closure/src/sysbios/sysbios.am3g(lm4_Timer.o)
                0x00004a40                ti_sysbios_family_arm_lm4_Timer_startup__E
 .text.ti_sysbios_family_arm_lm4_Timer_stop__E
                0x00004a7c       0x34 ../../closure/src/sysbios/sysbios.am3g(lm4_Timer.o)
                0x00004a7c                ti_sysbios_family_arm_lm4_Timer_stop__E
 .text.ti_sysbios_family_arm_lm4_Timer_postInit__I
                0x00004ab0       0x1e ../../closure/src/sysbios/sysbios.am3g(lm4_Timer.o)
                0x00004ab0                ti_sysbios_family_arm_lm4_Timer_postInit(int0_t)
 *fill*         0x00004ace        0x2 
 .text.ti_sysbios_family_arm_lm4_Timer_Module_startup__E
                0x00004ad0       0x3c ../../closure/src/sysbios/sysbios.am3g(lm4_Timer.o)
                0x00004ad0                ti_sysbios_family_arm_lm4_Timer_Module_startup__E
 .text.ti_sysbios_family_arm_lm4_Timer_getAvailMask__E
                0x00004b0c        0xc ../../closure/src/sysbios/sysbios.am3g(lm4_Timer.o)
                0x00004b0c                ti_sysbios_family_arm_lm4_Timer_getAvailMask__E
 .text.ti_sysbios_family_arm_lm4_Timer_setAvailMask__E
                0x00004b18       0x48 ../../closure/src/sysbios/sysbios.am3g(lm4_Timer.o)
                0x00004b18                ti_sysbios_family_arm_lm4_Timer_setAvailMask__E
 .text.ti_sysbios_family_arm_cc26xx_Boot_trimDevice
                0x00004b60        0x4 ../../closure/src/sysbios/sysbios.am3g(cc26xx_Boot.o)
                0x00004b60                ti_sysbios_family_arm_cc26xx_Boot_trimDevice
 .text.ti_sysbios_family_arm_cc26xx_Timer_getMaxTicks__E
                0x00004b64       0x20 ../../closure/src/sysbios/sysbios.am3g(cc26xx_Timer.o)
                0x00004b64                ti_sysbios_family_arm_cc26xx_Timer_getMaxTicks__E
 .text.ti_sysbios_family_arm_cc26xx_Timer_setThreshold__I
                0x00004b84       0x30 ../../closure/src/sysbios/sysbios.am3g(cc26xx_Timer.o)
                0x00004b84                ti_sysbios_family_arm_cc26xx_Timer_setThreshold(int0_t)
 .text.ti_sysbios_family_arm_cc26xx_Timer_setNextTick__E
                0x00004bb4       0x2e ../../closure/src/sysbios/sysbios.am3g(cc26xx_Timer.o)
                0x00004bb4                ti_sysbios_family_arm_cc26xx_Timer_setNextTick__E
 *fill*         0x00004be2        0x2 
 .text.ti_sysbios_family_arm_cc26xx_Timer_start__E
                0x00004be4       0x7c ../../closure/src/sysbios/sysbios.am3g(cc26xx_Timer.o)
                0x00004be4                ti_sysbios_family_arm_cc26xx_Timer_start__E
 .text.ti_sysbios_family_arm_cc26xx_Timer_startup__E
                0x00004c60       0x24 ../../closure/src/sysbios/sysbios.am3g(cc26xx_Timer.o)
                0x00004c60                ti_sysbios_family_arm_cc26xx_Timer_startup__E
 .text.ti_sysbios_family_arm_cc26xx_Timer_dynamicStub__E
                0x00004c84       0x1c ../../closure/src/sysbios/sysbios.am3g(cc26xx_Timer.o)
                0x00004c84                ti_sysbios_family_arm_cc26xx_Timer_dynamicStub__E
 .text.ti_sysbios_family_arm_cc26xx_Timer_getCurrentTick__E
                0x00004ca0       0x2c ../../closure/src/sysbios/sysbios.am3g(cc26xx_Timer.o)
                0x00004ca0                ti_sysbios_family_arm_cc26xx_Timer_getCurrentTick__E
 .text.ti_sysbios_family_arm_cc26xx_Timer_initDevice__I
                0x00004ccc       0x3c ../../closure/src/sysbios/sysbios.am3g(cc26xx_Timer.o)
                0x00004ccc                ti_sysbios_family_arm_cc26xx_Timer_initDevice(int0_t)
 .text.ti_sysbios_family_arm_cc26xx_Timer_postInit__I
                0x00004d08       0x18 ../../closure/src/sysbios/sysbios.am3g(cc26xx_Timer.o)
                0x00004d08                ti_sysbios_family_arm_cc26xx_Timer_postInit(int0_t)
 .text.ti_sysbios_family_arm_cc26xx_Timer_Module_startup__E
                0x00004d20       0x28 ../../closure/src/sysbios/sysbios.am3g(cc26xx_Timer.o)
                0x00004d20                ti_sysbios_family_arm_cc26xx_Timer_Module_startup__E
 .text.ti_sysbios_family_arm_cc26xx_TimestampProvider_Module_startup__E
                0x00004d48       0x20 ../../closure/src/sysbios/sysbios.am3g(cc26xx_TimestampProvider.o)
                0x00004d48                ti_sysbios_family_arm_cc26xx_TimestampProvider_Module_startup__E
 .text.ti_sysbios_rts_gnu_ReentSupport_Module_startup__E
                0x00004d68       0x22 ../../closure/src/sysbios/sysbios.am3g(gnu_ReentSupport.o)
                0x00004d68                ti_sysbios_rts_gnu_ReentSupport_Module_startup__E
 *fill*         0x00004d8a        0x2 
 .text.ti_sysbios_rts_gnu_ReentSupport_taskRegHook__I
                0x00004d8c        0xc ../../closure/src/sysbios/sysbios.am3g(gnu_ReentSupport.o)
                0x00004d8c                ti_sysbios_rts_gnu_ReentSupport_taskRegHook(int0_t)
 .text.ti_sysbios_rts_gnu_ReentSupport_taskDeleteHook__I
                0x00004d98       0x30 ../../closure/src/sysbios/sysbios.am3g(gnu_ReentSupport.o)
                0x00004d98                ti_sysbios_rts_gnu_ReentSupport_taskDeleteHook(int0_t)
 .text.xdc_runtime_Core_createObject__I
                0x00004dc8       0xf0 ../../closure/gnu/targets/arm/rtsv7M/lib/gnu.targets.arm.rtsv7M.am3g(Core-mem.om3g)
                0x00004dc8                xdc_runtime_Core_createObject(int0_t)
 .text.xdc_runtime_Core_deleteObject__I
                0x00004eb8       0x64 ../../closure/gnu/targets/arm/rtsv7M/lib/gnu.targets.arm.rtsv7M.am3g(Core-mem.om3g)
                0x00004eb8                xdc_runtime_Core_deleteObject(int0_t)
 .text.xdc_runtime_Core_constructObject__I
                0x00004f1c       0xbc ../../closure/gnu/targets/arm/rtsv7M/lib/gnu.targets.arm.rtsv7M.am3g(Core-smem.om3g)
                0x00004f1c                xdc_runtime_Core_constructObject(int0_t)
 .text.xdc_runtime_Core_assignLabel__I
                0x00004fd8       0x3c ../../closure/gnu/targets/arm/rtsv7M/lib/gnu.targets.arm.rtsv7M.am3g(Core-label.om3g)
                0x00004fd8                xdc_runtime_Core_assignLabel(int0_t)
 .text.xdc_runtime_Core_assignParams__I
                0x00005014       0x40 ../../closure/gnu/targets/arm/rtsv7M/lib/gnu.targets.arm.rtsv7M.am3g(Core-params.om3g)
                0x00005014                xdc_runtime_Core_assignParams(int0_t)
 .text.xdc_runtime_Error_init__E
                0x00005054        0xc ../../closure/gnu/targets/arm/rtsv7M/lib/gnu.targets.arm.rtsv7M.am3g(Error.om3g)
                0x00005054                xdc_runtime_Error_init__E
 .text.xdc_runtime_Error_check__E
                0x00005060       0x20 ../../closure/gnu/targets/arm/rtsv7M/lib/gnu.targets.arm.rtsv7M.am3g(Error.om3g)
                0x00005060                xdc_runtime_Error_check__E
 .text.xdc_runtime_Error_raiseX__E
                0x00005080       0x20 ../../closure/gnu/targets/arm/rtsv7M/lib/gnu.targets.arm.rtsv7M.am3g(Error.om3g)
                0x00005080                xdc_runtime_Error_raiseX__E
 .text.xdc_runtime_Error_policySpin__E
                0x000050a0        0x4 ../../closure/gnu/targets/arm/rtsv7M/lib/gnu.targets.arm.rtsv7M.am3g(Error.om3g)
                0x000050a0                xdc_runtime_Error_policySpin__E
 .text.xdc_runtime_Gate_enterSystem__E
                0x000050a4        0xc ../../closure/gnu/targets/arm/rtsv7M/lib/gnu.targets.arm.rtsv7M.am3g(Gate.om3g)
                0x000050a4                xdc_runtime_Gate_enterSystem__E
 .text.xdc_runtime_Gate_leaveSystem__E
                0x000050b0       0x10 ../../closure/gnu/targets/arm/rtsv7M/lib/gnu.targets.arm.rtsv7M.am3g(Gate.om3g)
                0x000050b0                xdc_runtime_Gate_leaveSystem__E
 .text.xdc_runtime_Memory_alloc__E
                0x000050c0       0x80 ../../closure/gnu/targets/arm/rtsv7M/lib/gnu.targets.arm.rtsv7M.am3g(Memory.om3g)
                0x000050c0                xdc_runtime_Memory_alloc__E
 .text.xdc_runtime_Memory_getStats__E
                0x00005140       0x14 ../../closure/gnu/targets/arm/rtsv7M/lib/gnu.targets.arm.rtsv7M.am3g(Memory.om3g)
                0x00005140                xdc_runtime_Memory_getStats__E
 .text.xdc_runtime_Memory_free__E
                0x00005154       0x14 ../../closure/gnu/targets/arm/rtsv7M/lib/gnu.targets.arm.rtsv7M.am3g(Memory.om3g)
                0x00005154                xdc_runtime_Memory_free__E
 .text.xdc_runtime_Memory_valloc__E
                0x00005168       0x1c ../../closure/gnu/targets/arm/rtsv7M/lib/gnu.targets.arm.rtsv7M.am3g(Memory.om3g)
                0x00005168                xdc_runtime_Memory_valloc__E
 .text.xdc_runtime_Memory_calloc__E
                0x00005184       0x14 ../../closure/gnu/targets/arm/rtsv7M/lib/gnu.targets.arm.rtsv7M.am3g(Memory.om3g)
                0x00005184                xdc_runtime_Memory_calloc__E
 .text.xdc_runtime_Startup_exec__E
                0x00005198       0x5c ../../closure/gnu/targets/arm/rtsv7M/lib/gnu.targets.arm.rtsv7M.am3g(Startup.om3g)
                0x00005198                xdc_runtime_Startup_exec__E
 .text.xdc_runtime_Startup_startMods__I
                0x000051f4       0xe8 ../../closure/gnu/targets/arm/rtsv7M/lib/gnu.targets.arm.rtsv7M.am3g(Startup.om3g)
                0x000051f4                xdc_runtime_Startup_startMods(int0_t)
 .text.xdc_runtime_System_Module_startup__E
                0x000052dc        0x8 ../../closure/gnu/targets/arm/rtsv7M/lib/gnu.targets.arm.rtsv7M.am3g(System.om3g)
                0x000052dc                xdc_runtime_System_Module_startup__E
 .text.xdc_runtime_System_abort__E
                0x000052e4       0x1c ../../closure/gnu/targets/arm/rtsv7M/lib/gnu.targets.arm.rtsv7M.am3g(System.om3g)
                0x000052e4                xdc_runtime_System_abort__E
 .text.xdc_runtime_System_atexit__E
                0x00005300       0x3c ../../closure/gnu/targets/arm/rtsv7M/lib/gnu.targets.arm.rtsv7M.am3g(System.om3g)
                0x00005300                xdc_runtime_System_atexit__E
 .text.xdc_runtime_System_abortSpin__E
                0x0000533c        0x4 ../../closure/gnu/targets/arm/rtsv7M/lib/gnu.targets.arm.rtsv7M.am3g(System.om3g)
                0x0000533c                xdc_runtime_System_abortSpin__E
 .text.xdc_runtime_System_exitSpin__E
                0x00005340        0x4 ../../closure/gnu/targets/arm/rtsv7M/lib/gnu.targets.arm.rtsv7M.am3g(System.om3g)
                0x00005340                xdc_runtime_System_exitSpin__E
 .text.xdc_runtime_System_processAtExit__E
                0x00005344       0x38 ../../closure/gnu/targets/arm/rtsv7M/lib/gnu.targets.arm.rtsv7M.am3g(System.om3g)
                0x00005344                xdc_runtime_System_processAtExit__E
 .text.xdc_runtime_System_exit__E
                0x0000537c       0x18 ../../closure/gnu/targets/arm/rtsv7M/lib/gnu.targets.arm.rtsv7M.am3g(System.om3g)
                0x0000537c                xdc_runtime_System_exit__E
 .text.xdc_runtime_System_flush__E
                0x00005394        0x4 ../../closure/gnu/targets/arm/rtsv7M/lib/gnu.targets.arm.rtsv7M.am3g(System.om3g)
                0x00005394                xdc_runtime_System_flush__E
 .text.xdc_runtime_System_formatNum__I
                0x00005398       0x70 ../../closure/gnu/targets/arm/rtsv7M/lib/gnu.targets.arm.rtsv7M.am3g(System.om3g)
                0x00005398                xdc_runtime_System_formatNum(int0_t)
 .text.xdc_runtime_System_putchar__I
                0x00005408       0x34 ../../closure/gnu/targets/arm/rtsv7M/lib/gnu.targets.arm.rtsv7M.am3g(System.om3g)
                0x00005408                xdc_runtime_System_putchar(int0_t)
 .text.xdc_runtime_System_doPrint__I
                0x0000543c      0x330 ../../closure/gnu/targets/arm/rtsv7M/lib/gnu.targets.arm.rtsv7M.am3g(System.om3g)
                0x0000543c                xdc_runtime_System_doPrint(int0_t)
 .text.xdc_runtime_System_vprintf__E
                0x0000576c       0x28 ../../closure/gnu/targets/arm/rtsv7M/lib/gnu.targets.arm.rtsv7M.am3g(System.om3g)
                0x0000576c                xdc_runtime_System_vprintf__E
 .text.xdc_runtime_System_printf_va__F
                0x00005794        0x4 ../../closure/gnu/targets/arm/rtsv7M/lib/gnu.targets.arm.rtsv7M.am3g(System.om3g)
                0x00005794                xdc_runtime_System_printf_va(void)
 .text.xdc_runtime_SysCallback_abort__E
                0x00005798       0x10 ../../closure/gnu/targets/arm/rtsv7M/lib/gnu.targets.arm.rtsv7M.am3g(SysCallback.om3g)
                0x00005798                xdc_runtime_SysCallback_abort__E
 .text.xdc_runtime_SysCallback_exit__E
                0x000057a8       0x10 ../../closure/gnu/targets/arm/rtsv7M/lib/gnu.targets.arm.rtsv7M.am3g(SysCallback.om3g)
                0x000057a8                xdc_runtime_SysCallback_exit__E
 .text.xdc_runtime_SysCallback_putch__E
                0x000057b8       0x10 ../../closure/gnu/targets/arm/rtsv7M/lib/gnu.targets.arm.rtsv7M.am3g(SysCallback.om3g)
                0x000057b8                xdc_runtime_SysCallback_putch__E
 .text.xdc_runtime_SysCallback_flush__E
                0x000057c8       0x10 ../../closure/gnu/targets/arm/rtsv7M/lib/gnu.targets.arm.rtsv7M.am3g(SysCallback.om3g)
                0x000057c8                xdc_runtime_SysCallback_flush__E
 .text.xdc_runtime_SysCallback_ready__E
                0x000057d8       0x10 ../../closure/gnu/targets/arm/rtsv7M/lib/gnu.targets.arm.rtsv7M.am3g(SysCallback.om3g)
                0x000057d8                xdc_runtime_SysCallback_ready__E
 .text.xdc_runtime_SysCallback_defaultReady
                0x000057e8        0x4 ../../closure/gnu/targets/arm/rtsv7M/lib/gnu.targets.arm.rtsv7M.am3g(SysCallback.om3g)
                0x000057e8                xdc_runtime_SysCallback_defaultReady
 .text.xdc_runtime_SysCallback_defaultFlush
                0x000057ec        0x4 ../../closure/gnu/targets/arm/rtsv7M/lib/gnu.targets.arm.rtsv7M.am3g(SysCallback.om3g)
                0x000057ec                xdc_runtime_SysCallback_defaultFlush
 .text.xdc_runtime_SysCallback_defaultAbort
                0x000057f0        0x4 ../../closure/gnu/targets/arm/rtsv7M/lib/gnu.targets.arm.rtsv7M.am3g(SysCallback.om3g)
                0x000057f0                xdc_runtime_SysCallback_defaultAbort
 .text.xdc_runtime_SysCallback_defaultExit
                0x000057f4        0x4 ../../closure/gnu/targets/arm/rtsv7M/lib/gnu.targets.arm.rtsv7M.am3g(SysCallback.om3g)
                0x000057f4                xdc_runtime_SysCallback_defaultExit
 .text.xdc_runtime_SysCallback_defaultPutch
                0x000057f8        0x4 ../../closure/gnu/targets/arm/rtsv7M/lib/gnu.targets.arm.rtsv7M.am3g(SysCallback.om3g)
                0x000057f8                xdc_runtime_SysCallback_defaultPutch
 .text.xdc_runtime_Text_cordText__E
                0x000057fc       0x2c ../../closure/gnu/targets/arm/rtsv7M/lib/gnu.targets.arm.rtsv7M.am3g(Text.om3g)
                0x000057fc                xdc_runtime_Text_cordText__E
 .text.xdc_runtime_Text_ropeText__E
                0x00005828       0x14 ../../closure/gnu/targets/arm/rtsv7M/lib/gnu.targets.arm.rtsv7M.am3g(Text.om3g)
                0x00005828                xdc_runtime_Text_ropeText__E
 .text.xdc_runtime_Assert_raise__I
                0x0000583c       0x54 ../../closure/gnu/targets/arm/rtsv7M/lib/gnu.targets.arm.rtsv7M.am3g(Assert.om3g)
                0x0000583c                xdc_runtime_Assert_raise(int0_t)
 .text.startupC
                0x00005890       0x98 ../../closure/gnu/targets/arm/rtsv7M/lib/boot.am3g(startup.om3g)
                0x00005890                startupC
 .text._fini    0x00005928        0x4 ../../closure/gnu/targets/arm/rtsv7M/lib/boot.am3g(startup.om3g)
                0x00005928                _fini
 .text._exit    0x0000592c        0x4 ../../closure/gnu/targets/arm/rtsv7M/lib/syscalls.am3g(syscalls.om3g)
                0x0000592c                C$$EXIT
                0x0000592c                _exit
 .text.__aeabi_atexit
                0x00005930        0xc /db/vendors/linaro/gcc-arm-none-eabi-4_8-2014q3/bin/../lib/gcc/arm-none-eabi/4.8.4/../../../../arm-none-eabi/lib/armv7-m/libstdc++.a(atexit_arm.o)
                0x00005930                __aeabi_atexit
 .text.__cxa_atexit
                0x0000593c       0x14 /db/vendors/linaro/gcc-arm-none-eabi-4_8-2014q3/bin/../lib/gcc/arm-none-eabi/4.8.4/../../../../arm-none-eabi/lib/armv7-m/libc.a(lib_a-cxa_atexit.o)
                0x0000593c                __cxa_atexit
 .text.memset   0x00005950       0x94 /db/vendors/linaro/gcc-arm-none-eabi-4_8-2014q3/bin/../lib/gcc/arm-none-eabi/4.8.4/../../../../arm-none-eabi/lib/armv7-m/libc.a(lib_a-memset.o)
                0x00005950                memset
 .text.cleanup_glue
                0x000059e4       0x1c /db/vendors/linaro/gcc-arm-none-eabi-4_8-2014q3/bin/../lib/gcc/arm-none-eabi/4.8.4/../../../../arm-none-eabi/lib/armv7-m/libc.a(lib_a-reent.o)
                0x000059e4                cleanup_glue
 .text._reclaim_reent
                0x00005a00       0x90 /db/vendors/linaro/gcc-arm-none-eabi-4_8-2014q3/bin/../lib/gcc/arm-none-eabi/4.8.4/../../../../arm-none-eabi/lib/armv7-m/libc.a(lib_a-reent.o)
                0x00005a00                _reclaim_reent
 .text.strcpy   0x00005a90       0xbc /db/vendors/linaro/gcc-arm-none-eabi-4_8-2014q3/bin/../lib/gcc/arm-none-eabi/4.8.4/../../../../arm-none-eabi/lib/armv7-m/libc.a(lib_a-strcpy.o)
                0x00005a90                strcpy
 .text.strlen   0x00005b4c       0x60 /db/vendors/linaro/gcc-arm-none-eabi-4_8-2014q3/bin/../lib/gcc/arm-none-eabi/4.8.4/../../../../arm-none-eabi/lib/armv7-m/libc.a(lib_a-strlen.o)
                0x00005b4c                strlen
 .text.__register_exitproc
                0x00005bac       0xa8 /db/vendors/linaro/gcc-arm-none-eabi-4_8-2014q3/bin/../lib/gcc/arm-none-eabi/4.8.4/../../../../arm-none-eabi/lib/armv7-m/libc.a(lib_a-__atexit.o)
                0x00005bac                __register_exitproc
 .text.startup.register_fini
                0x00005c54       0x14 /db/vendors/linaro/gcc-arm-none-eabi-4_8-2014q3/bin/../lib/gcc/arm-none-eabi/4.8.4/../../../../arm-none-eabi/lib/armv7-m/libc.a(lib_a-__call_atexit.o)
 .text.atexit   0x00005c68        0xc /db/vendors/linaro/gcc-arm-none-eabi-4_8-2014q3/bin/../lib/gcc/arm-none-eabi/4.8.4/../../../../arm-none-eabi/lib/armv7-m/libc.a(lib_a-atexit.o)
                0x00005c68                atexit
 .text.__libc_fini_array
                0x00005c74       0x30 /db/vendors/linaro/gcc-arm-none-eabi-4_8-2014q3/bin/../lib/gcc/arm-none-eabi/4.8.4/../../../../arm-none-eabi/lib/armv7-m/libc.a(lib_a-fini.o)
                0x00005c74                __libc_fini_array
                0x00005ca4                . = ALIGN (0x4)
 *(.ctors)
                0x00005ca4                . = ALIGN (0x4)
 *(.dtors)
                0x00005ca4                . = ALIGN (0x4)
                0x00005ca4                __init_array_start = .
 *(.init_array*)
 .init_array    0x00005ca4        0x4 string.obj
 .init_array.00000
                0x00005ca8        0x4 /db/vendors/linaro/gcc-arm-none-eabi-4_8-2014q3/bin/../lib/gcc/arm-none-eabi/4.8.4/../../../../arm-none-eabi/lib/armv7-m/libc.a(lib_a-__call_atexit.o)
                0x00005cac                __init_array_end = .
 *(.init)
 *(.fini*)
                0x00005cac                PROVIDE (__etext, .)
                0x00005cac                PROVIDE (_etext, .)
                0x00005cac                PROVIDE (etext, .)

.glue_7         0x00005cac        0x0
 .glue_7        0x00000000        0x0 linker stubs

.glue_7t        0x00005cac        0x0
 .glue_7t       0x00000000        0x0 linker stubs

.vfp11_veneer   0x00005cac        0x0
 .vfp11_veneer  0x00000000        0x0 linker stubs

.v4_bx          0x00005cac        0x0
 .v4_bx         0x00000000        0x0 linker stubs

.iplt           0x00005cac        0x0
 .iplt          0x00000000        0x0 string.obj

.c_int00        0x00005cac       0x34
 .c_int00       0x00005cac       0x34 ../../closure/gnu/targets/arm/rtsv7M/lib/boot.am3g(boot.om3g)
                0x00005cac                _c_int00
                0x00005cca                _reset_fxns_done_

.text:SafeHapiVoid
                0x00005ce0       0x28
 .text:SafeHapiVoid
                0x00005ce0       0x28 /home/xlibrary/trees/zumaprod/zumaprod-j04/exports/tirtos_full_2_16_00_04_eng/products/cc13xxware_2_03_01_16685/driverlib/bin/ccs/driverlib.lib(adi.obj)
                0x00005ce0                SafeHapiVoid

.text:AONBatMonTemperatureGetDegC
                0x00005d08       0x28
 .text:AONBatMonTemperatureGetDegC
                0x00005d08       0x28 /home/xlibrary/trees/zumaprod/zumaprod-j04/exports/tirtos_full_2_16_00_04_eng/products/cc13xxware_2_03_01_16685/driverlib/bin/ccs/driverlib.lib(aon_batmon.obj)
                0x00005d08                AONBatMonTemperatureGetDegC

.text:NOROM_AONRTCCurrentCompareValueGet
                0x00005d30       0x18
 .text:NOROM_AONRTCCurrentCompareValueGet
                0x00005d30       0x18 /home/xlibrary/trees/zumaprod/zumaprod-j04/exports/tirtos_full_2_16_00_04_eng/products/cc13xxware_2_03_01_16685/driverlib/bin/ccs/driverlib.lib(aon_rtc.obj)
                0x00005d30                NOROM_AONRTCCurrentCompareValueGet

.text:NOROM_AONRTCCurrent64BitValueGet
                0x00005d48       0x14
 .text:NOROM_AONRTCCurrent64BitValueGet
                0x00005d48       0x14 /home/xlibrary/trees/zumaprod/zumaprod-j04/exports/tirtos_full_2_16_00_04_eng/products/cc13xxware_2_03_01_16685/driverlib/bin/ccs/driverlib.lib(aon_rtc.obj)
                0x00005d48                NOROM_AONRTCCurrent64BitValueGet

.text:ChipInfo_GetChipFamily
                0x00005d5c       0x48
 .text:ChipInfo_GetChipFamily
                0x00005d5c       0x48 /home/xlibrary/trees/zumaprod/zumaprod-j04/exports/tirtos_full_2_16_00_04_eng/products/cc13xxware_2_03_01_16685/driverlib/bin/ccs/driverlib.lib(chipinfo.obj)
                0x00005d5c                ChipInfo_GetChipFamily

.text:ChipInfo_GetHwRevision
                0x00005da4       0x70
 .text:ChipInfo_GetHwRevision
                0x00005da4       0x70 /home/xlibrary/trees/zumaprod/zumaprod-j04/exports/tirtos_full_2_16_00_04_eng/products/cc13xxware_2_03_01_16685/driverlib/bin/ccs/driverlib.lib(chipinfo.obj)
                0x00005da4                ChipInfo_GetHwRevision

.text:ThisCodeIsBuiltForCC13xxHwRev20AndLater_HaltIfViolated
                0x00005e14       0x16
 .text:ThisCodeIsBuiltForCC13xxHwRev20AndLater_HaltIfViolated
                0x00005e14       0x16 /home/xlibrary/trees/zumaprod/zumaprod-j04/exports/tirtos_full_2_16_00_04_eng/products/cc13xxware_2_03_01_16685/driverlib/bin/ccs/driverlib.lib(chipinfo.obj)
                0x00005e14                ThisCodeIsBuiltForCC13xxHwRev20AndLater_HaltIfViolated

.text:ChipInfo_GetPackageType
                0x00005e2c       0x18
 .text:ChipInfo_GetPackageType
                0x00005e2c       0x18 /home/xlibrary/trees/zumaprod/zumaprod-j04/exports/tirtos_full_2_16_00_04_eng/products/cc13xxware_2_03_01_16685/driverlib/bin/ccs/driverlib.lib(chipinfo.obj)
                0x00005e2c                ChipInfo_GetPackageType

.text:NOROM_CPUcpsie
                0x00005e44        0xc
 .text:NOROM_CPUcpsie
                0x00005e44        0xc /home/xlibrary/trees/zumaprod/zumaprod-j04/exports/tirtos_full_2_16_00_04_eng/products/cc13xxware_2_03_01_16685/driverlib/bin/ccs/driverlib.lib(cpu.obj)
                0x00005e44                NOROM_CPUcpsie

.text:NOROM_CPUcpsid
                0x00005e50        0xc
 .text:NOROM_CPUcpsid
                0x00005e50        0xc /home/xlibrary/trees/zumaprod/zumaprod-j04/exports/tirtos_full_2_16_00_04_eng/products/cc13xxware_2_03_01_16685/driverlib/bin/ccs/driverlib.lib(cpu.obj)
                0x00005e50                NOROM_CPUcpsid

.text:OSC_HPOSCRelativeFrequencyOffsetGet
                0x00005e5c       0x3c
 .text:OSC_HPOSCRelativeFrequencyOffsetGet
                0x00005e5c       0x3c /home/xlibrary/trees/zumaprod/zumaprod-j04/exports/tirtos_full_2_16_00_04_eng/products/cc13xxware_2_03_01_16685/driverlib/bin/ccs/driverlib.lib(osc.obj)
                0x00005e5c                OSC_HPOSCRelativeFrequencyOffsetGet

.text:NOROM_OSCClockSourceSet
                0x00005e98       0x60
 .text:NOROM_OSCClockSourceSet
                0x00005e98       0x60 /home/xlibrary/trees/zumaprod/zumaprod-j04/exports/tirtos_full_2_16_00_04_eng/products/cc13xxware_2_03_01_16685/driverlib/bin/ccs/driverlib.lib(osc.obj)
                0x00005e98                NOROM_OSCClockSourceSet

.text:OSCHF_TurnOnXosc
                0x00005ef8       0x18
 .text:OSCHF_TurnOnXosc
                0x00005ef8       0x18 /home/xlibrary/trees/zumaprod/zumaprod-j04/exports/tirtos_full_2_16_00_04_eng/products/cc13xxware_2_03_01_16685/driverlib/bin/ccs/driverlib.lib(osc.obj)
                0x00005ef8                OSCHF_TurnOnXosc

.text:NOROM_OSCClockSourceGet
                0x00005f10       0x2c
 .text:NOROM_OSCClockSourceGet
                0x00005f10       0x2c /home/xlibrary/trees/zumaprod/zumaprod-j04/exports/tirtos_full_2_16_00_04_eng/products/cc13xxware_2_03_01_16685/driverlib/bin/ccs/driverlib.lib(osc.obj)
                0x00005f10                NOROM_OSCClockSourceGet

.text:OSCHF_SwitchToRcOscTurnOffXosc
                0x00005f3c       0x34
 .text:OSCHF_SwitchToRcOscTurnOffXosc
                0x00005f3c       0x34 /home/xlibrary/trees/zumaprod/zumaprod-j04/exports/tirtos_full_2_16_00_04_eng/products/cc13xxware_2_03_01_16685/driverlib/bin/ccs/driverlib.lib(osc.obj)
                0x00005f3c                OSCHF_SwitchToRcOscTurnOffXosc

.text:OSCHF_AttemptToSwitchToXosc
                0x00005f70       0x64
 .text:OSCHF_AttemptToSwitchToXosc
                0x00005f70       0x64 /home/xlibrary/trees/zumaprod/zumaprod-j04/exports/tirtos_full_2_16_00_04_eng/products/cc13xxware_2_03_01_16685/driverlib/bin/ccs/driverlib.lib(osc.obj)
                0x00005f70                OSCHF_AttemptToSwitchToXosc

.text:SetupCacheModeAccordingToCcfgSetting
                0x00005fd4       0x50
 .text:SetupCacheModeAccordingToCcfgSetting
                0x00005fd4       0x50 /home/xlibrary/trees/zumaprod/zumaprod-j04/exports/tirtos_full_2_16_00_04_eng/products/cc13xxware_2_03_01_16685/driverlib/bin/ccs/driverlib.lib(setup.obj)

.text:SignExtendVddrTrimValue
                0x00006024        0xe
 .text:SignExtendVddrTrimValue
                0x00006024        0xe /home/xlibrary/trees/zumaprod/zumaprod-j04/exports/tirtos_full_2_16_00_04_eng/products/cc13xxware_2_03_01_16685/driverlib/bin/ccs/driverlib.lib(setup.obj)
                0x00006024                SignExtendVddrTrimValue

.text:SetVddrLevel
                0x00006034       0x70
 .text:SetVddrLevel
                0x00006034       0x70 /home/xlibrary/trees/zumaprod/zumaprod-j04/exports/tirtos_full_2_16_00_04_eng/products/cc13xxware_2_03_01_16685/driverlib/bin/ccs/driverlib.lib(setup.obj)
                0x00006034                SetVddrLevel

.text:GetTrimForAnabypassValue1
                0x000060a4       0x68
 .text:GetTrimForAnabypassValue1
                0x000060a4       0x68 /home/xlibrary/trees/zumaprod/zumaprod-j04/exports/tirtos_full_2_16_00_04_eng/products/cc13xxware_2_03_01_16685/driverlib/bin/ccs/driverlib.lib(setup.obj)

.text:GetTrimForRcOscLfRtuneCtuneTrim
                0x0000610c       0x1c
 .text:GetTrimForRcOscLfRtuneCtuneTrim
                0x0000610c       0x1c /home/xlibrary/trees/zumaprod/zumaprod-j04/exports/tirtos_full_2_16_00_04_eng/products/cc13xxware_2_03_01_16685/driverlib/bin/ccs/driverlib.lib(setup.obj)

.text:GetTrimForXoscHfIbiastherm
                0x00006128       0x10
 .text:GetTrimForXoscHfIbiastherm