Archive member included because of file (symbol)

../../closure/ti/runtime/wiring/cc13xx/lib/wiring_cc13xx.m3g.lib(wiring.om3g)
                              blink.obj (delay)
../../closure/ti/runtime/wiring/cc13xx/lib/wiring_cc13xx.m3g.lib(wiring_digital.om3g)
                              blink.obj (pinMode)
../../closure/ti/runtime/wiring/cc13xx/lib/wiring_cc13xx.m3g.lib(wiring_analog.om3g)
                              ../../closure/ti/runtime/wiring/cc13xx/lib/wiring_cc13xx.m3g.lib(wiring_digital.om3g) (stopAnalogWrite)
../../closure/ti/runtime/wiring/cc13xx/variants/LAUNCHXL_CC1310/lib/board.m3g.lib(Board_init.om3g)
                              main.obj (Board_init)
../../closure/ti/runtime/wiring/cc13xx/variants/LAUNCHXL_CC1310/lib/board.m3g.lib(pins.om3g)
                              ../../closure/ti/runtime/wiring/cc13xx/lib/wiring_cc13xx.m3g.lib(wiring_digital.om3g) (digital_pin_to_pin_function)
../../closure/ti/drivers/lib/drivers_cc13xxware.am3g(I2C.om3g)
                              ../../closure/ti/runtime/wiring/cc13xx/variants/LAUNCHXL_CC1310/lib/board.m3g.lib(Board_init.om3g) (I2C_init)
../../closure/ti/drivers/lib/drivers_cc13xxware.am3g(PWM.om3g)
                              ../../closure/ti/runtime/wiring/cc13xx/lib/wiring_cc13xx.m3g.lib(wiring_analog.om3g) (PWM_close)
../../closure/ti/drivers/lib/drivers_cc13xxware.am3g(SPI.om3g)
                              ../../closure/ti/runtime/wiring/cc13xx/variants/LAUNCHXL_CC1310/lib/board.m3g.lib(Board_init.om3g) (SPI_init)
../../closure/ti/drivers/lib/drivers_cc13xxware.am3g(UART.om3g)
                              ../../closure/ti/runtime/wiring/cc13xx/variants/LAUNCHXL_CC1310/lib/board.m3g.lib(Board_init.om3g) (UART_init)
../../closure/ti/drivers/lib/drivers_cc13xxware.am3g(GPIOCC26XX.om3g)
                              ../../closure/ti/runtime/wiring/cc13xx/lib/wiring_cc13xx.m3g.lib(wiring_digital.om3g) (GPIO_read)
../../closure/ti/drivers/lib/drivers_cc13xxware.am3g(I2CCC26XX.om3g)
                              ../../closure/ti/runtime/wiring/cc13xx/variants/LAUNCHXL_CC1310/lib/board.m3g.lib(Board_init.om3g) (I2CCC26XX_fxnTable)
../../closure/ti/drivers/lib/drivers_cc13xxware.am3g(PINCC26XX.om3g)
                              ../../closure/ti/runtime/wiring/cc13xx/variants/LAUNCHXL_CC1310/lib/board.m3g.lib(Board_init.om3g) (PIN_init)
../../closure/ti/drivers/lib/drivers_cc13xxware.am3g(PowerCC26XX.om3g)
                              ../../closure/configPkg/package/cfg/energia_pm3g.om3g (Power_idleFunc)
../../closure/ti/drivers/lib/drivers_cc13xxware.am3g(PowerCC26XX_calibrateRCOSC.om3g)
                              ../../closure/ti/drivers/lib/drivers_cc13xxware.am3g(PowerCC26XX.om3g) (PowerCC26XX_initiateCalibration)
../../closure/ti/drivers/lib/drivers_cc13xxware.am3g(PWMTimerCC26XX.om3g)
                              ../../closure/ti/runtime/wiring/cc13xx/variants/LAUNCHXL_CC1310/lib/board.m3g.lib(Board_init.om3g) (PWMTimerCC26XX_fxnTable)
../../closure/ti/drivers/lib/drivers_cc13xxware.am3g(SPICC26XXDMA.om3g)
                              ../../closure/ti/runtime/wiring/cc13xx/variants/LAUNCHXL_CC1310/lib/board.m3g.lib(Board_init.om3g) (SPICC26XXDMA_fxnTable)
../../closure/ti/drivers/lib/drivers_cc13xxware.am3g(UARTCC26XX.om3g)
                              ../../closure/ti/runtime/wiring/cc13xx/variants/LAUNCHXL_CC1310/lib/board.m3g.lib(Board_init.om3g) (UARTCC26XX_fxnTable)
../../closure/ti/drivers/lib/drivers_cc13xxware.am3g(List.om3g)
                              ../../closure/ti/drivers/lib/drivers_cc13xxware.am3g(PowerCC26XX.om3g) (List_empty)
../../closure/ti/drivers/lib/drivers_cc13xxware.am3g(UDMACC26XX.om3g)
                              ../../closure/ti/drivers/lib/drivers_cc13xxware.am3g(SPICC26XXDMA.om3g) (UDMACC26XX_open)
../../closure/ti/drivers/lib/power_cc13xx_tirtos.am3g(PowerCC26XX_tirtos.om3g)
                              ../../closure/ti/runtime/wiring/cc13xx/variants/LAUNCHXL_CC1310/lib/board.m3g.lib(Board_init.om3g) (PowerCC26XX_standbyPolicy)
../../closure/ti/drivers/ports/lib/tirtosport.am3g(HwiP_tirtos.om3g)
                              ../../closure/ti/drivers/lib/drivers_cc13xxware.am3g(List.om3g) (HwiP_disable)
../../closure/src/sysbios/sysbios.am3g(m3_Hwi_asm_gnu.o)
                              ../../closure/configPkg/package/cfg/energia_pm3g.om3g (ti_sysbios_family_arm_m3_Hwi_pendSV(int0_t))
../../closure/src/sysbios/sysbios.am3g(m3_Hwi_asm_switch_gnu.o)
                              ../../closure/configPkg/package/cfg/energia_pm3g.om3g (ti_sysbios_family_arm_m3_Hwi_getTaskSP__E)
../../closure/src/sysbios/sysbios.am3g(m3_IntrinsicsSupport_asm_gnu.o)
                              ../../closure/configPkg/package/cfg/energia_pm3g.om3g (ti_sysbios_family_arm_m3_IntrinsicsSupport_maxbit__E)
../../closure/src/sysbios/sysbios.am3g(m3_TaskSupport_asm_gnu.o)
                              ../../closure/configPkg/package/cfg/energia_pm3g.om3g (ti_sysbios_family_arm_m3_TaskSupport_swap__E)
[...]
Memory Configuration

Name             Origin             Length             Attributes
FLASH            0x00000000         0x0001ffa8         xr
FLASH_CCFG       0x0001ffa8         0x00000058         xr
SRAM             0x20000000         0x00004000         xrw
*default*        0x00000000         0xffffffff

Linker script and memory map

LOAD blink.obj
LOAD main.obj
                0x00000400                __STACK_SIZE = 0x400
                0x00000400                __TI_STACK_SIZE = __STACK_SIZE
LOAD ../../closure/configPkg/package/cfg/energia_pm3g.om3g
LOAD ../../closure/ti/runtime/wiring/cc13xx/lib/wiring_cc13xx.m3g.lib
LOAD ../../closure/ti/runtime/wiring/cc13xx/variants/LAUNCHXL_CC1310/lib/board.m3g.lib
LOAD ../../closure/ti/drivers/pdm/lib/pdm_cc13xxware.am3g
LOAD ../../closure/ti/drivers/lib/drivers_cc13xxware.am3g
LOAD ../../closure/ti/drivers/lib/power_cc13xx_tirtos.am3g
LOAD ../../closure/ti/mw/fatfs/lib/release/ti.mw.fatfs.am3g
LOAD ../../closure/ti/drivers/ports/lib/tirtosport.am3g
LOAD ../../closure/src/sysbios/sysbios.am3g
LOAD ../../closure/gnu/targets/arm/rtsv7M/lib/gnu.targets.arm.rtsv7M.am3g
LOAD ../../closure/gnu/targets/arm/rtsv7M/lib/boot.am3g
LOAD ../../closure/gnu/targets/arm/rtsv7M/lib/syscalls.am3g
                0x00000001                xdc_runtime_Startup__EXECFXN__C = 0x1
                0x00000001                xdc_runtime_Startup__RESETFXN__C = 0x1
                0x00000000                PROVIDE (_intvecs_base_address, DEFINED (_intvecs_base_address)?_intvecs_base_address:0x0)

.intvecs        0x00000000       0x3c
 *(.intvecs)
 .intvecs       0x00000000       0x3c ../../closure/configPkg/package/cfg/energia_pm3g.om3g
                0x00000000                ti_sysbios_family_arm_m3_Hwi_resetVectors
                0x20000000                PROVIDE (_vtable_base_address, DEFINED (_vtable_base_address)?_vtable_base_address:0x20000000)

.vtable         0x20000000       0xdc
 *(.vtable)
 .vtable        0x20000000       0xdc ../../closure/configPkg/package/cfg/energia_pm3g.om3g
                0x20000000                ti_sysbios_family_arm_m3_Hwi_ramVectors
                0x20000100                _rom_data_start = 0x20000100
                0x00000000                _rom_data_size = DEFINED (ti_sysbios_rom_ROM_ti_sysbios_family_arm_cc26xx_Timer_getCount64__E)?0x104:0x0

.rom_data_reserve
                0x20000100        0x0
                0x20000100                . = (. + _rom_data_size)
                0x00000000                UDMACC26XX_dmaRxControlTableEntry0_is_placed = 0x0

.dmaRxControlTableEntry0
 *(.dmaRxControlTableEntry0)
                0x00000000                UDMACC26XX_dmaTxControlTableEntry0_is_placed = 0x0

.dmaTxControlTableEntry0
 *(.dmaTxControlTableEntry0)
                0x00000000                UDMACC26XX_dmaRxControlTableEntry1_is_placed = 0x0

.dmaRxControlTableEntry1
 *(.dmaRxControlTableEntry1)
                0x00000000                UDMACC26XX_dmaTxControlTableEntry1_is_placed = 0x0

.dmaTxControlTableEntry1
 *(.dmaTxControlTableEntry1)
                0x00001000                _rom_rodata_start = 0x1000
                0x00000000                _rom_rodata_size = DEFINED (ti_sysbios_rom_ROM_ti_sysbios_family_arm_cc26xx_Timer_getCount64__E)?0x500:0x0

.rom_rodata_reserve
                0x00001000        0x0 load address 0x0000003c
                0x00001000                . = (. + _rom_rodata_size)

.text           0x00000040     0x5328
 CREATE_OBJECT_SYMBOLS
 *(.text)
 .text          0x00000040       0x3c blink.obj
                0x00000040                blinkSetup
                0x00000050                blinkLoop
 .text          0x0000007c       0x12 main.obj
                0x0000007c                sketchTask(unsigned int, unsigned int)
 *fill*         0x0000008e        0x2 
 .text          0x00000090      0x10c ../../closure/src/sysbios/sysbios.am3g(m3_Hwi_asm_gnu.o)
                0x00000090                ti_sysbios_family_arm_m3_Hwi_dispatch(int0_t)
                0x00000148                ti_sysbios_family_arm_m3_Hwi_pendSV(int0_t)
                0x0000017c                ti_sysbios_family_arm_m3_Hwi_excHandlerAsm(int0_t)
 *fill*         0x0000019c        0x4 
 .text          0x000001a0       0x90 ../../closure/src/sysbios/sysbios.am3g(m3_Hwi_asm_switch_gnu.o)
                0x000001bc                ti_sysbios_family_xxx_Hwi_switchAndRunFunc
                0x000001da                ti_sysbios_family_arm_m3_Hwi_getTaskSP__E
                0x000001e0                ti_sysbios_family_arm_m3_Hwi_initStacks__E
 .text          0x00000230       0x90 ../../closure/src/sysbios/sysbios.am3g(m3_TaskSupport_asm_gnu.o)
                0x00000230                ti_sysbios_family_arm_m3_TaskSupport_buildTaskStack
                0x0000027c                ti_sysbios_family_arm_m3_TaskSupport_swap__E
                0x00000284                ti_sysbios_knl_Task_swapReturn
                0x0000029c                ti_sysbios_family_arm_m3_TaskSupport_glue
 .text          0x000002c0       0x2c /db/vendors/linaro/gcc-arm-none-eabi-4_8-2014q3/bin/../lib/gcc/arm-none-eabi/4.8.4/armv7-m/libgcc.a(_aeabi_uldivmod.o)
                0x000002c0                __aeabi_uldivmod
 .text          0x000002ec       0x60 /db/vendors/linaro/gcc-arm-none-eabi-4_8-2014q3/bin/../lib/gcc/arm-none-eabi/4.8.4/armv7-m/libgcc.a(bpabi.o)
                0x000002ec                __gnu_ldivmod_helper
                0x0000031c                __gnu_uldivmod_helper
 .text          0x0000034c        0x4 /db/vendors/linaro/gcc-arm-none-eabi-4_8-2014q3/bin/../lib/gcc/arm-none-eabi/4.8.4/armv7-m/libgcc.a(_dvmd_tls.o)
                0x0000034c                __aeabi_ldiv0
                0x0000034c                __aeabi_idiv0
 .text          0x00000350      0x2a0 /db/vendors/linaro/gcc-arm-none-eabi-4_8-2014q3/bin/../lib/gcc/arm-none-eabi/4.8.4/armv7-m/libgcc.a(_divdi3.o)
                0x00000350                __divdi3
 .text          0x000005f0      0x290 /db/vendors/linaro/gcc-arm-none-eabi-4_8-2014q3/bin/../lib/gcc/arm-none-eabi/4.8.4/armv7-m/libgcc.a(_udivdi3.o)
                0x000005f0                __udivdi3
 .text          0x00000880       0xec /db/vendors/linaro/gcc-arm-none-eabi-4_8-2014q3/bin/../lib/gcc/arm-none-eabi/4.8.4/../../../../arm-none-eabi/lib/armv7-m/libc.a(lib_a-memcpy.o)
                0x00000880                memcpy
 *(.text.*)
 .text.startup  0x0000096c       0x4c main.obj
                0x0000096c                main
 .text.xdc_runtime_Startup_exec__I
                0x000009b8       0x14 ../../closure/configPkg/package/cfg/energia_pm3g.om3g
                0x000009b8                xdc_runtime_Startup_exec(int0_t)
 .text.ti_sysbios_BIOS_startFunc__I
                0x000009cc       0x28 ../../closure/configPkg/package/cfg/energia_pm3g.om3g
                0x000009cc                ti_sysbios_BIOS_startFunc(int0_t)
 .text.ti_sysbios_BIOS_atExitFunc__I
                0x000009f4       0x14 ../../closure/configPkg/package/cfg/energia_pm3g.om3g
                0x000009f4                ti_sysbios_BIOS_atExitFunc(int0_t)
 .text.ti_sysbios_BIOS_exitFunc__I
                0x00000a08       0x14 ../../closure/configPkg/package/cfg/energia_pm3g.om3g
                0x00000a08                ti_sysbios_BIOS_exitFunc(int0_t)
 .text.ti_sysbios_knl_Clock_doTick__I
                0x00000a1c       0x18 ../../closure/configPkg/package/cfg/energia_pm3g.om3g
                0x00000a1c                ti_sysbios_knl_Clock_doTick(int0_t)
 .text.ti_sysbios_gates_GateHwi_Handle__label__S
                0x00000a34       0x18 ../../closure/configPkg/package/cfg/energia_pm3g.om3g
                0x00000a34                ti_sysbios_gates_GateHwi_Handle__label(void) static
 .text.ti_sysbios_gates_GateMutex_Handle__label__S
                0x00000a4c       0x18 ../../closure/configPkg/package/cfg/energia_pm3g.om3g
                0x00000a4c                ti_sysbios_gates_GateMutex_Handle__label(void) static
 .text.ti_sysbios_heaps_HeapMem_Handle__label__S
                0x00000a64       0x18 ../../closure/configPkg/package/cfg/energia_pm3g.om3g
                0x00000a64                ti_sysbios_heaps_HeapMem_Handle__label(void) static
 .text.ti_sysbios_gates_GateHwi_Object__delete__S
                0x00000a7c       0x24 ../../closure/configPkg/package/cfg/energia_pm3g.om3g
                0x00000a7c                ti_sysbios_gates_GateHwi_Object__delete(void) static
 .text.ti_sysbios_gates_GateMutex_Object__delete__S
                0x00000aa0       0x28 ../../closure/configPkg/package/cfg/energia_pm3g.om3g
                0x00000aa0                ti_sysbios_gates_GateMutex_Object__delete(void) static
 .text.ti_sysbios_heaps_HeapMem_Object__delete__S
                0x00000ac8       0x24 ../../closure/configPkg/package/cfg/energia_pm3g.om3g
                0x00000ac8                ti_sysbios_heaps_HeapMem_Object__delete(void) static
 .text.ti_sysbios_gates_GateHwi_Object__create__S
                0x00000aec       0x2c ../../closure/configPkg/package/cfg/energia_pm3g.om3g
                0x00000aec                ti_sysbios_gates_GateHwi_Object__create(void) static
 .text.ti_sysbios_gates_GateMutex_Object__create__S
                0x00000b18       0x2c ../../closure/configPkg/package/cfg/energia_pm3g.om3g
                0x00000b18                ti_sysbios_gates_GateMutex_Object__create(void) static
 .text.ti_sysbios_heaps_HeapMem_Object__create__S
                0x00000b44       0x2c ../../closure/configPkg/package/cfg/energia_pm3g.om3g
                0x00000b44                ti_sysbios_heaps_HeapMem_Object__create(void) static
 .text.xdc_runtime_Startup_reset__I
                0x00000b70        0x4 ../../closure/configPkg/package/cfg/energia_pm3g.om3g
                0x00000b70                xdc_runtime_Startup_reset(int0_t)
 .text.malloc   0x00000b74       0x30 ../../closure/configPkg/package/cfg/energia_pm3g.om3g
                0x00000b74                malloc
 .text.free     0x00000ba4       0x18 ../../closure/configPkg/package/cfg/energia_pm3g.om3g
                0x00000ba4                free
 .text._free_r  0x00000bbc        0x8 ../../closure/configPkg/package/cfg/energia_pm3g.om3g
                0x00000bbc                _free_r
 .text.ti_sysbios_hal_Hwi_HwiProxy_Module__startupDone__S
                0x00000bc4       0x14 ../../closure/configPkg/package/cfg/energia_pm3g.om3g
                0x00000bc4                ti_sysbios_hal_Hwi_HwiProxy_Module__startupDone(void) static
 .text.ti_sysbios_hal_Hwi_HwiProxy_getStackInfo__E
                0x00000bd8        0x4 ../../closure/configPkg/package/cfg/energia_pm3g.om3g
                0x00000bd8                ti_sysbios_hal_Hwi_HwiProxy_getStackInfo__E
 .text.ti_sysbios_hal_Hwi_HwiProxy_startup__E
                0x00000bdc        0x4 ../../closure/configPkg/package/cfg/energia_pm3g.om3g
                0x00000bdc                ti_sysbios_hal_Hwi_HwiProxy_startup__E
 .text.ti_sysbios_hal_Hwi_HwiProxy_switchFromBootStack__E
                0x00000be0        0x4 ../../closure/configPkg/package/cfg/energia_pm3g.om3g
                0x00000be0                ti_sysbios_hal_Hwi_HwiProxy_switchFromBootStack__E
 .text.ti_sysbios_hal_Timer_TimerProxy_Module__startupDone__S
                0x00000be4       0x14 ../../closure/configPkg/package/cfg/energia_pm3g.om3g
                0x00000be4                ti_sysbios_hal_Timer_TimerProxy_Module__startupDone(void) static
 .text.ti_sysbios_heaps_HeapMem_Module_GateProxy_query__E
                0x00000bf8        0x4 ../../closure/configPkg/package/cfg/energia_pm3g.om3g
                0x00000bf8                ti_sysbios_heaps_HeapMem_Module_GateProxy_query__E
 .text.ti_sysbios_heaps_HeapMem_Module_GateProxy_enter__E
                0x00000bfc        0x4 ../../closure/configPkg/package/cfg/energia_pm3g.om3g
                0x00000bfc                ti_sysbios_heaps_HeapMem_Module_GateProxy_enter__E
 .text.ti_sysbios_heaps_HeapMem_Module_GateProxy_leave__E
                0x00000c00        0x4 ../../closure/configPkg/package/cfg/energia_pm3g.om3g
                0x00000c00                ti_sysbios_heaps_HeapMem_Module_GateProxy_leave__E
 .text.ti_sysbios_knl_Clock_TimerProxy_Module__startupDone__S
                0x00000c04       0x14 ../../closure/configPkg/package/cfg/energia_pm3g.om3g
                0x00000c04                ti_sysbios_knl_Clock_TimerProxy_Module__startupDone(void) static
 .text.ti_sysbios_knl_Clock_TimerProxy_getMaxTicks__E
                0x00000c18        0x4 ../../closure/configPkg/package/cfg/energia_pm3g.om3g
                0x00000c18                ti_sysbios_knl_Clock_TimerProxy_getMaxTicks__E
 .text.ti_sysbios_knl_Clock_TimerProxy_setNextTick__E
                0x00000c1c        0x4 ../../closure/configPkg/package/cfg/energia_pm3g.om3g
                0x00000c1c                ti_sysbios_knl_Clock_TimerProxy_setNextTick__E
 .text.ti_sysbios_knl_Clock_TimerProxy_getCurrentTick__E
                0x00000c20        0x4 ../../closure/configPkg/package/cfg/energia_pm3g.om3g
                0x00000c20                ti_sysbios_knl_Clock_TimerProxy_getCurrentTick__E
 .text.ti_sysbios_knl_Task_SupportProxy_Module__startupDone__S
                0x00000c24        0x4 ../../closure/configPkg/package/cfg/energia_pm3g.om3g
                0x00000c24                ti_sysbios_knl_Task_SupportProxy_Module__startupDone(void) static
 .text.ti_sysbios_knl_Task_SupportProxy_start__E
                0x00000c28        0x4 ../../closure/configPkg/package/cfg/energia_pm3g.om3g
                0x00000c28                ti_sysbios_knl_Task_SupportProxy_start__E
 .text.ti_sysbios_knl_Task_SupportProxy_swap__E
                0x00000c2c        0x4 ../../closure/configPkg/package/cfg/energia_pm3g.om3g
                0x00000c2c                ti_sysbios_knl_Task_SupportProxy_swap__E
 .text.ti_sysbios_knl_Task_SupportProxy_getStackAlignment__E
                0x00000c30        0x4 ../../closure/configPkg/package/cfg/energia_pm3g.om3g
                0x00000c30                ti_sysbios_knl_Task_SupportProxy_getStackAlignment__E
 .text.xdc_runtime_Memory_HeapProxy_alloc__E
                0x00000c34        0xc ../../closure/configPkg/package/cfg/energia_pm3g.om3g
                0x00000c34                xdc_runtime_Memory_HeapProxy_alloc__E
 .text.xdc_runtime_Memory_HeapProxy_free__E
                0x00000c40        0xc ../../closure/configPkg/package/cfg/energia_pm3g.om3g
                0x00000c40                xdc_runtime_Memory_HeapProxy_free__E
 .text.xdc_runtime_System_Module_GateProxy_enter__E
                0x00000c4c        0x4 ../../closure/configPkg/package/cfg/energia_pm3g.om3g
                0x00000c4c                xdc_runtime_System_Module_GateProxy_enter__E
 .text.xdc_runtime_System_Module_GateProxy_leave__E
                0x00000c50        0x4 ../../closure/configPkg/package/cfg/energia_pm3g.om3g
                0x00000c50                xdc_runtime_System_Module_GateProxy_leave__E
 .text.xdc_runtime_System_SupportProxy_abort__E
                0x00000c54        0x4 ../../closure/configPkg/package/cfg/energia_pm3g.om3g
                0x00000c54                xdc_runtime_System_SupportProxy_abort__E
 .text.xdc_runtime_System_SupportProxy_exit__E
                0x00000c58        0x4 ../../closure/configPkg/package/cfg/energia_pm3g.om3g
                0x00000c58                xdc_runtime_System_SupportProxy_exit__E
 .text.xdc_runtime_System_SupportProxy_flush__E
                0x00000c5c        0x4 ../../closure/configPkg/package/cfg/energia_pm3g.om3g
                0x00000c5c                xdc_runtime_System_SupportProxy_flush__E
 .text.ti_sysbios_family_arm_m3_Hwi_Params__init__S
                0x00000c60       0x18 ../../closure/configPkg/package/cfg/energia_pm3g.om3g
                0x00000c60                ti_sysbios_family_arm_m3_Hwi_Params__init(void) static
 .text.ti_sysbios_family_arm_m3_Hwi_Object__get__S
                0x00000c78       0x1c ../../closure/configPkg/package/cfg/energia_pm3g.om3g
                0x00000c78                ti_sysbios_family_arm_m3_Hwi_Object__get(void) static
 .text.ti_sysbios_family_arm_m3_Hwi_construct
                0x00000c94       0x50 ../../closure/configPkg/package/cfg/energia_pm3g.om3g
                0x00000c94                ti_sysbios_family_arm_m3_Hwi_construct
 .text.ti_sysbios_heaps_HeapMem_Object__get__S
                0x00000ce4       0x1c ../../closure/configPkg/package/cfg/energia_pm3g.om3g
                0x00000ce4                ti_sysbios_heaps_HeapMem_Object__get(void) static
 .text.ti_sysbios_knl_Clock_Params__init__S
                0x00000d00       0x18 ../../closure/configPkg/package/cfg/energia_pm3g.om3g
                0x00000d00                ti_sysbios_knl_Clock_Params__init(void) static
 .text.ti_sysbios_knl_Clock_construct
                0x00000d18       0x30 ../../closure/configPkg/package/cfg/energia_pm3g.om3g
                0x00000d18                ti_sysbios_knl_Clock_construct
 .text.ti_sysbios_knl_Mailbox_Object__get__S
                0x00000d48        0xc ../../closure/configPkg/package/cfg/energia_pm3g.om3g
                0x00000d48                ti_sysbios_knl_Mailbox_Object__get(void) static
 .text.ti_sysbios_knl_Queue_Object__get__S
                0x00000d54        0x8 ../../closure/configPkg/package/cfg/energia_pm3g.om3g
                0x00000d54                ti_sysbios_knl_Queue_Object__get(void) static
 .text.ti_sysbios_knl_Queue_construct
                0x00000d5c       0x2c ../../closure/configPkg/package/cfg/energia_pm3g.om3g
                0x00000d5c                ti_sysbios_knl_Queue_construct
 .text.ti_sysbios_knl_Queue_destruct
                0x00000d88       0x20 ../../closure/configPkg/package/cfg/energia_pm3g.om3g
                0x00000d88                ti_sysbios_knl_Queue_destruct
 .text.ti_sysbios_knl_Semaphore_Params__init__S
                0x00000da8       0x18 ../../closure/configPkg/package/cfg/energia_pm3g.om3g
                0x00000da8                ti_sysbios_knl_Semaphore_Params__init(void) static
 .text.ti_sysbios_knl_Semaphore_construct
                0x00000dc0       0x30 ../../closure/configPkg/package/cfg/energia_pm3g.om3g
                0x00000dc0                ti_sysbios_knl_Semaphore_construct
 .text.ti_sysbios_knl_Semaphore_destruct
                0x00000df0       0x24 ../../closure/configPkg/package/cfg/energia_pm3g.om3g
                0x00000df0                ti_sysbios_knl_Semaphore_destruct
 .text.ti_sysbios_knl_Swi_Params__init__S
                0x00000e14       0x18 ../../closure/configPkg/package/cfg/energia_pm3g.om3g
                0x00000e14                ti_sysbios_knl_Swi_Params__init(void) static
 .text.ti_sysbios_knl_Swi_Object__get__S
                0x00000e2c       0x1c ../../closure/configPkg/package/cfg/energia_pm3g.om3g
                0x00000e2c                ti_sysbios_knl_Swi_Object__get(void) static
 .text.ti_sysbios_knl_Swi_construct
                0x00000e48       0x50 ../../closure/configPkg/package/cfg/energia_pm3g.om3g
                0x00000e48                ti_sysbios_knl_Swi_construct
 .text.ti_sysbios_knl_Task_Params__init__S
                0x00000e98       0x18 ../../closure/configPkg/package/cfg/energia_pm3g.om3g
                0x00000e98                ti_sysbios_knl_Task_Params__init(void) static
 .text.ti_sysbios_knl_Task_Object__get__S
                0x00000eb0       0x18 ../../closure/configPkg/package/cfg/energia_pm3g.om3g
                0x00000eb0                ti_sysbios_knl_Task_Object__get(void) static
 .text.ti_sysbios_knl_Task_create
                0x00000ec8       0x54 ../../closure/configPkg/package/cfg/energia_pm3g.om3g
                0x00000ec8                ti_sysbios_knl_Task_create
 .text.delay    0x00000f1c       0x2c ../../closure/ti/runtime/wiring/cc13xx/lib/wiring_cc13xx.m3g.lib(wiring.om3g)
                0x00000f1c                delay
 .text.mode2gpioConfig
                0x00000f48       0x44 ../../closure/ti/runtime/wiring/cc13xx/lib/wiring_cc13xx.m3g.lib(wiring_digital.om3g)
                0x00000f48                mode2gpioConfig
 .text.pinMode  0x00000f8c       0x3c ../../closure/ti/runtime/wiring/cc13xx/lib/wiring_cc13xx.m3g.lib(wiring_digital.om3g)
                0x00000f8c                pinMode
 .text.digitalWrite
                0x00000fc8       0x28 ../../closure/ti/runtime/wiring/cc13xx/lib/wiring_cc13xx.m3g.lib(wiring_digital.om3g)
                0x00000fc8                digitalWrite
 .text.stopAnalogWrite
                0x00000ff0       0x30 ../../closure/ti/runtime/wiring/cc13xx/lib/wiring_cc13xx.m3g.lib(wiring_analog.om3g)
                0x00000ff0                stopAnalogWrite
 .text.stopAnalogRead
                0x00001020       0x2c ../../closure/ti/runtime/wiring/cc13xx/lib/wiring_cc13xx.m3g.lib(wiring_analog.om3g)
                0x00001020                stopAnalogRead
 .text.Board_initPIN
                0x0000104c        0xc ../../closure/ti/runtime/wiring/cc13xx/variants/LAUNCHXL_CC1310/lib/board.m3g.lib(Board_init.om3g)
                0x0000104c                Board_initPIN
 .text.Board_init
                0x00001058       0x16 ../../closure/ti/runtime/wiring/cc13xx/variants/LAUNCHXL_CC1310/lib/board.m3g.lib(Board_init.om3g)
                0x00001058                Board_init
 *fill*         0x0000106e        0x2 
 .text.PWM_close
                0x00001070        0xc ../../closure/ti/drivers/lib/drivers_cc13xxware.am3g(PWM.om3g)
                0x00001070                PWM_close
 .text.PWM_init
                0x0000107c       0x40 ../../closure/ti/drivers/lib/drivers_cc13xxware.am3g(PWM.om3g)
                0x0000107c                PWM_init
 .text.GPIO_hwiIntFxn
                0x000010bc       0x20 ../../closure/ti/drivers/lib/drivers_cc13xxware.am3g(GPIOCC26XX.om3g)
                0x000010bc                GPIO_hwiIntFxn
 .text.GPIO_enableInt
                0x000010dc       0x40 ../../closure/ti/drivers/lib/drivers_cc13xxware.am3g(GPIOCC26XX.om3g)
                0x000010dc                GPIO_enableInt
 .text.GPIO_setConfig
                0x0000111c      0x104 ../../closure/ti/drivers/lib/drivers_cc13xxware.am3g(GPIOCC26XX.om3g)
                0x0000111c                GPIO_setConfig
 .text.GPIO_init
                0x00001220       0xa0 ../../closure/ti/drivers/lib/drivers_cc13xxware.am3g(GPIOCC26XX.om3g)
                0x00001220                GPIO_init
 .text.powerPostNotify
                0x000012c0       0x54 ../../closure/ti/drivers/lib/drivers_cc13xxware.am3g(GPIOCC26XX.om3g)
 .text.GPIO_write
                0x00001314       0x58 ../../closure/ti/drivers/lib/drivers_cc13xxware.am3g(GPIOCC26XX.om3g)
                0x00001314                GPIO_write
 .text.PIN_swi  0x0000136c       0x48 ../../closure/ti/drivers/lib/drivers_cc13xxware.am3g(PINCC26XX.om3g)
 .text.PIN_hwi  0x000013b4       0x1c ../../closure/ti/drivers/lib/drivers_cc13xxware.am3g(PINCC26XX.om3g)
 .text.PINCC26XX_setIoCfg
                0x000013d0       0xc4 ../../closure/ti/drivers/lib/drivers_cc13xxware.am3g(PINCC26XX.om3g)
 .text.PIN_init
                0x00001494      0x22c ../../closure/ti/drivers/lib/drivers_cc13xxware.am3g(PINCC26XX.om3g)
                0x00001494                PIN_init
 .text.PIN_remove
                0x000016c0       0x6c ../../closure/ti/drivers/lib/drivers_cc13xxware.am3g(PINCC26XX.om3g)
                0x000016c0                PIN_remove
 .text.PIN_close
                0x0000172c       0x20 ../../closure/ti/drivers/lib/drivers_cc13xxware.am3g(PINCC26XX.om3g)
                0x0000172c                PIN_close
 .text.PIN_registerIntCb
                0x0000174c        0xc ../../closure/ti/drivers/lib/drivers_cc13xxware.am3g(PINCC26XX.om3g)
                0x0000174c                PIN_registerIntCb
 .text.PIN_setConfig
                0x00001758       0x30 ../../closure/ti/drivers/lib/drivers_cc13xxware.am3g(PINCC26XX.om3g)
                0x00001758                PIN_setConfig
 .text.PIN_open
                0x00001788       0xbc ../../closure/ti/drivers/lib/drivers_cc13xxware.am3g(PINCC26XX.om3g)
                0x00001788                PIN_open
 .text.PIN_add  0x00001844       0x60 ../../closure/ti/drivers/lib/drivers_cc13xxware.am3g(PINCC26XX.om3g)
                0x00001844                PIN_add
 .text.PINCC26XX_setMux
                0x000018a4       0x40 ../../closure/ti/drivers/lib/drivers_cc13xxware.am3g(PINCC26XX.om3g)
                0x000018a4                PINCC26XX_setMux
 .text.emptyClockFunc
                0x000018e4        0x4 ../../closure/ti/drivers/lib/drivers_cc13xxware.am3g(PowerCC26XX.om3g)
 .text.nopResourceHandler
                0x000018e8        0x4 ../../closure/ti/drivers/lib/drivers_cc13xxware.am3g(PowerCC26XX.om3g)
 .text.configureRFCoreClocks
                0x000018ec       0x18 ../../closure/ti/drivers/lib/drivers_cc13xxware.am3g(PowerCC26XX.om3g)
 .text.notify   0x00001904       0x44 ../../closure/ti/drivers/lib/drivers_cc13xxware.am3g(PowerCC26XX.om3g)
 .text.switchXOSCHFclockFunc
                0x00001948       0x98 ../../closure/ti/drivers/lib/drivers_cc13xxware.am3g(PowerCC26XX.om3g)
 .text.configureXOSCHF.part.0
                0x000019e0       0x44 ../../closure/ti/drivers/lib/drivers_cc13xxware.am3g(PowerCC26XX.om3g)
 .text.configureXOSCHF
                0x00001a24       0x20 ../../closure/ti/drivers/lib/drivers_cc13xxware.am3g(PowerCC26XX.om3g)
 .text.Power_getConstraintMask
                0x00001a44        0xc ../../closure/ti/drivers/lib/drivers_cc13xxware.am3g(PowerCC26XX.om3g)
                0x00001a44                Power_getConstraintMask
 .text.Power_getTransitionLatency
                0x00001a50       0x1c ../../closure/ti/drivers/lib/drivers_cc13xxware.am3g(PowerCC26XX.om3g)
                0x00001a50                Power_getTransitionLatency
 .text.Power_idleFunc
                0x00001a6c       0x1c ../../closure/ti/drivers/lib/drivers_cc13xxware.am3g(PowerCC26XX.om3g)
                0x00001a6c                Power_idleFunc
 .text.Power_registerNotify
                0x00001a88       0x20 ../../closure/ti/drivers/lib/drivers_cc13xxware.am3g(PowerCC26XX.om3g)
                0x00001a88                Power_registerNotify
 .text.Power_releaseConstraint
                0x00001aa8       0x34 ../../closure/ti/drivers/lib/drivers_cc13xxware.am3g(PowerCC26XX.om3g)
                0x00001aa8                Power_releaseConstraint
 .text.disableLFClockQualifiers
                0x00001adc       0x88 ../../closure/ti/drivers/lib/drivers_cc13xxware.am3g(PowerCC26XX.om3g)
 .text.Power_releaseDependency
                0x00001b64       0xc0 ../../closure/ti/drivers/lib/drivers_cc13xxware.am3g(PowerCC26XX.om3g)
                0x00001b64                Power_releaseDependency
 .text.Power_setConstraint
                0x00001c24       0x2c ../../closure/ti/drivers/lib/drivers_cc13xxware.am3g(PowerCC26XX.om3g)
                0x00001c24                Power_setConstraint
 .text.Power_init
                0x00001c50      0x128 ../../closure/ti/drivers/lib/drivers_cc13xxware.am3g(PowerCC26XX.om3g)
                0x00001c50                Power_init
 .text.Power_setDependency
                0x00001d78       0xc4 ../../closure/ti/drivers/lib/drivers_cc13xxware.am3g(PowerCC26XX.om3g)
                0x00001d78                Power_setDependency
 .text.Power_sleep
                0x00001e3c      0x24c ../../closure/ti/drivers/lib/drivers_cc13xxware.am3g(PowerCC26XX.om3g)
                0x00001e3c                Power_sleep
 .text.PowerCC26XX_calibrate
                0x00002088       0x70 ../../closure/ti/drivers/lib/drivers_cc13xxware.am3g(PowerCC26XX.om3g)
                0x00002088                PowerCC26XX_calibrate
 .text.PowerCC26XX_initiateCalibration
                0x000020f8       0x70 ../../closure/ti/drivers/lib/drivers_cc13xxware.am3g(PowerCC26XX_calibrateRCOSC.om3g)
                0x000020f8                PowerCC26XX_initiateCalibration
 .text.PowerCC26XX_doCalibrate
                0x00002168      0x1e8 ../../closure/ti/drivers/lib/drivers_cc13xxware.am3g(PowerCC26XX_calibrateRCOSC.om3g)
                0x00002168                PowerCC26XX_doCalibrate
 .text.PowerCC26XX_auxISR
                0x00002350      0x344 ../../closure/ti/drivers/lib/drivers_cc13xxware.am3g(PowerCC26XX_calibrateRCOSC.om3g)
                0x00002350                PowerCC26XX_auxISR
 .text.PowerCC26XX_RCOSC_clockFunc
                0x00002694       0x60 ../../closure/ti/drivers/lib/drivers_cc13xxware.am3g(PowerCC26XX_calibrateRCOSC.om3g)
                0x00002694                PowerCC26XX_RCOSC_clockFunc
 .text.PWMTimerCC26XX_getPeriodCounts
                0x000026f4        0xc ../../closure/ti/drivers/lib/drivers_cc13xxware.am3g(PWMTimerCC26XX.om3g)
                0x000026f4                PWMTimerCC26XX_getPeriodCounts
 .text.PWMTimerCC26XX_getPeriodMicroSecs
                0x00002700        0x8 ../../closure/ti/drivers/lib/drivers_cc13xxware.am3g(PWMTimerCC26XX.om3g)
                0x00002700                PWMTimerCC26XX_getPeriodMicroSecs
 .text.PWMTimerCC26XX_init
                0x00002708        0x8 ../../closure/ti/drivers/lib/drivers_cc13xxware.am3g(PWMTimerCC26XX.om3g)
                0x00002708                PWMTimerCC26XX_init
 .text.PWMTimerCC26XX_control
                0x00002710       0x84 ../../closure/ti/drivers/lib/drivers_cc13xxware.am3g(PWMTimerCC26XX.om3g)
                0x00002710                PWMTimerCC26XX_control
 .text.PWMTimerCC26XX_setDuty
                0x00002794       0xfc ../../closure/ti/drivers/lib/drivers_cc13xxware.am3g(PWMTimerCC26XX.om3g)
                0x00002794                PWMTimerCC26XX_setDuty
 .text.PWMTimerCC26XX_close
                0x00002890       0x70 ../../closure/ti/drivers/lib/drivers_cc13xxware.am3g(PWMTimerCC26XX.om3g)
                0x00002890                PWMTimerCC26XX_close
 .text.PWMTimerCC26XX_open
                0x00002900      0x1d0 ../../closure/ti/drivers/lib/drivers_cc13xxware.am3g(PWMTimerCC26XX.om3g)
                0x00002900                PWMTimerCC26XX_open
 .text.List_empty
                0x00002ad0        0xc ../../closure/ti/drivers/lib/drivers_cc13xxware.am3g(List.om3g)
                0x00002ad0                List_empty
 .text.List_head
                0x00002adc        0x4 ../../closure/ti/drivers/lib/drivers_cc13xxware.am3g(List.om3g)
                0x00002adc                List_head
 .text.List_next
                0x00002ae0        0x4 ../../closure/ti/drivers/lib/drivers_cc13xxware.am3g(List.om3g)
                0x00002ae0                List_next
 .text.List_put
                0x00002ae4       0x2c ../../closure/ti/drivers/lib/drivers_cc13xxware.am3g(List.om3g)
                0x00002ae4                List_put
 .text.PowerCC26XX_standbyPolicy
                0x00002b10       0xc0 ../../closure/ti/drivers/lib/power_cc13xx_tirtos.am3g(PowerCC26XX_tirtos.om3g)
                0x00002b10                PowerCC26XX_standbyPolicy
 .text.ti_sysbios_family_arm_lm4_Timer_enableCC26xx__I
                0x00002bd0       0x44 ../../closure/ti/drivers/lib/power_cc13xx_tirtos.am3g(PowerCC26XX_tirtos.om3g)
                0x00002bd0                ti_sysbios_family_arm_lm4_Timer_enableCC26xx(int0_t)
 .text.HwiP_disable
                0x00002c14        0x4 ../../closure/ti/drivers/ports/lib/tirtosport.am3g(HwiP_tirtos.om3g)
                0x00002c14                HwiP_disable
 .text.HwiP_restore
                0x00002c18        0x4 ../../closure/ti/drivers/ports/lib/tirtosport.am3g(HwiP_tirtos.om3g)
                0x00002c18                HwiP_restore
 .text.ti_sysbios_BIOS_setThreadType__E
                0x00002c1c       0x10 ../../closure/src/sysbios/sysbios.am3g(_BIOS.o)
                0x00002c1c                ti_sysbios_BIOS_setThreadType__E
 .text.ti_sysbios_BIOS_getCpuFreq__E
                0x00002c2c       0x10 ../../closure/src/sysbios/sysbios.am3g(_BIOS.o)
                0x00002c2c                ti_sysbios_BIOS_getCpuFreq__E
 .text.ti_sysbios_BIOS_start__E
                0x00002c3c       0x10 ../../closure/src/sysbios/sysbios.am3g(_BIOS.o)
                0x00002c3c                ti_sysbios_BIOS_start__E
 .text.ti_sysbios_BIOS_exit__E
                0x00002c4c       0x10 ../../closure/src/sysbios/sysbios.am3g(_BIOS.o)
                0x00002c4c                ti_sysbios_BIOS_exit__E
 .text.ti_sysbios_knl_Clock_Module_startup__E
                0x00002c5c       0x1c ../../closure/src/sysbios/sysbios.am3g(knl_Clock.o)
                0x00002c5c                ti_sysbios_knl_Clock_Module_startup__E
 .text.ti_sysbios_knl_Clock_getTicks__E
                0x00002c78       0x20 ../../closure/src/sysbios/sysbios.am3g(knl_Clock.o)
                0x00002c78                ti_sysbios_knl_Clock_getTicks__E
 .text.ti_sysbios_knl_Clock_getTicksUntilInterrupt__E
                0x00002c98       0x2c ../../closure/src/sysbios/sysbios.am3g(knl_Clock.o)
                0x00002c98                ti_sysbios_knl_Clock_getTicksUntilInterrupt__E
 .text.ti_sysbios_knl_Clock_getTimerHandle__E
                0x00002cc4        0xc ../../closure/src/sysbios/sysbios.am3g(knl_Clock.o)
                0x00002cc4                ti_sysbios_knl_Clock_getTimerHandle__E
 .text.ti_sysbios_knl_Clock_scheduleNextTick__E
                0x00002cd0       0x1c ../../closure/src/sysbios/sysbios.am3g(knl_Clock.o)
                0x00002cd0                ti_sysbios_knl_Clock_scheduleNextTick__E
 .text.ti_sysbios_knl_Clock_walkQueueDynamic__E
                0x00002cec       0x74 ../../closure/src/sysbios/sysbios.am3g(knl_Clock.o)
                0x00002cec                ti_sysbios_knl_Clock_walkQueueDynamic__E
 .text.ti_sysbios_knl_Clock_workFuncDynamic__E
                0x00002d60       0x9c ../../closure/src/sysbios/sysbios.am3g(knl_Clock.o)
                0x00002d60                ti_sysbios_knl_Clock_workFuncDynamic__E
 .text.ti_sysbios_knl_Clock_addI__E
                0x00002dfc       0x2c ../../closure/src/sysbios/sysbios.am3g(knl_Clock.o)
                0x00002dfc                ti_sysbios_knl_Clock_addI__E
 .text.ti_sysbios_knl_Clock_removeI__E
                0x00002e28        0x4 ../../closure/src/sysbios/sysbios.am3g(knl_Clock.o)
                0x00002e28                ti_sysbios_knl_Clock_removeI__E
 .text.ti_sysbios_knl_Clock_startI__E
                0x00002e2c       0x68 ../../closure/src/sysbios/sysbios.am3g(knl_Clock.o)
                0x00002e2c                ti_sysbios_knl_Clock_startI__E
 .text.ti_sysbios_knl_Clock_start__E
                0x00002e94       0x16 ../../closure/src/sysbios/sysbios.am3g(knl_Clock.o)
                0x00002e94                ti_sysbios_knl_Clock_start__E
 *fill*         0x00002eaa        0x2 
 .text.ti_sysbios_knl_Clock_Instance_init__E
                0x00002eac       0x3c ../../closure/src/sysbios/sysbios.am3g(knl_Clock.o)
                0x00002eac                ti_sysbios_knl_Clock_Instance_init__E
 .text.ti_sysbios_knl_Clock_stop__E
                0x00002ee8       0x20 ../../closure/src/sysbios/sysbios.am3g(knl_Clock.o)
                0x00002ee8                ti_sysbios_knl_Clock_stop__E
 .text.ti_sysbios_knl_Clock_setTimeout__E
                0x00002f08        0x4 ../../closure/src/sysbios/sysbios.am3g(knl_Clock.o)
                0x00002f08                ti_sysbios_knl_Clock_setTimeout__E
 .text.ti_sysbios_knl_Clock_logTick__E
                0x00002f0c        0x2 ../../closure/src/sysbios/sysbios.am3g(knl_Clock.o)
                0x00002f0c                ti_sysbios_knl_Clock_logTick__E
 .text.ti_sysbios_knl_Clock_triggerFunc__I
                0x00002f0e        0x2 ../../closure/src/sysbios/sysbios.am3g(knl_Clock.o)
                0x00002f0e                ti_sysbios_knl_Clock_triggerFunc(int0_t)
 .text.ti_sysbios_knl_Idle_run__E
                0x00002f10       0x20 ../../closure/src/sysbios/sysbios.am3g(knl_Idle.o)
                0x00002f10                ti_sysbios_knl_Idle_run__E
 .text.ti_sysbios_knl_Idle_loop__E
                0x00002f30        0x8 ../../closure/src/sysbios/sysbios.am3g(knl_Idle.o)
                0x00002f30                ti_sysbios_knl_Idle_loop__E
 .text.ti_sysbios_knl_Mailbox_postInit__I
                0x00002f38       0x34 ../../closure/src/sysbios/sysbios.am3g(knl_Mailbox.o)
                0x00002f38                ti_sysbios_knl_Mailbox_postInit(int0_t)
 .text.ti_sysbios_knl_Mailbox_Module_startup__E
                0x00002f6c       0x40 ../../closure/src/sysbios/sysbios.am3g(knl_Mailbox.o)
                0x00002f6c                ti_sysbios_knl_Mailbox_Module_startup__E
 .text.ti_sysbios_knl_Queue_Instance_init__E
                0x00002fac        0x6 ../../closure/src/sysbios/sysbios.am3g(knl_Queue.o)
                0x00002fac                ti_sysbios_knl_Queue_Instance_init__E
 .text.ti_sysbios_knl_Queue_dequeue__E
                0x00002fb2        0xc ../../closure/src/sysbios/sysbios.am3g(knl_Queue.o)
                0x00002fb2                ti_sysbios_knl_Queue_dequeue__E
 .text.ti_sysbios_knl_Queue_empty__E
                0x00002fbe        0xa ../../closure/src/sysbios/sysbios.am3g(knl_Queue.o)
                0x00002fbe                ti_sysbios_knl_Queue_empty__E
 .text.ti_sysbios_knl_Queue_enqueue__E
                0x00002fc8        0xc ../../closure/src/sysbios/sysbios.am3g(knl_Queue.o)
                0x00002fc8                ti_sysbios_knl_Queue_enqueue__E
 .text.ti_sysbios_knl_Queue_head__E
                0x00002fd4        0x4 ../../closure/src/sysbios/sysbios.am3g(knl_Queue.o)
                0x00002fd4                ti_sysbios_knl_Queue_head__E
 .text.ti_sysbios_knl_Queue_elemClear__E
                0x00002fd8        0x6 ../../closure/src/sysbios/sysbios.am3g(knl_Queue.o)
                0x00002fd8                ti_sysbios_knl_Queue_elemClear__E
 .text.ti_sysbios_knl_Queue_insert__E
                0x00002fde        0xc ../../closure/src/sysbios/sysbios.am3g(knl_Queue.o)
                0x00002fde                ti_sysbios_knl_Queue_insert__E
 .text.ti_sysbios_knl_Queue_next__E
                0x00002fea        0x4 ../../closure/src/sysbios/sysbios.am3g(knl_Queue.o)
                0x00002fea                ti_sysbios_knl_Queue_next__E
 .text.ti_sysbios_knl_Queue_put__E
                0x00002fee       0x1c ../../closure/src/sysbios/sysbios.am3g(knl_Queue.o)
                0x00002fee                ti_sysbios_knl_Queue_put__E
 .text.ti_sysbios_knl_Queue_remove__E
                0x0000300a        0xe ../../closure/src/sysbios/sysbios.am3g(knl_Queue.o)
                0x0000300a                ti_sysbios_knl_Queue_remove__E
 .text.ti_sysbios_knl_Semaphore_pendTimeout__I
                0x00003018       0x2a ../../closure/src/sysbios/sysbios.am3g(knl_Semaphore.o)
                0x00003018                ti_sysbios_knl_Semaphore_pendTimeout(int0_t)
 *fill*         0x00003042        0x2 
 .text.ti_sysbios_knl_Semaphore_Instance_init__E
                0x00003044       0x28 ../../closure/src/sysbios/sysbios.am3g(knl_Semaphore.o)
                0x00003044                ti_sysbios_knl_Semaphore_Instance_init__E
 .text.ti_sysbios_knl_Semaphore_Instance_finalize__E
                0x0000306c       0x10 ../../closure/src/sysbios/sysbios.am3g(knl_Semaphore.o)
                0x0000306c                ti_sysbios_knl_Semaphore_Instance_finalize__E
 .text.ti_sysbios_knl_Semaphore_pend__E
                0x0000307c      0x100 ../../closure/src/sysbios/sysbios.am3g(knl_Semaphore.o)
                0x0000307c                ti_sysbios_knl_Semaphore_pend__E
 .text.ti_sysbios_knl_Semaphore_post__E
                0x0000317c       0x68 ../../closure/src/sysbios/sysbios.am3g(knl_Semaphore.o)
                0x0000317c                ti_sysbios_knl_Semaphore_post__E
 .text.ti_sysbios_knl_Swi_run__I
                0x000031e4       0x68 ../../closure/src/sysbios/sysbios.am3g(knl_Swi.o)
                0x000031e4                ti_sysbios_knl_Swi_run(int0_t)
 .text.ti_sysbios_knl_Swi_runLoop__I
                0x0000324c       0x58 ../../closure/src/sysbios/sysbios.am3g(knl_Swi.o)
                0x0000324c                ti_sysbios_knl_Swi_runLoop(int0_t)
 .text.ti_sysbios_knl_Swi_schedule__I
                0x000032a4       0x58 ../../closure/src/sysbios/sysbios.am3g(knl_Swi.o)
                0x000032a4                ti_sysbios_knl_Swi_schedule(int0_t)
 .text.ti_sysbios_knl_Swi_restore__E.part.0
                0x000032fc       0x34 ../../closure/src/sysbios/sysbios.am3g(knl_Swi.o)
 .text.ti_sysbios_knl_Swi_Module_startup__E
                0x00003330       0x24 ../../closure/src/sysbios/sysbios.am3g(knl_Swi.o)
                0x00003330                ti_sysbios_knl_Swi_Module_startup__E
 .text.ti_sysbios_knl_Swi_startup__E
                0x00003354        0x4 ../../closure/src/sysbios/sysbios.am3g(knl_Swi.o)
                0x00003354                ti_sysbios_knl_Swi_startup__E
 .text.ti_sysbios_knl_Swi_enabled__E
                0x00003358       0x14 ../../closure/src/sysbios/sysbios.am3g(knl_Swi.o)
                0x00003358                ti_sysbios_knl_Swi_enabled__E
 .text.ti_sysbios_knl_Swi_disable__E
                0x0000336c       0x14 ../../closure/src/sysbios/sysbios.am3g(knl_Swi.o)
                0x0000336c                ti_sysbios_knl_Swi_disable__E
 .text.ti_sysbios_knl_Swi_restore__E
                0x00003380        0x8 ../../closure/src/sysbios/sysbios.am3g(knl_Swi.o)
                0x00003380                ti_sysbios_knl_Swi_restore__E
 .text.ti_sysbios_knl_Swi_restoreHwi__E
                0x00003388       0x78 ../../closure/src/sysbios/sysbios.am3g(knl_Swi.o)
                0x00003388                ti_sysbios_knl_Swi_restoreHwi__E
 .text.ti_sysbios_knl_Swi_getTrigger__E
                0x00003400        0xc ../../closure/src/sysbios/sysbios.am3g(knl_Swi.o)
                0x00003400                ti_sysbios_knl_Swi_getTrigger__E
 .text.ti_sysbios_knl_Swi_Instance_init__E
                0x0000340c       0x54 ../../closure/src/sysbios/sysbios.am3g(knl_Swi.o)
                0x0000340c                ti_sysbios_knl_Swi_Instance_init__E
 .text.ti_sysbios_knl_Swi_Instance_finalize__E
                0x00003460        0x2 ../../closure/src/sysbios/sysbios.am3g(knl_Swi.o)
                0x00003460                ti_sysbios_knl_Swi_Instance_finalize__E
 *fill*         0x00003462        0x2 
 .text.ti_sysbios_knl_Swi_post__E
                0x00003464       0x4c ../../closure/src/sysbios/sysbios.am3g(knl_Swi.o)
                0x00003464                ti_sysbios_knl_Swi_post__E
 .text.ti_sysbios_knl_Swi_or__E
                0x000034b0       0x18 ../../closure/src/sysbios/sysbios.am3g(knl_Swi.o)
                0x000034b0                ti_sysbios_knl_Swi_or__E
 .text.ti_sysbios_hal_Hwi_disable
                0x000034c8        0xc ../../closure/src/sysbios/sysbios.am3g(knl_Task.o)
 .text.ti_sysbios_hal_Hwi_enable
                0x000034d4        0xe ../../closure/src/sysbios/sysbios.am3g(knl_Task.o)
 *fill*         0x000034e2        0x2 
 .text.ti_sysbios_knl_Task_disable__E
                0x000034e4       0x14 ../../closure/src/sysbios/sysbios.am3g(knl_Task.o)
                0x000034e4                ti_sysbios_knl_Task_disable__E
 .text.ti_sysbios_knl_Task_self__E
                0x000034f8        0xc ../../closure/src/sysbios/sysbios.am3g(knl_Task.o)
                0x000034f8                ti_sysbios_knl_Task_self__E
 .text.ti_sysbios_knl_Task_processVitalTaskFlag__I
                0x00003504       0x30 ../../closure/src/sysbios/sysbios.am3g(knl_Task.o)
                0x00003504                ti_sysbios_knl_Task_processVitalTaskFlag(int0_t)
 .text.ti_sysbios_knl_Task_getHookContext__E
                0x00003534        0x8 ../../closure/src/sysbios/sysbios.am3g(knl_Task.o)
                0x00003534                ti_sysbios_knl_Task_getHookContext__E
 .text.ti_sysbios_knl_Task_getPri__E
                0x0000353c        0x4 ../../closure/src/sysbios/sysbios.am3g(knl_Task.o)
                0x0000353c                ti_sysbios_knl_Task_getPri__E
 .text.ti_sysbios_knl_Task_blockI__E
                0x00003540       0x4c ../../closure/src/sysbios/sysbios.am3g(knl_Task.o)
                0x00003540                ti_sysbios_knl_Task_blockI__E
 .text.ti_sysbios_knl_Task_unblockI__E
                0x0000358c       0x58 ../../closure/src/sysbios/sysbios.am3g(knl_Task.o)
                0x0000358c                ti_sysbios_knl_Task_unblockI__E
 .text.ti_sysbios_knl_Task_sleepTimeout__I
                0x000035e4       0x1a ../../closure/src/sysbios/sysbios.am3g(knl_Task.o)
                0x000035e4                ti_sysbios_knl_Task_sleepTimeout(int0_t)
 .text.ti_sysbios_knl_Task_unblock__E
                0x000035fe       0x18 ../../closure/src/sysbios/sysbios.am3g(knl_Task.o)
                0x000035fe                ti_sysbios_knl_Task_unblock__E
 *fill*         0x00003616        0x2 
 .text.ti_sysbios_knl_Task_allBlockedFunction__I
                0x00003618       0x3c ../../closure/src/sysbios/sysbios.am3g(knl_Task.o)
                0x00003618                ti_sysbios_knl_Task_allBlockedFunction(int0_t)
 .text.ti_sysbios_knl_Task_schedule__I
                0x00003654       0x80 ../../closure/src/sysbios/sysbios.am3g(knl_Task.o)
                0x00003654                ti_sysbios_knl_Task_schedule(int0_t)
 .text.ti_sysbios_knl_Task_enter__I
                0x000036d4       0x20 ../../closure/src/sysbios/sysbios.am3g(knl_Task.o)
                0x000036d4                ti_sysbios_knl_Task_enter(int0_t)
 .text.ti_sysbios_knl_Task_restore__E.part.2
                0x000036f4       0x28 ../../closure/src/sysbios/sysbios.am3g(knl_Task.o)
 .text.ti_sysbios_knl_Task_restore__E
                0x0000371c        0x8 ../../closure/src/sysbios/sysbios.am3g(knl_Task.o)
                0x0000371c                ti_sysbios_knl_Task_restore__E
 .text.ti_sysbios_knl_Task_exit__E
                0x00003724       0x64 ../../closure/src/sysbios/sysbios.am3g(knl_Task.o)
                0x00003724                ti_sysbios_knl_Task_exit__E
 .text.ti_sysbios_knl_Task_sleep__E
                0x00003788       0x78 ../../closure/src/sysbios/sysbios.am3g(knl_Task.o)
                0x00003788                ti_sysbios_knl_Task_sleep__E
 .text.ti_sysbios_knl_Task_yield__E
                0x00003800       0x4c ../../closure/src/sysbios/sysbios.am3g(knl_Task.o)
                0x00003800                ti_sysbios_knl_Task_yield__E
 .text.ti_sysbios_knl_Task_postInit__I
                0x0000384c       0xc4 ../../closure/src/sysbios/sysbios.am3g(knl_Task.o)
                0x0000384c                ti_sysbios_knl_Task_postInit(int0_t)
 .text.ti_sysbios_knl_Task_Module_startup__E
                0x00003910       0x74 ../../closure/src/sysbios/sysbios.am3g(knl_Task.o)
                0x00003910                ti_sysbios_knl_Task_Module_startup__E
 .text.ti_sysbios_knl_Task_Instance_init__E
                0x00003984       0xe4 ../../closure/src/sysbios/sysbios.am3g(knl_Task.o)
                0x00003984                ti_sysbios_knl_Task_Instance_init__E
 .text.ti_sysbios_knl_Task_Instance_finalize__E
                0x00003a68       0xe8 ../../closure/src/sysbios/sysbios.am3g(knl_Task.o)
                0x00003a68                ti_sysbios_knl_Task_Instance_finalize__E
 .text.ti_sysbios_knl_Task_restoreHwi__E
                0x00003b50       0x20 ../../closure/src/sysbios/sysbios.am3g(knl_Task.o)
                0x00003b50                ti_sysbios_knl_Task_restoreHwi__E
 .text.ti_sysbios_knl_Task_startCore__E
                0x00003b70       0x78 ../../closure/src/sysbios/sysbios.am3g(knl_Task.o)
                0x00003b70                ti_sysbios_knl_Task_startCore__E
 .text.ti_sysbios_knl_Task_startup__E
                0x00003be8        0x6 ../../closure/src/sysbios/sysbios.am3g(knl_Task.o)
                0x00003be8                ti_sysbios_knl_Task_startup__E
 .text.ti_sysbios_hal_Hwi_Module_startup__E
                0x00003bee       0x10 ../../closure/src/sysbios/sysbios.am3g(hal_Hwi.o)
                0x00003bee                ti_sysbios_hal_Hwi_Module_startup__E
 .text.ti_sysbios_hal_Hwi_getStackInfo__E
                0x00003bfe        0x4 ../../closure/src/sysbios/sysbios.am3g(hal_Hwi.o)
                0x00003bfe                ti_sysbios_hal_Hwi_getStackInfo__E
 .text.ti_sysbios_hal_Hwi_switchFromBootStack__E
                0x00003c02        0x4 ../../closure/src/sysbios/sysbios.am3g(hal_Hwi.o)
                0x00003c02                ti_sysbios_hal_Hwi_switchFromBootStack__E
 .text.ti_sysbios_hal_Hwi_initStack
                0x00003c06       0x20 ../../closure/src/sysbios/sysbios.am3g(hal_Hwi_stack.o)
                0x00003c06                ti_sysbios_hal_Hwi_initStack
 .text.ti_sysbios_hal_Hwi_startup__E
                0x00003c26        0x4 ../../closure/src/sysbios/sysbios.am3g(hal_Hwi_startup.o)
                0x00003c26                ti_sysbios_hal_Hwi_startup__E
 .text.ti_sysbios_hal_Timer_Module_startup__E
                0x00003c2a       0x10 ../../closure/src/sysbios/sysbios.am3g(hal_Timer.o)
                0x00003c2a                ti_sysbios_hal_Timer_Module_startup__E
 .text.ti_sysbios_gates_GateHwi_Instance_init__E
                0x00003c3a        0x2 ../../closure/src/sysbios/sysbios.am3g(gates_GateHwi.o)
                0x00003c3a                ti_sysbios_gates_GateHwi_Instance_init__E
 .text.ti_sysbios_gates_GateHwi_enter__E
                0x00003c3c        0xc ../../closure/src/sysbios/sysbios.am3g(gates_GateHwi.o)
                0x00003c3c                ti_sysbios_gates_GateHwi_enter__E
 .text.ti_sysbios_gates_GateHwi_leave__E
                0x00003c48        0x6 ../../closure/src/sysbios/sysbios.am3g(gates_GateHwi.o)
                0x00003c48                ti_sysbios_gates_GateHwi_leave__E
 .text.ti_sysbios_gates_GateHwi_query__E
                0x00003c4e        0x4 ../../closure/src/sysbios/sysbios.am3g(gates_GateHwi.o)
                0x00003c4e                ti_sysbios_gates_GateHwi_query__E
 *fill*         0x00003c52        0x2 
 .text.ti_sysbios_gates_GateMutex_Instance_init__E
                0x00003c54       0x1c ../../closure/src/sysbios/sysbios.am3g(gates_GateMutex.o)
                0x00003c54                ti_sysbios_gates_GateMutex_Instance_init__E
 .text.ti_sysbios_gates_GateMutex_Instance_finalize__E
                0x00003c70       0x10 ../../closure/src/sysbios/sysbios.am3g(gates_GateMutex.o)
                0x00003c70                ti_sysbios_gates_GateMutex_Instance_finalize__E
 .text.ti_sysbios_gates_GateMutex_enter__E
                0x00003c80       0x30 ../../closure/src/sysbios/sysbios.am3g(gates_GateMutex.o)
                0x00003c80                ti_sysbios_gates_GateMutex_enter__E
 .text.ti_sysbios_gates_GateMutex_leave__E
                0x00003cb0       0x14 ../../closure/src/sysbios/sysbios.am3g(gates_GateMutex.o)
                0x00003cb0                ti_sysbios_gates_GateMutex_leave__E
 .text.ti_sysbios_gates_GateMutex_query__E
                0x00003cc4        0x4 ../../closure/src/sysbios/sysbios.am3g(gates_GateMutex.o)
                0x00003cc4                ti_sysbios_gates_GateMutex_query__E
 .text.ti_sysbios_family_arm_m3_Hwi_initNVIC__E
                0x00003cc8       0x80 ../../closure/src/sysbios/sysbios.am3g(m3_Hwi.o)
                0x00003cc8                ti_sysbios_family_arm_m3_Hwi_initNVIC__E
 .text.ti_sysbios_family_arm_m3_Hwi_startup__E
                0x00003d48        0xe ../../closure/src/sysbios/sysbios.am3g(m3_Hwi.o)
                0x00003d48                ti_sysbios_family_arm_m3_Hwi_startup__E
 .text.ti_sysbios_family_arm_m3_Hwi_disableFxn__E
                0x00003d56        0xc ../../closure/src/sysbios/sysbios.am3g(m3_Hwi.o)
                0x00003d56                ti_sysbios_family_arm_m3_Hwi_disableFxn__E
 .text.ti_sysbios_family_arm_m3_Hwi_restoreFxn__E
                0x00003d62        0x6 ../../closure/src/sysbios/sysbios.am3g(m3_Hwi.o)
                0x00003d62                ti_sysbios_family_arm_m3_Hwi_restoreFxn__E
 .text.ti_sysbios_family_arm_m3_Hwi_disableInterrupt__E
                0x00003d68       0x48 ../../closure/src/sysbios/sysbios.am3g(m3_Hwi.o)
                0x00003d68                ti_sysbios_family_arm_m3_Hwi_disableInterrupt__E
 .text.ti_sysbios_family_arm_m3_Hwi_enableInterrupt__E
                0x00003db0       0x44 ../../closure/src/sysbios/sysbios.am3g(m3_Hwi.o)
                0x00003db0                ti_sysbios_family_arm_m3_Hwi_enableInterrupt__E
 .text.ti_sysbios_family_arm_m3_Hwi_clearInterrupt__E
                0x00003df4       0x20 ../../closure/src/sysbios/sysbios.am3g(m3_Hwi.o)
                0x00003df4                ti_sysbios_family_arm_m3_Hwi_clearInterrupt__E
 .text.ti_sysbios_family_arm_m3_Hwi_plug__E
                0x00003e14       0x18 ../../closure/src/sysbios/sysbios.am3g(m3_Hwi.o)
                0x00003e14                ti_sysbios_family_arm_m3_Hwi_plug__E
 .text.ti_sysbios_family_arm_m3_Hwi_Instance_finalize__E
                0x00003e2c       0x30 ../../closure/src/sysbios/sysbios.am3g(m3_Hwi.o)
                0x00003e2c                ti_sysbios_family_arm_m3_Hwi_Instance_finalize__E
 .text.ti_sysbios_family_arm_m3_Hwi_switchFromBootStack__E
                0x00003e5c       0x1c ../../closure/src/sysbios/sysbios.am3g(m3_Hwi.o)
                0x00003e5c                ti_sysbios_family_arm_m3_Hwi_switchFromBootStack__E
 .text.ti_sysbios_family_arm_m3_Hwi_getStackInfo__E
                0x00003e78       0x3c ../../closure/src/sysbios/sysbios.am3g(m3_Hwi.o)
                0x00003e78                ti_sysbios_family_arm_m3_Hwi_getStackInfo__E
 .text.ti_sysbios_family_arm_m3_Hwi_setPriority__E
                0x00003eb4       0x28 ../../closure/src/sysbios/sysbios.am3g(m3_Hwi.o)
                0x00003eb4                ti_sysbios_family_arm_m3_Hwi_setPriority__E
 .text.ti_sysbios_family_arm_m3_Hwi_postInit__I
                0x00003edc       0x58 ../../closure/src/sysbios/sysbios.am3g(m3_Hwi.o)
                0x00003edc                ti_sysbios_family_arm_m3_Hwi_postInit(int0_t)
 .text.ti_sysbios_family_arm_m3_Hwi_Module_startup__E
                0x00003f34       0x54 ../../closure/src/sysbios/sysbios.am3g(m3_Hwi.o)
                0x00003f34                ti_sysbios_family_arm_m3_Hwi_Module_startup__E
 .text.ti_sysbios_family_arm_m3_Hwi_Instance_init__E
                0x00003f88       0x8c ../../closure/src/sysbios/sysbios.am3g(m3_Hwi.o)
                0x00003f88                ti_sysbios_family_arm_m3_Hwi_Instance_init__E
 .text.ti_sysbios_family_arm_m3_Hwi_excHandler__I
                0x00004014       0x20 ../../closure/src/sysbios/sysbios.am3g(m3_Hwi.o)
                0x00004014                ti_sysbios_family_arm_m3_Hwi_excHandler(int0_t)
 .text.ti_sysbios_family_arm_m3_Hwi_dispatchC__I
                0x00004034       0x68 ../../closure/src/sysbios/sysbios.am3g(m3_Hwi.o)
                0x00004034                ti_sysbios_family_arm_m3_Hwi_dispatchC(int0_t)
 .text.ti_sysbios_family_arm_m3_Hwi_doSwiRestore__I
                0x0000409c        0x6 ../../closure/src/sysbios/sysbios.am3g(m3_Hwi.o)
                0x0000409c                ti_sysbios_family_arm_m3_Hwi_doSwiRestore(int0_t)
 .text.ti_sysbios_family_arm_m3_Hwi_doTaskRestore__I
                0x000040a2        0x6 ../../closure/src/sysbios/sysbios.am3g(m3_Hwi.o)
                0x000040a2                ti_sysbios_family_arm_m3_Hwi_doTaskRestore(int0_t)
 .text.ti_sysbios_family_arm_m3_TaskSupport_start__E
                0x000040a8       0x32 ../../closure/src/sysbios/sysbios.am3g(m3_TaskSupport.o)
                0x000040a8                ti_sysbios_family_arm_m3_TaskSupport_start__E
 *fill*         0x000040da        0x2 
 .text.ti_sysbios_family_arm_m3_TaskSupport_getStackAlignment__E
                0x000040dc        0xc ../../closure/src/sysbios/sysbios.am3g(m3_TaskSupport.o)
                0x000040dc                ti_sysbios_family_arm_m3_TaskSupport_getStackAlignment__E
 .text.ti_sysbios_family_arm_m3_Timer_periodicStub__I
                0x000040e8       0x38 ../../closure/src/sysbios/sysbios.am3g(m3_Timer.o)
                0x000040e8                ti_sysbios_family_arm_m3_Timer_periodicStub(int0_t)
 .text.ti_sysbios_family_arm_m3_Timer_getHandle__E
                0x00004120        0xc ../../closure/src/sysbios/sysbios.am3g(m3_Timer.o)
                0x00004120                ti_sysbios_family_arm_m3_Timer_getHandle__E
 .text.ti_sysbios_family_arm_m3_Timer_initDevice__I
                0x0000412c       0x34 ../../closure/src/sysbios/sysbios.am3g(m3_Timer.o)
                0x0000412c                ti_sysbios_family_arm_m3_Timer_initDevice(int0_t)
 .text.ti_sysbios_family_arm_m3_Timer_start__E
                0x00004160       0x40 ../../closure/src/sysbios/sysbios.am3g(m3_Timer.o)
                0x00004160                ti_sysbios_family_arm_m3_Timer_start__E
 .text.ti_sysbios_family_arm_m3_Timer_startup__E
                0x000041a0       0x24 ../../closure/src/sysbios/sysbios.am3g(m3_Timer.o)
                0x000041a0                ti_sysbios_family_arm_m3_Timer_startup__E
 .text.ti_sysbios_family_arm_m3_Timer_stop__E
                0x000041c4       0x18 ../../closure/src/sysbios/sysbios.am3g(m3_Timer.o)
                0x000041c4                ti_sysbios_family_arm_m3_Timer_stop__E
 .text.ti_sysbios_family_arm_m3_Timer_setPeriod__E
                0x000041dc       0x4c ../../closure/src/sysbios/sysbios.am3g(m3_Timer.o)
                0x000041dc                ti_sysbios_family_arm_m3_Timer_setPeriod__E
 .text.ti_sysbios_family_arm_m3_Timer_postInit__I
                0x00004228       0x22 ../../closure/src/sysbios/sysbios.am3g(m3_Timer.o)
                0x00004228                ti_sysbios_family_arm_m3_Timer_postInit(int0_t)
 *fill*         0x0000424a        0x2 
 .text.ti_sysbios_family_arm_m3_Timer_Module_startup__E
                0x0000424c       0x28 ../../closure/src/sysbios/sysbios.am3g(m3_Timer.o)
                0x0000424c                ti_sysbios_family_arm_m3_Timer_Module_startup__E
 .text.ti_sysbios_family_arm_m3_TimestampProvider_Module_startup__E
                0x00004274       0x20 ../../closure/src/sysbios/sysbios.am3g(m3_TimestampProvider.o)
                0x00004274                ti_sysbios_family_arm_m3_TimestampProvider_Module_startup__E
 .text.ti_sysbios_family_arm_m3_TimestampProvider_startTimer__E
                0x00004294        0xc ../../closure/src/sysbios/sysbios.am3g(m3_TimestampProvider.o)
                0x00004294                ti_sysbios_family_arm_m3_TimestampProvider_startTimer__E
 .text.ti_sysbios_family_arm_m3_TimestampProvider_rolloverFunc__E
                0x000042a0        0x2 ../../closure/src/sysbios/sysbios.am3g(m3_TimestampProvider.o)
                0x000042a0                ti_sysbios_family_arm_m3_TimestampProvider_rolloverFunc__E
 .text.ti_sysbios_heaps_HeapMem_restore__E
                0x000042a2        0xe ../../closure/src/sysbios/sysbios.am3g(heaps_HeapMem.o)
                0x000042a2                ti_sysbios_heaps_HeapMem_restore__E
 .text.ti_sysbios_heaps_HeapMem_initPrimary__I
                0x000042b0       0x5c ../../closure/src/sysbios/sysbios.am3g(heaps_HeapMem.o)
                0x000042b0                ti_sysbios_heaps_HeapMem_initPrimary(int0_t)
 .text.ti_sysbios_heaps_HeapMem_Instance_init__E
                0x0000430c       0x44 ../../closure/src/sysbios/sysbios.am3g(heaps_HeapMem.o)
                0x0000430c                ti_sysbios_heaps_HeapMem_Instance_init__E
 .text.ti_sysbios_heaps_HeapMem_alloc__E
                0x00004350       0xc0 ../../closure/src/sysbios/sysbios.am3g(heaps_HeapMem.o)
                0x00004350                ti_sysbios_heaps_HeapMem_alloc__E
 .text.ti_sysbios_heaps_HeapMem_free__E
                0x00004410       0x78 ../../closure/src/sysbios/sysbios.am3g(heaps_HeapMem.o)
                0x00004410                ti_sysbios_heaps_HeapMem_free__E
 .text.ti_sysbios_heaps_HeapMem_isBlocking__E
                0x00004488        0x6 ../../closure/src/sysbios/sysbios.am3g(heaps_HeapMem.o)
                0x00004488                ti_sysbios_heaps_HeapMem_isBlocking__E
 *fill*         0x0000448e        0x2 
 .text.ti_sysbios_heaps_HeapMem_getStats__E
                0x00004490       0x44 ../../closure/src/sysbios/sysbios.am3g(heaps_HeapMem.o)
                0x00004490                ti_sysbios_heaps_HeapMem_getStats__E
 .text.ti_sysbios_family_arm_lm4_Timer_masterDisable__I
                0x000044d4        0x8 ../../closure/src/sysbios/sysbios.am3g(lm4_Timer.o)
                0x000044d4                ti_sysbios_family_arm_lm4_Timer_masterDisable(int0_t)
 .text.ti_sysbios_family_arm_lm4_Timer_masterEnable__I
                0x000044dc        0x4 ../../closure/src/sysbios/sysbios.am3g(lm4_Timer.o)
                0x000044dc                ti_sysbios_family_arm_lm4_Timer_masterEnable(int0_t)
 .text.ti_sysbios_family_arm_lm4_Timer_write__I
                0x000044e0       0x24 ../../closure/src/sysbios/sysbios.am3g(lm4_Timer.o)
                0x000044e0                ti_sysbios_family_arm_lm4_Timer_write(int0_t)
 .text.ti_sysbios_family_arm_lm4_Timer_initDevice__I
                0x00004504       0x40 ../../closure/src/sysbios/sysbios.am3g(lm4_Timer.o)
                0x00004504                ti_sysbios_family_arm_lm4_Timer_initDevice(int0_t)
 .text.ti_sysbios_family_arm_lm4_Timer_enableTimers__I
                0x00004544       0x38 ../../closure/src/sysbios/sysbios.am3g(lm4_Timer.o)
                0x00004544                ti_sysbios_family_arm_lm4_Timer_enableTimers(int0_t)
 .text.ti_sysbios_family_arm_lm4_Timer_start__E
                0x0000457c       0xfc ../../closure/src/sysbios/sysbios.am3g(lm4_Timer.o)
                0x0000457c                ti_sysbios_family_arm_lm4_Timer_start__E
 .text.ti_sysbios_family_arm_lm4_Timer_startup__E
                0x00004678       0x3c ../../closure/src/sysbios/sysbios.am3g(lm4_Timer.o)
                0x00004678                ti_sysbios_family_arm_lm4_Timer_startup__E
 .text.ti_sysbios_family_arm_lm4_Timer_stop__E
                0x000046b4       0x34 ../../closure/src/sysbios/sysbios.am3g(lm4_Timer.o)
                0x000046b4                ti_sysbios_family_arm_lm4_Timer_stop__E
 .text.ti_sysbios_family_arm_lm4_Timer_postInit__I
                0x000046e8       0x1e ../../closure/src/sysbios/sysbios.am3g(lm4_Timer.o)
                0x000046e8                ti_sysbios_family_arm_lm4_Timer_postInit(int0_t)
 *fill*         0x00004706        0x2 
 .text.ti_sysbios_family_arm_lm4_Timer_Module_startup__E
                0x00004708       0x3c ../../closure/src/sysbios/sysbios.am3g(lm4_Timer.o)
                0x00004708                ti_sysbios_family_arm_lm4_Timer_Module_startup__E
 .text.ti_sysbios_family_arm_lm4_Timer_getAvailMask__E
                0x00004744        0xc ../../closure/src/sysbios/sysbios.am3g(lm4_Timer.o)
                0x00004744                ti_sysbios_family_arm_lm4_Timer_getAvailMask__E
 .text.ti_sysbios_family_arm_lm4_Timer_setAvailMask__E
                0x00004750       0x48 ../../closure/src/sysbios/sysbios.am3g(lm4_Timer.o)
                0x00004750                ti_sysbios_family_arm_lm4_Timer_setAvailMask__E
 .text.ti_sysbios_family_arm_cc26xx_Boot_trimDevice
                0x00004798        0x4 ../../closure/src/sysbios/sysbios.am3g(cc26xx_Boot.o)
                0x00004798                ti_sysbios_family_arm_cc26xx_Boot_trimDevice
 .text.ti_sysbios_family_arm_cc26xx_Timer_getMaxTicks__E
                0x0000479c       0x20 ../../closure/src/sysbios/sysbios.am3g(cc26xx_Timer.o)
                0x0000479c                ti_sysbios_family_arm_cc26xx_Timer_getMaxTicks__E
 .text.ti_sysbios_family_arm_cc26xx_Timer_setThreshold__I
                0x000047bc       0x30 ../../closure/src/sysbios/sysbios.am3g(cc26xx_Timer.o)
                0x000047bc                ti_sysbios_family_arm_cc26xx_Timer_setThreshold(int0_t)
 .text.ti_sysbios_family_arm_cc26xx_Timer_setNextTick__E
                0x000047ec       0x2e ../../closure/src/sysbios/sysbios.am3g(cc26xx_Timer.o)
                0x000047ec                ti_sysbios_family_arm_cc26xx_Timer_setNextTick__E
 *fill*         0x0000481a        0x2 
 .text.ti_sysbios_family_arm_cc26xx_Timer_start__E
                0x0000481c       0x7c ../../closure/src/sysbios/sysbios.am3g(cc26xx_Timer.o)
                0x0000481c                ti_sysbios_family_arm_cc26xx_Timer_start__E
 .text.ti_sysbios_family_arm_cc26xx_Timer_startup__E
                0x00004898       0x24 ../../closure/src/sysbios/sysbios.am3g(cc26xx_Timer.o)
                0x00004898                ti_sysbios_family_arm_cc26xx_Timer_startup__E
 .text.ti_sysbios_family_arm_cc26xx_Timer_dynamicStub__E
                0x000048bc       0x1c ../../closure/src/sysbios/sysbios.am3g(cc26xx_Timer.o)
                0x000048bc                ti_sysbios_family_arm_cc26xx_Timer_dynamicStub__E
 .text.ti_sysbios_family_arm_cc26xx_Timer_getCurrentTick__E
                0x000048d8       0x2c ../../closure/src/sysbios/sysbios.am3g(cc26xx_Timer.o)
                0x000048d8                ti_sysbios_family_arm_cc26xx_Timer_getCurrentTick__E
 .text.ti_sysbios_family_arm_cc26xx_Timer_initDevice__I
                0x00004904       0x3c ../../closure/src/sysbios/sysbios.am3g(cc26xx_Timer.o)
                0x00004904                ti_sysbios_family_arm_cc26xx_Timer_initDevice(int0_t)
 .text.ti_sysbios_family_arm_cc26xx_Timer_postInit__I
                0x00004940       0x18 ../../closure/src/sysbios/sysbios.am3g(cc26xx_Timer.o)
                0x00004940                ti_sysbios_family_arm_cc26xx_Timer_postInit(int0_t)
 .text.ti_sysbios_family_arm_cc26xx_Timer_Module_startup__E
                0x00004958       0x28 ../../closure/src/sysbios/sysbios.am3g(cc26xx_Timer.o)
                0x00004958                ti_sysbios_family_arm_cc26xx_Timer_Module_startup__E
 .text.ti_sysbios_family_arm_cc26xx_TimestampProvider_Module_startup__E
                0x00004980       0x20 ../../closure/src/sysbios/sysbios.am3g(cc26xx_TimestampProvider.o)
                0x00004980                ti_sysbios_family_arm_cc26xx_TimestampProvider_Module_startup__E
 .text.ti_sysbios_rts_gnu_ReentSupport_Module_startup__E
                0x000049a0       0x22 ../../closure/src/sysbios/sysbios.am3g(gnu_ReentSupport.o)
                0x000049a0                ti_sysbios_rts_gnu_ReentSupport_Module_startup__E
 *fill*         0x000049c2        0x2 
 .text.ti_sysbios_rts_gnu_ReentSupport_taskRegHook__I
                0x000049c4        0xc ../../closure/src/sysbios/sysbios.am3g(gnu_ReentSupport.o)
                0x000049c4                ti_sysbios_rts_gnu_ReentSupport_taskRegHook(int0_t)
 .text.ti_sysbios_rts_gnu_ReentSupport_taskDeleteHook__I
                0x000049d0       0x30 ../../closure/src/sysbios/sysbios.am3g(gnu_ReentSupport.o)
                0x000049d0                ti_sysbios_rts_gnu_ReentSupport_taskDeleteHook(int0_t)
 .text.xdc_runtime_Core_createObject__I
                0x00004a00       0xf0 ../../closure/gnu/targets/arm/rtsv7M/lib/gnu.targets.arm.rtsv7M.am3g(Core-mem.om3g)
                0x00004a00                xdc_runtime_Core_createObject(int0_t)
 .text.xdc_runtime_Core_deleteObject__I
                0x00004af0       0x64 ../../closure/gnu/targets/arm/rtsv7M/lib/gnu.targets.arm.rtsv7M.am3g(Core-mem.om3g)
                0x00004af0                xdc_runtime_Core_deleteObject(int0_t)
 .text.xdc_runtime_Core_constructObject__I
                0x00004b54       0xbc ../../closure/gnu/targets/arm/rtsv7M/lib/gnu.targets.arm.rtsv7M.am3g(Core-smem.om3g)
                0x00004b54                xdc_runtime_Core_constructObject(int0_t)
 .text.xdc_runtime_Core_assignLabel__I
                0x00004c10       0x3c ../../closure/gnu/targets/arm/rtsv7M/lib/gnu.targets.arm.rtsv7M.am3g(Core-label.om3g)
                0x00004c10                xdc_runtime_Core_assignLabel(int0_t)
 .text.xdc_runtime_Core_assignParams__I
                0x00004c4c       0x40 ../../closure/gnu/targets/arm/rtsv7M/lib/gnu.targets.arm.rtsv7M.am3g(Core-params.om3g)
                0x00004c4c                xdc_runtime_Core_assignParams(int0_t)
 .text.xdc_runtime_Error_init__E
                0x00004c8c        0xc ../../closure/gnu/targets/arm/rtsv7M/lib/gnu.targets.arm.rtsv7M.am3g(Error.om3g)
                0x00004c8c                xdc_runtime_Error_init__E
 .text.xdc_runtime_Error_check__E
                0x00004c98       0x20 ../../closure/gnu/targets/arm/rtsv7M/lib/gnu.targets.arm.rtsv7M.am3g(Error.om3g)
                0x00004c98                xdc_runtime_Error_check__E
 .text.xdc_runtime_Error_raiseX__E
                0x00004cb8       0x20 ../../closure/gnu/targets/arm/rtsv7M/lib/gnu.targets.arm.rtsv7M.am3g(Error.om3g)
                0x00004cb8                xdc_runtime_Error_raiseX__E
 .text.xdc_runtime_Error_policySpin__E
                0x00004cd8        0x4 ../../closure/gnu/targets/arm/rtsv7M/lib/gnu.targets.arm.rtsv7M.am3g(Error.om3g)
                0x00004cd8                xdc_runtime_Error_policySpin__E
 .text.xdc_runtime_Gate_enterSystem__E
                0x00004cdc        0xc ../../closure/gnu/targets/arm/rtsv7M/lib/gnu.targets.arm.rtsv7M.am3g(Gate.om3g)
                0x00004cdc                xdc_runtime_Gate_enterSystem__E
 .text.xdc_runtime_Gate_leaveSystem__E
                0x00004ce8       0x10 ../../closure/gnu/targets/arm/rtsv7M/lib/gnu.targets.arm.rtsv7M.am3g(Gate.om3g)
                0x00004ce8                xdc_runtime_Gate_leaveSystem__E
 .text.xdc_runtime_Memory_alloc__E
                0x00004cf8       0x80 ../../closure/gnu/targets/arm/rtsv7M/lib/gnu.targets.arm.rtsv7M.am3g(Memory.om3g)
                0x00004cf8                xdc_runtime_Memory_alloc__E
 .text.xdc_runtime_Memory_free__E
                0x00004d78       0x14 ../../closure/gnu/targets/arm/rtsv7M/lib/gnu.targets.arm.rtsv7M.am3g(Memory.om3g)
                0x00004d78                xdc_runtime_Memory_free__E
 .text.xdc_runtime_Memory_valloc__E
                0x00004d8c       0x1c ../../closure/gnu/targets/arm/rtsv7M/lib/gnu.targets.arm.rtsv7M.am3g(Memory.om3g)
                0x00004d8c                xdc_runtime_Memory_valloc__E
 .text.xdc_runtime_Memory_calloc__E
                0x00004da8       0x14 ../../closure/gnu/targets/arm/rtsv7M/lib/gnu.targets.arm.rtsv7M.am3g(Memory.om3g)
                0x00004da8                xdc_runtime_Memory_calloc__E
 .text.xdc_runtime_Startup_exec__E
                0x00004dbc       0x5c ../../closure/gnu/targets/arm/rtsv7M/lib/gnu.targets.arm.rtsv7M.am3g(Startup.om3g)
                0x00004dbc                xdc_runtime_Startup_exec__E
 .text.xdc_runtime_Startup_startMods__I
                0x00004e18       0xe8 ../../closure/gnu/targets/arm/rtsv7M/lib/gnu.targets.arm.rtsv7M.am3g(Startup.om3g)
                0x00004e18                xdc_runtime_Startup_startMods(int0_t)
 .text.xdc_runtime_System_Module_startup__E
                0x00004f00        0x8 ../../closure/gnu/targets/arm/rtsv7M/lib/gnu.targets.arm.rtsv7M.am3g(System.om3g)
                0x00004f00                xdc_runtime_System_Module_startup__E
 .text.xdc_runtime_System_abort__E
                0x00004f08       0x1c ../../closure/gnu/targets/arm/rtsv7M/lib/gnu.targets.arm.rtsv7M.am3g(System.om3g)
                0x00004f08                xdc_runtime_System_abort__E
 .text.xdc_runtime_System_atexit__E
                0x00004f24       0x3c ../../closure/gnu/targets/arm/rtsv7M/lib/gnu.targets.arm.rtsv7M.am3g(System.om3g)
                0x00004f24                xdc_runtime_System_atexit__E
 .text.xdc_runtime_System_abortSpin__E
                0x00004f60        0x4 ../../closure/gnu/targets/arm/rtsv7M/lib/gnu.targets.arm.rtsv7M.am3g(System.om3g)
                0x00004f60                xdc_runtime_System_abortSpin__E
 .text.xdc_runtime_System_exitSpin__E
                0x00004f64        0x4 ../../closure/gnu/targets/arm/rtsv7M/lib/gnu.targets.arm.rtsv7M.am3g(System.om3g)
                0x00004f64                xdc_runtime_System_exitSpin__E
 .text.xdc_runtime_System_processAtExit__E
                0x00004f68       0x38 ../../closure/gnu/targets/arm/rtsv7M/lib/gnu.targets.arm.rtsv7M.am3g(System.om3g)
                0x00004f68                xdc_runtime_System_processAtExit__E
 .text.xdc_runtime_System_exit__E
                0x00004fa0       0x18 ../../closure/gnu/targets/arm/rtsv7M/lib/gnu.targets.arm.rtsv7M.am3g(System.om3g)
                0x00004fa0                xdc_runtime_System_exit__E
 .text.xdc_runtime_System_flush__E
                0x00004fb8        0x4 ../../closure/gnu/targets/arm/rtsv7M/lib/gnu.targets.arm.rtsv7M.am3g(System.om3g)
                0x00004fb8                xdc_runtime_System_flush__E
 .text.xdc_runtime_SysCallback_abort__E
                0x00004fbc       0x10 ../../closure/gnu/targets/arm/rtsv7M/lib/gnu.targets.arm.rtsv7M.am3g(SysCallback.om3g)
                0x00004fbc                xdc_runtime_SysCallback_abort__E
 .text.xdc_runtime_SysCallback_exit__E
                0x00004fcc       0x10 ../../closure/gnu/targets/arm/rtsv7M/lib/gnu.targets.arm.rtsv7M.am3g(SysCallback.om3g)
                0x00004fcc                xdc_runtime_SysCallback_exit__E
 .text.xdc_runtime_SysCallback_flush__E
                0x00004fdc       0x10 ../../closure/gnu/targets/arm/rtsv7M/lib/gnu.targets.arm.rtsv7M.am3g(SysCallback.om3g)
                0x00004fdc                xdc_runtime_SysCallback_flush__E
 .text.xdc_runtime_SysCallback_defaultFlush
                0x00004fec        0x4 ../../closure/gnu/targets/arm/rtsv7M/lib/gnu.targets.arm.rtsv7M.am3g(SysCallback.om3g)
                0x00004fec                xdc_runtime_SysCallback_defaultFlush
 .text.xdc_runtime_SysCallback_defaultAbort
                0x00004ff0        0x4 ../../closure/gnu/targets/arm/rtsv7M/lib/gnu.targets.arm.rtsv7M.am3g(SysCallback.om3g)
                0x00004ff0                xdc_runtime_SysCallback_defaultAbort
 .text.xdc_runtime_SysCallback_defaultExit
                0x00004ff4        0x4 ../../closure/gnu/targets/arm/rtsv7M/lib/gnu.targets.arm.rtsv7M.am3g(SysCallback.om3g)
                0x00004ff4                xdc_runtime_SysCallback_defaultExit
 .text.xdc_runtime_Text_cordText__E
                0x00004ff8       0x2c ../../closure/gnu/targets/arm/rtsv7M/lib/gnu.targets.arm.rtsv7M.am3g(Text.om3g)
                0x00004ff8                xdc_runtime_Text_cordText__E
 .text.xdc_runtime_Text_ropeText__E
                0x00005024       0x14 ../../closure/gnu/targets/arm/rtsv7M/lib/gnu.targets.arm.rtsv7M.am3g(Text.om3g)
                0x00005024                xdc_runtime_Text_ropeText__E
 .text.xdc_runtime_Assert_raise__I
                0x00005038       0x54 ../../closure/gnu/targets/arm/rtsv7M/lib/gnu.targets.arm.rtsv7M.am3g(Assert.om3g)
                0x00005038                xdc_runtime_Assert_raise(int0_t)
 .text.startupC
                0x0000508c       0x98 ../../closure/gnu/targets/arm/rtsv7M/lib/boot.am3g(startup.om3g)
                0x0000508c                startupC
 .text._fini    0x00005124        0x4 ../../closure/gnu/targets/arm/rtsv7M/lib/boot.am3g(startup.om3g)
                0x00005124                _fini
 .text._exit    0x00005128        0x4 ../../closure/gnu/targets/arm/rtsv7M/lib/syscalls.am3g(syscalls.om3g)
                0x00005128                C$$EXIT
                0x00005128                _exit
 .text.memset   0x0000512c       0x94 /db/vendors/linaro/gcc-arm-none-eabi-4_8-2014q3/bin/../lib/gcc/arm-none-eabi/4.8.4/../../../../arm-none-eabi/lib/armv7-m/libc.a(lib_a-memset.o)
                0x0000512c                memset
 .text.cleanup_glue
                0x000051c0       0x1c /db/vendors/linaro/gcc-arm-none-eabi-4_8-2014q3/bin/../lib/gcc/arm-none-eabi/4.8.4/../../../../arm-none-eabi/lib/armv7-m/libc.a(lib_a-reent.o)
                0x000051c0                cleanup_glue
 .text._reclaim_reent
                0x000051dc       0x90 /db/vendors/linaro/gcc-arm-none-eabi-4_8-2014q3/bin/../lib/gcc/arm-none-eabi/4.8.4/../../../../arm-none-eabi/lib/armv7-m/libc.a(lib_a-reent.o)
                0x000051dc                _reclaim_reent
 .text.startup.register_fini
                0x0000526c       0x14 /db/vendors/linaro/gcc-arm-none-eabi-4_8-2014q3/bin/../lib/gcc/arm-none-eabi/4.8.4/../../../../arm-none-eabi/lib/armv7-m/libc.a(lib_a-__call_atexit.o)
 .text.atexit   0x00005280        0xc /db/vendors/linaro/gcc-arm-none-eabi-4_8-2014q3/bin/../lib/gcc/arm-none-eabi/4.8.4/../../../../arm-none-eabi/lib/armv7-m/libc.a(lib_a-atexit.o)
                0x00005280                atexit
 .text.__libc_fini_array
                0x0000528c       0x30 /db/vendors/linaro/gcc-arm-none-eabi-4_8-2014q3/bin/../lib/gcc/arm-none-eabi/4.8.4/../../../../arm-none-eabi/lib/armv7-m/libc.a(lib_a-fini.o)
                0x0000528c                __libc_fini_array
 .text.__register_exitproc
                0x000052bc       0xa8 /db/vendors/linaro/gcc-arm-none-eabi-4_8-2014q3/bin/../lib/gcc/arm-none-eabi/4.8.4/../../../../arm-none-eabi/lib/armv7-m/libc.a(lib_a-__atexit.o)
                0x000052bc                __register_exitproc
                0x00005364                . = ALIGN (0x4)
 *(.ctors)
                0x00005364                . = ALIGN (0x4)
 *(.dtors)
                0x00005364                . = ALIGN (0x4)
                0x00005364                __init_array_start = .
 *(.init_array*)
 .init_array.00000
                0x00005364        0x4 /db/vendors/linaro/gcc-arm-none-eabi-4_8-2014q3/bin/../lib/gcc/arm-none-eabi/4.8.4/../../../../arm-none-eabi/lib/armv7-m/libc.a(lib_a-__call_atexit.o)
                0x00005368                __init_array_end = .
 *(.init)
 *(.fini*)
                0x00005368                PROVIDE (__etext, .)
                0x00005368                PROVIDE (_etext, .)
                0x00005368                PROVIDE (etext, .)

.glue_7         0x00005368        0x0
 .glue_7        0x00000000        0x0 linker stubs

.glue_7t        0x00005368        0x0
 .glue_7t       0x00000000        0x0 linker stubs

.vfp11_veneer   0x00005368        0x0
 .vfp11_veneer  0x00000000        0x0 linker stubs

.v4_bx          0x00005368        0x0
 .v4_bx         0x00000000        0x0 linker stubs

.iplt           0x00005368        0x0
 .iplt          0x00000000        0x0 blink.obj

.c_int00        0x00005368       0x34
 .c_int00       0x00005368       0x34 ../../closure/gnu/targets/arm/rtsv7M/lib/boot.am3g(boot.om3g)
                0x00005368                _c_int00
                0x00005386                _reset_fxns_done_

.text:SafeHapiVoid
                0x0000539c       0x28
 .text:SafeHapiVoid
                0x0000539c       0x28 /home/xlibrary/trees/zumaprod/zumaprod-j04/exports/tirtos_full_2_16_00_04_eng/products/cc13xxware_2_03_01_16685/driverlib/bin/ccs/driverlib.lib(adi.obj)
                0x0000539c                SafeHapiVoid

.text:AONBatMonTemperatureGetDegC
                0x000053c4       0x28
 .text:AONBatMonTemperatureGetDegC
                0x000053c4       0x28 /home/xlibrary/trees/zumaprod/zumaprod-j04/exports/tirtos_full_2_16_00_04_eng/products/cc13xxware_2_03_01_16685/driverlib/bin/ccs/driverlib.lib(aon_batmon.obj)
                0x000053c4                AONBatMonTemperatureGetDegC

.text:NOROM_AONRTCCurrentCompareValueGet
                0x000053ec       0x18
 .text:NOROM_AONRTCCurrentCompareValueGet
                0x000053ec       0x18 /home/xlibrary/trees/zumaprod/zumaprod-j04/exports/tirtos_full_2_16_00_04_eng/products/cc13xxware_2_03_01_16685/driverlib/bin/ccs/driverlib.lib(aon_rtc.obj)
                0x000053ec                NOROM_AONRTCCurrentCompareValueGet

.text:NOROM_AONRTCCurrent64BitValueGet
                0x00005404       0x14
 .text:NOROM_AONRTCCurrent64BitValueGet
                0x00005404       0x14 /home/xlibrary/trees/zumaprod/zumaprod-j04/exports/tirtos_full_2_16_00_04_eng/products/cc13xxware_2_03_01_16685/driverlib/bin/ccs/driverlib.lib(aon_rtc.obj)
                0x00005404                NOROM_AONRTCCurrent64BitValueGet

.text:ChipInfo_GetChipFamily
                0x00005418       0x48
 .text:ChipInfo_GetChipFamily
                0x00005418       0x48 /home/xlibrary/trees/zumaprod/zumaprod-j04/exports/tirtos_full_2_16_00_04_eng/products/cc13xxware_2_03_01_16685/driverlib/bin/ccs/driverlib.lib(chipinfo.obj)
                0x00005418                ChipInfo_GetChipFamily

.text:ChipInfo_GetHwRevision
                0x00005460       0x70
 .text:ChipInfo_GetHwRevision
                0x00005460       0x70 /home/xlibrary/trees/zumaprod/zumaprod-j04/exports/tirtos_full_2_16_00_04_eng/products/cc13xxware_2_03_01_16685/driverlib/bin/ccs/driverlib.lib(chipinfo.obj)
                0x00005460                ChipInfo_GetHwRevision

.text:ThisCodeIsBuiltForCC13xxHwRev20AndLater_HaltIfViolated
                0x000054d0       0x16
 .text:ThisCodeIsBuiltForCC13xxHwRev20AndLater_HaltIfViolated
                0x000054d0       0x16 /home/xlibrary/trees/zumaprod/zumaprod-j04/exports/tirtos_full_2_16_00_04_eng/products/cc13xxware_2_03_01_16685/driverlib/bin/ccs/driverlib.lib(chipinfo.obj)
                0x000054d0                ThisCodeIsBuiltForCC13xxHwRev20AndLater_HaltIfViolated

.text:ChipInfo_GetPackageType
                0x000054e8       0x18
 .text:ChipInfo_GetPackageType
                0x000054e8       0x18 /home/xlibrary/trees/zumaprod/zumaprod-j04/exports/tirtos_full_2_16_00_04_eng/products/cc13xxware_2_03_01_16685/driverlib/bin/ccs/driverlib.lib(chipinfo.obj)
                0x000054e8                ChipInfo_GetPackageType

.text:NOROM_CPUcpsie
                0x00005500        0xc
 .text:NOROM_CPUcpsie
                0x00005500        0xc /home/xlibrary/trees/zumaprod/zumaprod-j04/exports/tirtos_full_2_16_00_04_eng/products/cc13xxware_2_03_01_16685/driverlib/bin/ccs/driverlib.lib(cpu.obj)
                0x00005500                NOROM_CPUcpsie

.text:NOROM_CPUcpsid
                0x0000550c        0xc
 .text:NOROM_CPUcpsid
                0x0000550c        0xc /home/xlibrary/trees/zumaprod/zumaprod-j04/exports/tirtos_full_2_16_00_04_eng/products/cc13xxware_2_03_01_16685/driverlib/bin/ccs/driverlib.lib(cpu.obj)
                0x0000550c                NOROM_CPUcpsid

.text:OSC_HPOSCRelativeFrequencyOffsetGet
                0x00005518       0x3c
 .text:OSC_HPOSCRelativeFrequencyOffsetGet
                0x00005518       0x3c /home/xlibrary/trees/zumaprod/zumaprod-j04/exports/tirtos_full_2_16_00_04_eng/products/cc13xxware_2_03_01_16685/driverlib/bin/ccs/driverlib.lib(osc.obj)
                0x00005518                OSC_HPOSCRelativeFrequencyOffsetGet

.text:NOROM_OSCClockSourceSet
                0x00005554       0x60
 .text:NOROM_OSCClockSourceSet
                0x00005554       0x60 /home/xlibrary/trees/zumaprod/zumaprod-j04/exports/tirtos_full_2_16_00_04_eng/products/cc13xxware_2_03_01_16685/driverlib/bin/ccs/driverlib.lib(osc.obj)
                0x00005554                NOROM_OSCClockSourceSet

.text:OSCHF_TurnOnXosc
                0x000055b4       0x18
 .text:OSCHF_TurnOnXosc
                0x000055b4       0x18 /home/xlibrary/trees/zumaprod/zumaprod-j04/exports/tirtos_full_2_16_00_04_eng/products/cc13xxware_2_03_01_16685/driverlib/bin/ccs/driverlib.lib(osc.obj)
                0x000055b4                OSCHF_TurnOnXosc

.text:NOROM_OSCClockSourceGet
                0x000055cc       0x2c
 .text:NOROM_OSCClockSourceGet
                0x000055cc       0x2c /home/xlibrary/trees/zumaprod/zumaprod-j04/exports/tirtos_full_2_16_00_04_eng/products/cc13xxware_2_03_01_16685/driverlib/bin/ccs/driverlib.lib(osc.obj)
                0x000055cc                NOROM_OSCClockSourceGet

.text:OSCHF_SwitchToRcOscTurnOffXosc
                0x000055f8       0x34
 .text:OSCHF_SwitchToRcOscTurnOffXosc
                0x000055f8       0x34 /home/xlibrary/trees/zumaprod/zumaprod-j04/exports/tirtos_full_2_16_00_04_eng/products/cc13xxware_2_03_01_16685/driverlib/bin/ccs/driverlib.lib(osc.obj)
                0x000055f8                OSCHF_SwitchToRcOscTurnOffXosc

.text:OSCHF_AttemptToSwitchToXosc
                0x0000562c       0x64
 .text:OSCHF_AttemptToSwitchToXosc
                0x0000562c       0x64 /home/xlibrary/trees/zumaprod/zumaprod-j04/exports/tirtos_full_2_16_00_04_eng/products/cc13xxware_2_03_01_16685/driverlib/bin/ccs/driverlib.lib(osc.obj)
                0x0000562c                OSCHF_AttemptToSwitchToXosc

.text:SetupCacheModeAccordingToCcfgSetting
                0x00005690       0x50
 .text:SetupCacheModeAccordingToCcfgSetting
                0x00005690       0x50 /home/xlibrary/trees/zumaprod/zumaprod-j04/exports/tirtos_full_2_16_00_04_eng/products/cc13xxware_2_03_01_16685/driverlib/bin/ccs/driverlib.lib(setup.obj)

.text:SignExtendVddrTrimValue
                0x000056e0        0xe
 .text:SignExtendVddrTrimValue
                0x000056e0        0xe /home/xlibrary/trees/zumaprod/zumaprod-j04/exports/tirtos_full_2_16_00_04_eng/products/cc13xxware_2_03_01_16685/driverlib/bin/ccs/driverlib.lib(setup.obj)
                0x000056e0                SignExtendVddrTrimValue

.text:SetVddrLevel
                0x000056f0       0x70
 .text:SetVddrLevel
                0x000056f0       0x70 /home/xlibrary/trees/zumaprod/zumaprod-j04/exports/tirtos_full_2_16_00_04_eng/products/cc13xxware_2_03_01_16685/driverlib/bin/ccs/driverlib.lib(setup.obj)
                0x000056f0                SetVddrLevel

.text:GetTrimForAnabypassValue1
                0x00005760       0x68
 .text:GetTrimForAnabypassValue1
                0x00005760       0x68 /home/xlibrary/trees/zumaprod/zumaprod-j04/exports/tirtos_full_2_16_00_04_eng/products/cc13xxware_2_03_01_16685/driverlib/bin/ccs/driverlib.lib(setup.obj)

.text:GetTrimForRcOscLfRtuneCtuneTrim
                0x000057c8       0x1c
 .text:GetTrimForRcOscLfRtuneCtuneTrim
                0x000057c8       0x1c /home/xlibrary/trees/zumaprod/zumaprod-j04/exports/tirtos_full_2_16_00_04_eng/products/cc13xxware_2_03_01_16685/driverlib/bin/ccs/driverlib.lib(setup.obj)

.text:GetTrimForXoscHfIbiastherm
                0x000057e4       0x10
 .text:GetTrimForXoscHfIbiastherm
                0x000057e4       0x10 /home/xlibrary/trees/zumaprod/zumaprod-j04/exports/tirtos_full_2_16_00_04_eng/products/cc13xxware_2_03_01_16685/driverlib/bin/ccs/driverlib.lib(setup.obj)

.text:GetTrimForAmpcompTh2
                0x000057f4       0x1c
 .text:GetTrimForAmpcompTh2
                0x000057f4       0x1c /home/xlibrary/trees/zumaprod/zumaprod-j04/exports/tirtos_full_2_16_00_04_eng/products/cc13xxware_2_03_01_16685/driverlib/bin/ccs/driverlib.lib(setup.obj)

.text:GetTrimForAmpcompTh1
                0x00005810       0x18
 .text:GetTrimForAmpcompTh1
                0x00005810       0x18 /home/xlibrary/trees/zumaprod/zumaprod-j04/exports/tirtos_full_2_16_00_04_eng/products/cc13xxware_2_03_01_16685/driverlib/bin/ccs/driverlib.lib(setup.obj)

.text:GetTrimForAmpcompCtrl
                0x00005828       0x68
 .text:GetTrimForAmpcompCtrl
                0x00005828       0x68 /home/xlibrary/trees/zumaprod/zumaprod-j04/exports/tirtos_full_2_16_00_04_eng/products/cc13xxware_2_03_01_16685/driverlib/bin/ccs/driverlib.lib(setup.obj)

.text:GetTrimForAdcShModeEn
                0x00005890       0x18
 .text:GetTrimForAdcShModeEn
                0x00005890       0x18 /home/xlibrary/trees/zumaprod/zumaprod-j04/exports/tirtos_full_2_16_00_04_eng/products/cc13xxware_2_03_01_16685/driverlib/bin/ccs/driverlib.lib(setup.obj)

.text:GetTrimForAdcShVbufEn
                0x000058a8       0x18
 .text:GetTrimForAdcShVbufEn
                0x000058a8       0x18 /home/xlibrary/trees/zumaprod/zumaprod-j04/exports/tirtos_full_2_16_00_04_eng/products/cc13xxware_2_03_01_16685/driverlib/bin/ccs/driverlib.lib(setup.obj)

.text:GetTrimForXoscHfCtl
                0x000058c0       0x20
 .text:GetTrimForXoscHfCtl
                0x000058c0       0x20 /home/xlibrary/trees/zumaprod/zumaprod-j04/exports/tirtos_full_2_16_00_04_eng/products/cc13xxware_2_03_01_16685/driverlib/bin/ccs/driverlib.lib(setup.obj)

.text:GetTrimForDblrLoopFilterResetVoltage
                0x000058e0       0x18
 .text:GetTrimForDblrLoopFilterResetVoltage
                0x000058e0       0x18 /home/xlibrary/trees/zumaprod/zumaprod-j04/exports/tirtos_full_2_16_00_04_eng/products/cc13xxware_2_03_01_16685/driverlib/bin/ccs/driverlib.lib(setup.obj)

.text:GetTrimForRcOscLfIBiasTrim
                0x000058f8       0x18
 .text:GetTrimForRcOscLfIBiasTrim
                0x000058f8       0x18 /home/xlibrary/trees/zumaprod/zumaprod-j04/exports/tirtos_full_2_16_00_04_eng/products/cc13xxware_2_03_01_16685/driverlib/bin/ccs/driverlib.lib(setup.obj)

.text:GetTrimForXoscLfRegulatorAndCmirrwrRatio
                0x00005910       0x18
 .text:GetTrimForXoscLfRegulatorAndCmirrwrRatio
                0x00005910       0x18 /home/xlibrary/trees/zumaprod/zumaprod-j04/exports/tirtos_full_2_16_00_04_eng/products/cc13xxware_2_03_01_16685/driverlib/bin/ccs/driverlib.lib(setup.obj)

.text:GetTrimForRadcExtCfg
                0x00005928       0x28
 .text:GetTrimForRadcExtCfg
                0x00005928       0x28 /home/xlibrary/trees/zumaprod/zumaprod-j04/exports/tirtos_full_2_16_00_04_eng/products/cc13xxware_2_03_01_16685/driverlib/bin/ccs/driverlib.lib(setup.obj)

.text:GetTrimForXoscHfFastStart
                0x00005950       0x10
 .text:GetTrimForXoscHfFastStart
                0x00005950       0x10 /home/xlibrary/trees/zumaprod/zumaprod-j04/exports/tirtos_full_2_16_00_04_eng/products/cc13xxware_2_03_01_16685/driverlib/bin/ccs/driverlib.lib(setup.obj)

.text:SetAonRtcSubSecInc
                0x00005960       0x30
 .text:SetAonRtcSubSecInc
                0x00005960       0x30 /home/xlibrary/trees/zumaprod/zumaprod-j04/exports/tirtos_full_2_16_00_04_eng/products/cc13xxware_2_03_01_16685/driverlib/bin/ccs/driverlib.lib(setup.obj)

.text:HapiTrimDeviceShutDown
                0x00005990      0x3ac
 .text:HapiTrimDeviceShutDown
                0x00005990      0x3ac /home/xlibrary/trees/zumaprod/zumaprod-j04/exports/tirtos_full_2_16_00_04_eng/products/cc13xxware_2_03_01_16685/driverlib/bin/ccs/driverlib.lib(setup.obj)

.text:trimDevice
                0x00005d3c       0xa0
 .text:trimDevice
                0x00005d3c       0xa0 /home/xlibrary/trees/zumaprod/zumaprod-j04/exports/tirtos_full_2_16_00_04_eng/products/cc13xxware_2_03_01_16685/driverlib/bin/ccs/driverlib.lib(setup.obj)
                0x00005d3c                trimDevice

.text:SysCtrl_DCDC_VoltageConditionalControl
                0x00005ddc       0x60
 .text:SysCtrl_DCDC_VoltageConditionalControl
                0x00005ddc       0x60 /home/xlibrary/trees/zumaprod/zumaprod-j04/exports/tirtos_full_2_16_00_04_eng/products/cc13xxware_2_03_01_16685/driverlib/bin/ccs/driverlib.lib(sys_ctrl.obj)
                0x00005ddc                SysCtrl_DCDC_VoltageConditionalControl

.text:SysCtrlSetRechargeBeforePowerDown
                0x00005e3c      0x230
 .text:SysCtrlSetRechargeBeforePowerDown
                0x00005e3c      0x230 /home/xlibrary/trees/zumaprod/zumaprod-j04/exports/tirtos_full_2_16_00_04_eng/products/cc13xxware_2_03_01_16685/driverlib/bin/ccs/driverlib.lib(sys_ctrl.obj)
                0x00005e3c                SysCtrlSetRechargeBeforePowerDown

.text:SysCtrlAdjustRechargeAfterPowerDown
                0x0000606c       0x5c
 .text:SysCtrlAdjustRechargeAfterPowerDown
                0x0000606c       0x5c /home/xlibrary/trees/zumaprod/zumaprod-j04/exports/tirtos_full_2_16_00_04_eng/products/cc13xxware_2_03_01_16685/driverlib/bin/ccs/driverlib.lib(sys_ctrl.obj)
                0x0000606c                SysCtrlAdjustRechargeAfterPowerDown

.text:NOROM_VIMSModeGet
                0x000060c8        0xe
 .text:NOROM_VIMSModeGet
                0x000060c8        0xe /home/xlibrary/trees/zumaprod/zumaprod-j04/exports/tirtos_full_2_16_00_04_eng/products/cc13xxware_2_03_01_16685/driverlib/bin/ccs/driverlib.lib(vims.obj)
                0x000060c8                NOROM_VIMSModeGet

.rodata         0x000060d8      0x250
 *(.rodata)
 *(.rodata.*)
 .rodata.str1.1
                0x000060d8        0xa main.obj
 *fill*         0x000060e2        0x2 
 .rodata.str1.4
                0x000060e4       0x48 ../../closure/configPkg/package/cfg/energia_pm3g.om3g
 .rodata.GPIOCC26XX_config
                0x0000612c       0x14 ../../closure/ti/runtime/wiring/cc13xx/variants/LAUNCHXL_CC1310/lib/board.m3g.lib(Board_init.om3g)
                0x0000612c                GPIOCC26XX_config
 .rodata.PWM_config
                0x00006140       0x6c ../../closure/ti/runtime/wiring/cc13xx/variants/LAUNCHXL_CC1310/lib/board.m3g.lib(Board_init.om3g)
                0x00006140                PWM_config
 .rodata.pwmCC26xxHWAttrs
                0x000061ac       0x80 ../../closure/ti/runtime/wiring/cc13xx/variants/LAUNCHXL_CC1310/lib/board.m3g.lib(Board_init.om3g)
                0x000061ac                pwmCC26xxHWAttrs
 .rodata.PowerCC26XX_config
                0x0000622c       0x10 ../../closure/ti/runtime/wiring/cc13xx/variants/LAUNCHXL_CC1310/lib/board.m3g.lib(Board_init.om3g)
                0x0000622c                PowerCC26XX_config
 .rodata.outPinStrengths
                0x0000623c        0xc ../../closure/ti/drivers/lib/drivers_cc13xxware.am3g(GPIOCC26XX.om3g)
                0x0000623c                outPinStrengths
 .rodata.interruptType
                0x00006248       0x18 ../../closure/ti/drivers/lib/drivers_cc13xxware.am3g(GPIOCC26XX.om3g)
 .rodata.inPinTypes
                0x00006260        0xc ../../closure/ti/drivers/lib/drivers_cc13xxware.am3g(GPIOCC26XX.om3g)
                0x00006260                inPinTypes
 .rodata.outPinTypes
                0x0000626c       0x10 ../../closure/ti/drivers/lib/drivers_cc13xxware.am3g(GPIOCC26XX.om3g)
                0x0000626c                outPinTypes
 .rodata.resourceDB
                0x0000627c       0x4c ../../closure/ti/drivers/lib/drivers_cc13xxware.am3g(PowerCC26XX.om3g)
                0x0000627c                resourceDB
 .rodata.PWMTimerCC26XX_fxnTable
                0x000062c8       0x1c ../../closure/ti/drivers/lib/drivers_cc13xxware.am3g(PWMTimerCC26XX.om3g)
                0x000062c8                PWMTimerCC26XX_fxnTable
 .rodata.gptPinPortIds
                0x000062e4        0x8 ../../closure/ti/drivers/lib/drivers_cc13xxware.am3g(PWMTimerCC26XX.om3g)
 .rodata.str1.4
                0x000062ec       0x2a ../../closure/gnu/targets/arm/rtsv7M/lib/gnu.targets.arm.rtsv7M.am3g(Startup.om3g)
                                 0x2c (size before relaxing)