Archive member included because of file (symbol)

../../closure/ti/runtime/wiring/cc13xx/variants/LAUNCHXL_CC1310/lib/board.m3g.lib(Board_init.om3g)
                              main.obj (Board_init)
../../closure/ti/drivers/lib/drivers_cc13xxware.am3g(I2C.om3g)
                              ../../closure/ti/runtime/wiring/cc13xx/variants/LAUNCHXL_CC1310/lib/board.m3g.lib(Board_init.om3g) (I2C_init)
../../closure/ti/drivers/lib/drivers_cc13xxware.am3g(PWM.om3g)
                              ../../closure/ti/runtime/wiring/cc13xx/variants/LAUNCHXL_CC1310/lib/board.m3g.lib(Board_init.om3g) (PWM_init)
../../closure/ti/drivers/lib/drivers_cc13xxware.am3g(SPI.om3g)
                              ../../closure/ti/runtime/wiring/cc13xx/variants/LAUNCHXL_CC1310/lib/board.m3g.lib(Board_init.om3g) (SPI_init)
../../closure/ti/drivers/lib/drivers_cc13xxware.am3g(UART.om3g)
                              ../../closure/ti/runtime/wiring/cc13xx/variants/LAUNCHXL_CC1310/lib/board.m3g.lib(Board_init.om3g) (UART_init)
../../closure/ti/drivers/lib/drivers_cc13xxware.am3g(GPIOCC26XX.om3g)
                              ../../closure/ti/runtime/wiring/cc13xx/variants/LAUNCHXL_CC1310/lib/board.m3g.lib(Board_init.om3g) (GPIO_init)
../../closure/ti/drivers/lib/drivers_cc13xxware.am3g(I2CCC26XX.om3g)
                              ../../closure/ti/runtime/wiring/cc13xx/variants/LAUNCHXL_CC1310/lib/board.m3g.lib(Board_init.om3g) (I2CCC26XX_fxnTable)
../../closure/ti/drivers/lib/drivers_cc13xxware.am3g(PINCC26XX.om3g)
                              ../../closure/ti/runtime/wiring/cc13xx/variants/LAUNCHXL_CC1310/lib/board.m3g.lib(Board_init.om3g) (PIN_init)
../../closure/ti/drivers/lib/drivers_cc13xxware.am3g(PowerCC26XX.om3g)
                              ../../closure/configPkg/package/cfg/energia_pm3g.om3g (Power_idleFunc)
../../closure/ti/drivers/lib/drivers_cc13xxware.am3g(PowerCC26XX_calibrateRCOSC.om3g)
                              ../../closure/ti/drivers/lib/drivers_cc13xxware.am3g(PowerCC26XX.om3g) (PowerCC26XX_initiateCalibration)
../../closure/ti/drivers/lib/drivers_cc13xxware.am3g(PWMTimerCC26XX.om3g)
                              ../../closure/ti/runtime/wiring/cc13xx/variants/LAUNCHXL_CC1310/lib/board.m3g.lib(Board_init.om3g) (PWMTimerCC26XX_fxnTable)
../../closure/ti/drivers/lib/drivers_cc13xxware.am3g(SPICC26XXDMA.om3g)
                              ../../closure/ti/runtime/wiring/cc13xx/variants/LAUNCHXL_CC1310/lib/board.m3g.lib(Board_init.om3g) (SPICC26XXDMA_fxnTable)
../../closure/ti/drivers/lib/drivers_cc13xxware.am3g(UARTCC26XX.om3g)
                              ../../closure/ti/runtime/wiring/cc13xx/variants/LAUNCHXL_CC1310/lib/board.m3g.lib(Board_init.om3g) (UARTCC26XX_fxnTable)
../../closure/ti/drivers/lib/drivers_cc13xxware.am3g(List.om3g)
                              ../../closure/ti/drivers/lib/drivers_cc13xxware.am3g(PowerCC26XX.om3g) (List_empty)
../../closure/ti/drivers/lib/drivers_cc13xxware.am3g(UDMACC26XX.om3g)
                              ../../closure/ti/drivers/lib/drivers_cc13xxware.am3g(SPICC26XXDMA.om3g) (UDMACC26XX_open)
../../closure/ti/drivers/lib/power_cc13xx_tirtos.am3g(PowerCC26XX_tirtos.om3g)
                              ../../closure/ti/runtime/wiring/cc13xx/variants/LAUNCHXL_CC1310/lib/board.m3g.lib(Board_init.om3g) (PowerCC26XX_standbyPolicy)
../../closure/ti/drivers/ports/lib/tirtosport.am3g(HwiP_tirtos.om3g)
                              ../../closure/ti/drivers/lib/drivers_cc13xxware.am3g(List.om3g) (HwiP_disable)
../../closure/src/sysbios/sysbios.am3g(m3_Hwi_asm_gnu.o)
                              ../../closure/configPkg/package/cfg/energia_pm3g.om3g (ti_sysbios_family_arm_m3_Hwi_pendSV(int0_t))
../../closure/src/sysbios/sysbios.am3g(m3_Hwi_asm_switch_gnu.o)
                              ../../closure/configPkg/package/cfg/energia_pm3g.om3g (ti_sysbios_family_arm_m3_Hwi_getTaskSP__E)
../../closure/src/sysbios/sysbios.am3g(m3_IntrinsicsSupport_asm_gnu.o)
                              ../../closure/configPkg/package/cfg/energia_pm3g.om3g (ti_sysbios_family_arm_m3_IntrinsicsSupport_maxbit__E)
../../closure/src/sysbios/sysbios.am3g(m3_TaskSupport_asm_gnu.o)
                              ../../closure/configPkg/package/cfg/energia_pm3g.om3g (ti_sysbios_family_arm_m3_TaskSupport_swap__E)
../../closure/src/sysbios/sysbios.am3g(_BIOS.o)
                              ../../closure/configPkg/package/cfg/energia_pm3g.om3g (ti_sysbios_BIOS_getThreadType__E)
../../closure/src/sysbios/sysbios.am3g(knl_Clock.o)
                              ../../closure/configPkg/package/cfg/energia_pm3g.om3g (ti_sysbios_knl_Clock_Module_startup__E)
../../closure/src/sysbios/sysbios.am3g(knl_Idle.o)
                              ../../closure/configPkg/package/cfg/energia_pm3g.om3g (ti_sysbios_knl_Idle_loop__E)
../../closure/src/sysbios/sysbios.am3g(knl_Event.o)
                              ../../closure/configPkg/package/cfg/energia_pm3g.om3g (ti_sysbios_knl_Event_Instance_init__E)
[...]
Memory Configuration

Name             Origin             Length             Attributes
FLASH            0x00000000         0x0001ffa8         xr
FLASH_CCFG       0x0001ffa8         0x00000058         xr
SRAM             0x20000000         0x00004000         xrw
*default*        0x00000000         0xffffffff

Linker script and memory map

LOAD hello.obj
LOAD main.obj
                0x00000400                __STACK_SIZE = 0x400
                0x00000400                __TI_STACK_SIZE = __STACK_SIZE
LOAD ../../closure/configPkg/package/cfg/energia_pm3g.om3g
LOAD ../../closure/ti/runtime/wiring/cc13xx/lib/wiring_cc13xx.m3g.lib
LOAD ../../closure/ti/runtime/wiring/cc13xx/variants/LAUNCHXL_CC1310/lib/board.m3g.lib
LOAD ../../closure/ti/drivers/pdm/lib/pdm_cc13xxware.am3g
LOAD ../../closure/ti/drivers/lib/drivers_cc13xxware.am3g
LOAD ../../closure/ti/drivers/lib/power_cc13xx_tirtos.am3g
LOAD ../../closure/ti/mw/fatfs/lib/release/ti.mw.fatfs.am3g
LOAD ../../closure/ti/drivers/ports/lib/tirtosport.am3g
LOAD ../../closure/src/sysbios/sysbios.am3g
LOAD ../../closure/gnu/targets/arm/rtsv7M/lib/gnu.targets.arm.rtsv7M.am3g
LOAD ../../closure/gnu/targets/arm/rtsv7M/lib/boot.am3g
LOAD ../../closure/gnu/targets/arm/rtsv7M/lib/syscalls.am3g
                0x00000001                xdc_runtime_Startup__EXECFXN__C = 0x1
                0x00000001                xdc_runtime_Startup__RESETFXN__C = 0x1
                0x00000000                PROVIDE (_intvecs_base_address, DEFINED (_intvecs_base_address)?_intvecs_base_address:0x0)

.intvecs        0x00000000       0x3c
 *(.intvecs)
 .intvecs       0x00000000       0x3c ../../closure/configPkg/package/cfg/energia_pm3g.om3g
                0x00000000                ti_sysbios_family_arm_m3_Hwi_resetVectors
                0x20000000                PROVIDE (_vtable_base_address, DEFINED (_vtable_base_address)?_vtable_base_address:0x20000000)

.vtable         0x20000000       0xdc
 *(.vtable)
 .vtable        0x20000000       0xdc ../../closure/configPkg/package/cfg/energia_pm3g.om3g
                0x20000000                ti_sysbios_family_arm_m3_Hwi_ramVectors
                0x20000100                _rom_data_start = 0x20000100
                0x00000000                _rom_data_size = DEFINED (ti_sysbios_rom_ROM_ti_sysbios_family_arm_cc26xx_Timer_getCount64__E)?0x104:0x0

.rom_data_reserve
                0x20000100        0x0
                0x20000100                . = (. + _rom_data_size)
                0x00000000                UDMACC26XX_dmaRxControlTableEntry0_is_placed = 0x0

.dmaRxControlTableEntry0
 *(.dmaRxControlTableEntry0)
                0x00000000                UDMACC26XX_dmaTxControlTableEntry0_is_placed = 0x0

.dmaTxControlTableEntry0
 *(.dmaTxControlTableEntry0)
                0x00000000                UDMACC26XX_dmaRxControlTableEntry1_is_placed = 0x0

.dmaRxControlTableEntry1
 *(.dmaRxControlTableEntry1)
                0x00000000                UDMACC26XX_dmaTxControlTableEntry1_is_placed = 0x0

.dmaTxControlTableEntry1
 *(.dmaTxControlTableEntry1)
                0x00001000                _rom_rodata_start = 0x1000
                0x00000000                _rom_rodata_size = DEFINED (ti_sysbios_rom_ROM_ti_sysbios_family_arm_cc26xx_Timer_getCount64__E)?0x500:0x0

.rom_rodata_reserve
                0x00001000        0x0 load address 0x0000003c
                0x00001000                . = (. + _rom_rodata_size)

.text           0x00000040     0x5674
 CREATE_OBJECT_SYMBOLS
 *(.text)
 .text          0x00000040       0x34 hello.obj
                0x00000040                hello_task(unsigned int, unsigned int)
 .text          0x00000074      0x10c ../../closure/src/sysbios/sysbios.am3g(m3_Hwi_asm_gnu.o)
                0x00000074                ti_sysbios_family_arm_m3_Hwi_dispatch(int0_t)
                0x0000012c                ti_sysbios_family_arm_m3_Hwi_pendSV(int0_t)
                0x00000160                ti_sysbios_family_arm_m3_Hwi_excHandlerAsm(int0_t)
 .text          0x00000180       0x90 ../../closure/src/sysbios/sysbios.am3g(m3_Hwi_asm_switch_gnu.o)
                0x0000019c                ti_sysbios_family_xxx_Hwi_switchAndRunFunc
                0x000001ba                ti_sysbios_family_arm_m3_Hwi_getTaskSP__E
                0x000001c0                ti_sysbios_family_arm_m3_Hwi_initStacks__E
 .text          0x00000210       0x90 ../../closure/src/sysbios/sysbios.am3g(m3_TaskSupport_asm_gnu.o)
                0x00000210                ti_sysbios_family_arm_m3_TaskSupport_buildTaskStack
                0x0000025c                ti_sysbios_family_arm_m3_TaskSupport_swap__E
                0x00000264                ti_sysbios_knl_Task_swapReturn
                0x0000027c                ti_sysbios_family_arm_m3_TaskSupport_glue
 .text          0x000002a0       0x2c /db/vendors/linaro/gcc-arm-none-eabi-4_8-2014q3/bin/../lib/gcc/arm-none-eabi/4.8.4/armv7-m/libgcc.a(_aeabi_uldivmod.o)
                0x000002a0                __aeabi_uldivmod
 .text          0x000002cc       0x60 /db/vendors/linaro/gcc-arm-none-eabi-4_8-2014q3/bin/../lib/gcc/arm-none-eabi/4.8.4/armv7-m/libgcc.a(bpabi.o)
                0x000002cc                __gnu_ldivmod_helper
                0x000002fc                __gnu_uldivmod_helper
 .text          0x0000032c        0x4 /db/vendors/linaro/gcc-arm-none-eabi-4_8-2014q3/bin/../lib/gcc/arm-none-eabi/4.8.4/armv7-m/libgcc.a(_dvmd_tls.o)
                0x0000032c                __aeabi_ldiv0
                0x0000032c                __aeabi_idiv0
 .text          0x00000330      0x2a0 /db/vendors/linaro/gcc-arm-none-eabi-4_8-2014q3/bin/../lib/gcc/arm-none-eabi/4.8.4/armv7-m/libgcc.a(_divdi3.o)
                0x00000330                __divdi3
 .text          0x000005d0      0x290 /db/vendors/linaro/gcc-arm-none-eabi-4_8-2014q3/bin/../lib/gcc/arm-none-eabi/4.8.4/armv7-m/libgcc.a(_udivdi3.o)
                0x000005d0                __udivdi3
 .text          0x00000860       0xec /db/vendors/linaro/gcc-arm-none-eabi-4_8-2014q3/bin/../lib/gcc/arm-none-eabi/4.8.4/../../../../arm-none-eabi/lib/armv7-m/libc.a(lib_a-memcpy.o)
                0x00000860                memcpy
 *(.text.*)
 .text.startup  0x0000094c       0x58 main.obj
                0x0000094c                main
 .text.xdc_runtime_Startup_exec__I
                0x000009a4       0x14 ../../closure/configPkg/package/cfg/energia_pm3g.om3g
                0x000009a4                xdc_runtime_Startup_exec(int0_t)
 .text.xdc_runtime_System_printfExtend__I
                0x000009b8       0x90 ../../closure/configPkg/package/cfg/energia_pm3g.om3g
                0x000009b8                xdc_runtime_System_printfExtend(int0_t)
 .text.ti_sysbios_BIOS_startFunc__I
                0x00000a48       0x28 ../../closure/configPkg/package/cfg/energia_pm3g.om3g
                0x00000a48                ti_sysbios_BIOS_startFunc(int0_t)
 .text.ti_sysbios_BIOS_atExitFunc__I
                0x00000a70       0x14 ../../closure/configPkg/package/cfg/energia_pm3g.om3g
                0x00000a70                ti_sysbios_BIOS_atExitFunc(int0_t)
 .text.ti_sysbios_BIOS_exitFunc__I
                0x00000a84       0x14 ../../closure/configPkg/package/cfg/energia_pm3g.om3g
                0x00000a84                ti_sysbios_BIOS_exitFunc(int0_t)
 .text.ti_sysbios_knl_Clock_doTick__I
                0x00000a98       0x18 ../../closure/configPkg/package/cfg/energia_pm3g.om3g
                0x00000a98                ti_sysbios_knl_Clock_doTick(int0_t)
 .text.ti_sysbios_gates_GateHwi_Handle__label__S
                0x00000ab0       0x18 ../../closure/configPkg/package/cfg/energia_pm3g.om3g
                0x00000ab0                ti_sysbios_gates_GateHwi_Handle__label(void) static
 .text.ti_sysbios_gates_GateMutex_Handle__label__S
                0x00000ac8       0x18 ../../closure/configPkg/package/cfg/energia_pm3g.om3g
                0x00000ac8                ti_sysbios_gates_GateMutex_Handle__label(void) static
 .text.ti_sysbios_heaps_HeapMem_Handle__label__S
                0x00000ae0       0x18 ../../closure/configPkg/package/cfg/energia_pm3g.om3g
                0x00000ae0                ti_sysbios_heaps_HeapMem_Handle__label(void) static
 .text.ti_sysbios_gates_GateHwi_Object__delete__S
                0x00000af8       0x24 ../../closure/configPkg/package/cfg/energia_pm3g.om3g
                0x00000af8                ti_sysbios_gates_GateHwi_Object__delete(void) static
 .text.ti_sysbios_gates_GateMutex_Object__delete__S
                0x00000b1c       0x28 ../../closure/configPkg/package/cfg/energia_pm3g.om3g
                0x00000b1c                ti_sysbios_gates_GateMutex_Object__delete(void) static
 .text.ti_sysbios_heaps_HeapMem_Object__delete__S
                0x00000b44       0x24 ../../closure/configPkg/package/cfg/energia_pm3g.om3g
                0x00000b44                ti_sysbios_heaps_HeapMem_Object__delete(void) static
 .text.ti_sysbios_gates_GateHwi_Object__create__S
                0x00000b68       0x2c ../../closure/configPkg/package/cfg/energia_pm3g.om3g
                0x00000b68                ti_sysbios_gates_GateHwi_Object__create(void) static
 .text.ti_sysbios_gates_GateMutex_Object__create__S
                0x00000b94       0x2c ../../closure/configPkg/package/cfg/energia_pm3g.om3g
                0x00000b94                ti_sysbios_gates_GateMutex_Object__create(void) static
 .text.ti_sysbios_heaps_HeapMem_Object__create__S
                0x00000bc0       0x2c ../../closure/configPkg/package/cfg/energia_pm3g.om3g
                0x00000bc0                ti_sysbios_heaps_HeapMem_Object__create(void) static
 .text.xdc_runtime_Startup_reset__I
                0x00000bec        0x4 ../../closure/configPkg/package/cfg/energia_pm3g.om3g
                0x00000bec                xdc_runtime_Startup_reset(int0_t)
 .text.malloc   0x00000bf0       0x30 ../../closure/configPkg/package/cfg/energia_pm3g.om3g
                0x00000bf0                malloc
 .text.free     0x00000c20       0x18 ../../closure/configPkg/package/cfg/energia_pm3g.om3g
                0x00000c20                free
 .text._free_r  0x00000c38        0x8 ../../closure/configPkg/package/cfg/energia_pm3g.om3g
                0x00000c38                _free_r
 .text.xdc_runtime_System_printf__E
                0x00000c40       0x20 ../../closure/configPkg/package/cfg/energia_pm3g.om3g
                0x00000c40                xdc_runtime_System_printf__E
 .text.ti_sysbios_hal_Hwi_HwiProxy_Module__startupDone__S
                0x00000c60       0x14 ../../closure/configPkg/package/cfg/energia_pm3g.om3g
                0x00000c60                ti_sysbios_hal_Hwi_HwiProxy_Module__startupDone(void) static
 .text.ti_sysbios_hal_Hwi_HwiProxy_getStackInfo__E
                0x00000c74        0x4 ../../closure/configPkg/package/cfg/energia_pm3g.om3g
                0x00000c74                ti_sysbios_hal_Hwi_HwiProxy_getStackInfo__E
 .text.ti_sysbios_hal_Hwi_HwiProxy_startup__E
                0x00000c78        0x4 ../../closure/configPkg/package/cfg/energia_pm3g.om3g
                0x00000c78                ti_sysbios_hal_Hwi_HwiProxy_startup__E
 .text.ti_sysbios_hal_Hwi_HwiProxy_switchFromBootStack__E
                0x00000c7c        0x4 ../../closure/configPkg/package/cfg/energia_pm3g.om3g
                0x00000c7c                ti_sysbios_hal_Hwi_HwiProxy_switchFromBootStack__E
 .text.ti_sysbios_hal_Timer_TimerProxy_Module__startupDone__S
                0x00000c80       0x14 ../../closure/configPkg/package/cfg/energia_pm3g.om3g
                0x00000c80                ti_sysbios_hal_Timer_TimerProxy_Module__startupDone(void) static
 .text.ti_sysbios_heaps_HeapMem_Module_GateProxy_query__E
                0x00000c94        0x4 ../../closure/configPkg/package/cfg/energia_pm3g.om3g
                0x00000c94                ti_sysbios_heaps_HeapMem_Module_GateProxy_query__E
 .text.ti_sysbios_heaps_HeapMem_Module_GateProxy_enter__E
                0x00000c98        0x4 ../../closure/configPkg/package/cfg/energia_pm3g.om3g
                0x00000c98                ti_sysbios_heaps_HeapMem_Module_GateProxy_enter__E
 .text.ti_sysbios_heaps_HeapMem_Module_GateProxy_leave__E
                0x00000c9c        0x4 ../../closure/configPkg/package/cfg/energia_pm3g.om3g
                0x00000c9c                ti_sysbios_heaps_HeapMem_Module_GateProxy_leave__E
 .text.ti_sysbios_knl_Clock_TimerProxy_Module__startupDone__S
                0x00000ca0       0x14 ../../closure/configPkg/package/cfg/energia_pm3g.om3g
                0x00000ca0                ti_sysbios_knl_Clock_TimerProxy_Module__startupDone(void) static
 .text.ti_sysbios_knl_Clock_TimerProxy_getMaxTicks__E
                0x00000cb4        0x4 ../../closure/configPkg/package/cfg/energia_pm3g.om3g
                0x00000cb4                ti_sysbios_knl_Clock_TimerProxy_getMaxTicks__E
 .text.ti_sysbios_knl_Clock_TimerProxy_setNextTick__E
                0x00000cb8        0x4 ../../closure/configPkg/package/cfg/energia_pm3g.om3g
                0x00000cb8                ti_sysbios_knl_Clock_TimerProxy_setNextTick__E
 .text.ti_sysbios_knl_Clock_TimerProxy_getCurrentTick__E
                0x00000cbc        0x4 ../../closure/configPkg/package/cfg/energia_pm3g.om3g
                0x00000cbc                ti_sysbios_knl_Clock_TimerProxy_getCurrentTick__E
 .text.ti_sysbios_knl_Task_SupportProxy_Module__startupDone__S
                0x00000cc0        0x4 ../../closure/configPkg/package/cfg/energia_pm3g.om3g
                0x00000cc0                ti_sysbios_knl_Task_SupportProxy_Module__startupDone(void) static
 .text.ti_sysbios_knl_Task_SupportProxy_start__E
                0x00000cc4        0x4 ../../closure/configPkg/package/cfg/energia_pm3g.om3g
                0x00000cc4                ti_sysbios_knl_Task_SupportProxy_start__E
 .text.ti_sysbios_knl_Task_SupportProxy_swap__E
                0x00000cc8        0x4 ../../closure/configPkg/package/cfg/energia_pm3g.om3g
                0x00000cc8                ti_sysbios_knl_Task_SupportProxy_swap__E
 .text.ti_sysbios_knl_Task_SupportProxy_getStackAlignment__E
                0x00000ccc        0x4 ../../closure/configPkg/package/cfg/energia_pm3g.om3g
                0x00000ccc                ti_sysbios_knl_Task_SupportProxy_getStackAlignment__E
 .text.xdc_runtime_Memory_HeapProxy_alloc__E
                0x00000cd0        0xc ../../closure/configPkg/package/cfg/energia_pm3g.om3g
                0x00000cd0                xdc_runtime_Memory_HeapProxy_alloc__E
 .text.xdc_runtime_Memory_HeapProxy_free__E
                0x00000cdc        0xc ../../closure/configPkg/package/cfg/energia_pm3g.om3g
                0x00000cdc                xdc_runtime_Memory_HeapProxy_free__E
 .text.xdc_runtime_System_Module_GateProxy_enter__E
                0x00000ce8        0x4 ../../closure/configPkg/package/cfg/energia_pm3g.om3g
                0x00000ce8                xdc_runtime_System_Module_GateProxy_enter__E
 .text.xdc_runtime_System_Module_GateProxy_leave__E
                0x00000cec        0x4 ../../closure/configPkg/package/cfg/energia_pm3g.om3g
                0x00000cec                xdc_runtime_System_Module_GateProxy_leave__E
 .text.xdc_runtime_System_SupportProxy_abort__E
                0x00000cf0        0x4 ../../closure/configPkg/package/cfg/energia_pm3g.om3g
                0x00000cf0                xdc_runtime_System_SupportProxy_abort__E
 .text.xdc_runtime_System_SupportProxy_exit__E
                0x00000cf4        0x4 ../../closure/configPkg/package/cfg/energia_pm3g.om3g
                0x00000cf4                xdc_runtime_System_SupportProxy_exit__E
 .text.xdc_runtime_System_SupportProxy_flush__E
                0x00000cf8        0x4 ../../closure/configPkg/package/cfg/energia_pm3g.om3g
                0x00000cf8                xdc_runtime_System_SupportProxy_flush__E
 .text.xdc_runtime_System_SupportProxy_putch__E
                0x00000cfc        0x4 ../../closure/configPkg/package/cfg/energia_pm3g.om3g
                0x00000cfc                xdc_runtime_System_SupportProxy_putch__E
 .text.xdc_runtime_System_SupportProxy_ready__E
                0x00000d00        0x4 ../../closure/configPkg/package/cfg/energia_pm3g.om3g
                0x00000d00                xdc_runtime_System_SupportProxy_ready__E
 .text.ti_sysbios_family_arm_m3_Hwi_Params__init__S
                0x00000d04       0x18 ../../closure/configPkg/package/cfg/energia_pm3g.om3g
                0x00000d04                ti_sysbios_family_arm_m3_Hwi_Params__init(void) static
 .text.ti_sysbios_family_arm_m3_Hwi_Object__get__S
                0x00000d1c       0x1c ../../closure/configPkg/package/cfg/energia_pm3g.om3g
                0x00000d1c                ti_sysbios_family_arm_m3_Hwi_Object__get(void) static
 .text.ti_sysbios_family_arm_m3_Hwi_construct
                0x00000d38       0x50 ../../closure/configPkg/package/cfg/energia_pm3g.om3g
                0x00000d38                ti_sysbios_family_arm_m3_Hwi_construct
 .text.ti_sysbios_heaps_HeapMem_Object__get__S
                0x00000d88       0x1c ../../closure/configPkg/package/cfg/energia_pm3g.om3g
                0x00000d88                ti_sysbios_heaps_HeapMem_Object__get(void) static
 .text.ti_sysbios_knl_Clock_Params__init__S
                0x00000da4       0x18 ../../closure/configPkg/package/cfg/energia_pm3g.om3g
                0x00000da4                ti_sysbios_knl_Clock_Params__init(void) static
 .text.ti_sysbios_knl_Clock_construct
                0x00000dbc       0x30 ../../closure/configPkg/package/cfg/energia_pm3g.om3g
                0x00000dbc                ti_sysbios_knl_Clock_construct
 .text.ti_sysbios_knl_Mailbox_Object__get__S
                0x00000dec        0xc ../../closure/configPkg/package/cfg/energia_pm3g.om3g
                0x00000dec                ti_sysbios_knl_Mailbox_Object__get(void) static
 .text.ti_sysbios_knl_Queue_Object__get__S
                0x00000df8        0x8 ../../closure/configPkg/package/cfg/energia_pm3g.om3g
                0x00000df8                ti_sysbios_knl_Queue_Object__get(void) static
 .text.ti_sysbios_knl_Queue_construct
                0x00000e00       0x2c ../../closure/configPkg/package/cfg/energia_pm3g.om3g
                0x00000e00                ti_sysbios_knl_Queue_construct
 .text.ti_sysbios_knl_Queue_destruct
                0x00000e2c       0x20 ../../closure/configPkg/package/cfg/energia_pm3g.om3g
                0x00000e2c                ti_sysbios_knl_Queue_destruct
 .text.ti_sysbios_knl_Semaphore_Params__init__S
                0x00000e4c       0x18 ../../closure/configPkg/package/cfg/energia_pm3g.om3g
                0x00000e4c                ti_sysbios_knl_Semaphore_Params__init(void) static
 .text.ti_sysbios_knl_Semaphore_construct
                0x00000e64       0x30 ../../closure/configPkg/package/cfg/energia_pm3g.om3g
                0x00000e64                ti_sysbios_knl_Semaphore_construct
 .text.ti_sysbios_knl_Semaphore_destruct
                0x00000e94       0x24 ../../closure/configPkg/package/cfg/energia_pm3g.om3g
                0x00000e94                ti_sysbios_knl_Semaphore_destruct
 .text.ti_sysbios_knl_Swi_Params__init__S
                0x00000eb8       0x18 ../../closure/configPkg/package/cfg/energia_pm3g.om3g
                0x00000eb8                ti_sysbios_knl_Swi_Params__init(void) static
 .text.ti_sysbios_knl_Swi_Object__get__S
                0x00000ed0       0x1c ../../closure/configPkg/package/cfg/energia_pm3g.om3g
                0x00000ed0                ti_sysbios_knl_Swi_Object__get(void) static
 .text.ti_sysbios_knl_Swi_construct
                0x00000eec       0x50 ../../closure/configPkg/package/cfg/energia_pm3g.om3g
                0x00000eec                ti_sysbios_knl_Swi_construct
 .text.ti_sysbios_knl_Task_Params__init__S
                0x00000f3c       0x18 ../../closure/configPkg/package/cfg/energia_pm3g.om3g
                0x00000f3c                ti_sysbios_knl_Task_Params__init(void) static
 .text.ti_sysbios_knl_Task_Object__get__S
                0x00000f54       0x18 ../../closure/configPkg/package/cfg/energia_pm3g.om3g
                0x00000f54                ti_sysbios_knl_Task_Object__get(void) static
 .text.ti_sysbios_knl_Task_create
                0x00000f6c       0x54 ../../closure/configPkg/package/cfg/energia_pm3g.om3g
                0x00000f6c                ti_sysbios_knl_Task_create
 .text.Board_initPIN
                0x00000fc0        0xc ../../closure/ti/runtime/wiring/cc13xx/variants/LAUNCHXL_CC1310/lib/board.m3g.lib(Board_init.om3g)
                0x00000fc0                Board_initPIN
 .text.Board_init
                0x00000fcc       0x16 ../../closure/ti/runtime/wiring/cc13xx/variants/LAUNCHXL_CC1310/lib/board.m3g.lib(Board_init.om3g)
                0x00000fcc                Board_init
 *fill*         0x00000fe2        0x2 
 .text.PWM_init
                0x00000fe4       0x40 ../../closure/ti/drivers/lib/drivers_cc13xxware.am3g(PWM.om3g)
                0x00000fe4                PWM_init
 .text.GPIO_hwiIntFxn
                0x00001024       0x20 ../../closure/ti/drivers/lib/drivers_cc13xxware.am3g(GPIOCC26XX.om3g)
                0x00001024                GPIO_hwiIntFxn
 .text.GPIO_enableInt
                0x00001044       0x40 ../../closure/ti/drivers/lib/drivers_cc13xxware.am3g(GPIOCC26XX.om3g)
                0x00001044                GPIO_enableInt
 .text.GPIO_setConfig
                0x00001084      0x104 ../../closure/ti/drivers/lib/drivers_cc13xxware.am3g(GPIOCC26XX.om3g)
                0x00001084                GPIO_setConfig
 .text.GPIO_init
                0x00001188       0xa0 ../../closure/ti/drivers/lib/drivers_cc13xxware.am3g(GPIOCC26XX.om3g)
                0x00001188                GPIO_init
 .text.powerPostNotify
                0x00001228       0x54 ../../closure/ti/drivers/lib/drivers_cc13xxware.am3g(GPIOCC26XX.om3g)
 .text.PIN_swi  0x0000127c       0x48 ../../closure/ti/drivers/lib/drivers_cc13xxware.am3g(PINCC26XX.om3g)
 .text.PIN_hwi  0x000012c4       0x1c ../../closure/ti/drivers/lib/drivers_cc13xxware.am3g(PINCC26XX.om3g)
 .text.PINCC26XX_setIoCfg
                0x000012e0       0xc4 ../../closure/ti/drivers/lib/drivers_cc13xxware.am3g(PINCC26XX.om3g)
 .text.PIN_init
                0x000013a4      0x22c ../../closure/ti/drivers/lib/drivers_cc13xxware.am3g(PINCC26XX.om3g)
                0x000013a4                PIN_init
 .text.PIN_remove
                0x000015d0       0x6c ../../closure/ti/drivers/lib/drivers_cc13xxware.am3g(PINCC26XX.om3g)
                0x000015d0                PIN_remove
 .text.PIN_close
                0x0000163c       0x20 ../../closure/ti/drivers/lib/drivers_cc13xxware.am3g(PINCC26XX.om3g)
                0x0000163c                PIN_close
 .text.PIN_registerIntCb
                0x0000165c        0xc ../../closure/ti/drivers/lib/drivers_cc13xxware.am3g(PINCC26XX.om3g)
                0x0000165c                PIN_registerIntCb
 .text.PIN_setConfig
                0x00001668       0x30 ../../closure/ti/drivers/lib/drivers_cc13xxware.am3g(PINCC26XX.om3g)
                0x00001668                PIN_setConfig
 .text.PIN_open
                0x00001698       0xbc ../../closure/ti/drivers/lib/drivers_cc13xxware.am3g(PINCC26XX.om3g)
                0x00001698                PIN_open
 .text.PIN_add  0x00001754       0x60 ../../closure/ti/drivers/lib/drivers_cc13xxware.am3g(PINCC26XX.om3g)
                0x00001754                PIN_add
 .text.PINCC26XX_setMux
                0x000017b4       0x40 ../../closure/ti/drivers/lib/drivers_cc13xxware.am3g(PINCC26XX.om3g)
                0x000017b4                PINCC26XX_setMux
 .text.emptyClockFunc
                0x000017f4        0x4 ../../closure/ti/drivers/lib/drivers_cc13xxware.am3g(PowerCC26XX.om3g)
 .text.nopResourceHandler
                0x000017f8        0x4 ../../closure/ti/drivers/lib/drivers_cc13xxware.am3g(PowerCC26XX.om3g)
 .text.configureRFCoreClocks
                0x000017fc       0x18 ../../closure/ti/drivers/lib/drivers_cc13xxware.am3g(PowerCC26XX.om3g)
 .text.notify   0x00001814       0x44 ../../closure/ti/drivers/lib/drivers_cc13xxware.am3g(PowerCC26XX.om3g)
 .text.switchXOSCHFclockFunc
                0x00001858       0x98 ../../closure/ti/drivers/lib/drivers_cc13xxware.am3g(PowerCC26XX.om3g)
 .text.configureXOSCHF.part.0
                0x000018f0       0x44 ../../closure/ti/drivers/lib/drivers_cc13xxware.am3g(PowerCC26XX.om3g)
 .text.configureXOSCHF
                0x00001934       0x20 ../../closure/ti/drivers/lib/drivers_cc13xxware.am3g(PowerCC26XX.om3g)
 .text.Power_getConstraintMask
                0x00001954        0xc ../../closure/ti/drivers/lib/drivers_cc13xxware.am3g(PowerCC26XX.om3g)
                0x00001954                Power_getConstraintMask
 .text.Power_getTransitionLatency
                0x00001960       0x1c ../../closure/ti/drivers/lib/drivers_cc13xxware.am3g(PowerCC26XX.om3g)
                0x00001960                Power_getTransitionLatency
 .text.Power_idleFunc
                0x0000197c       0x1c ../../closure/ti/drivers/lib/drivers_cc13xxware.am3g(PowerCC26XX.om3g)
                0x0000197c                Power_idleFunc
 .text.Power_registerNotify
                0x00001998       0x20 ../../closure/ti/drivers/lib/drivers_cc13xxware.am3g(PowerCC26XX.om3g)
                0x00001998                Power_registerNotify
 .text.Power_releaseConstraint
                0x000019b8       0x34 ../../closure/ti/drivers/lib/drivers_cc13xxware.am3g(PowerCC26XX.om3g)
                0x000019b8                Power_releaseConstraint
 .text.disableLFClockQualifiers
                0x000019ec       0x88 ../../closure/ti/drivers/lib/drivers_cc13xxware.am3g(PowerCC26XX.om3g)
 .text.Power_releaseDependency
                0x00001a74       0xc0 ../../closure/ti/drivers/lib/drivers_cc13xxware.am3g(PowerCC26XX.om3g)
                0x00001a74                Power_releaseDependency
 .text.Power_setConstraint
                0x00001b34       0x2c ../../closure/ti/drivers/lib/drivers_cc13xxware.am3g(PowerCC26XX.om3g)
                0x00001b34                Power_setConstraint
 .text.Power_init
                0x00001b60      0x128 ../../closure/ti/drivers/lib/drivers_cc13xxware.am3g(PowerCC26XX.om3g)
                0x00001b60                Power_init
 .text.Power_setDependency
                0x00001c88       0xc4 ../../closure/ti/drivers/lib/drivers_cc13xxware.am3g(PowerCC26XX.om3g)
                0x00001c88                Power_setDependency
 .text.Power_sleep
                0x00001d4c      0x24c ../../closure/ti/drivers/lib/drivers_cc13xxware.am3g(PowerCC26XX.om3g)
                0x00001d4c                Power_sleep
 .text.PowerCC26XX_calibrate
                0x00001f98       0x70 ../../closure/ti/drivers/lib/drivers_cc13xxware.am3g(PowerCC26XX.om3g)
                0x00001f98                PowerCC26XX_calibrate
 .text.PowerCC26XX_initiateCalibration
                0x00002008       0x70 ../../closure/ti/drivers/lib/drivers_cc13xxware.am3g(PowerCC26XX_calibrateRCOSC.om3g)
                0x00002008                PowerCC26XX_initiateCalibration
 .text.PowerCC26XX_doCalibrate
                0x00002078      0x1e8 ../../closure/ti/drivers/lib/drivers_cc13xxware.am3g(PowerCC26XX_calibrateRCOSC.om3g)
                0x00002078                PowerCC26XX_doCalibrate
 .text.PowerCC26XX_auxISR
                0x00002260      0x344 ../../closure/ti/drivers/lib/drivers_cc13xxware.am3g(PowerCC26XX_calibrateRCOSC.om3g)
                0x00002260                PowerCC26XX_auxISR
 .text.PowerCC26XX_RCOSC_clockFunc
                0x000025a4       0x60 ../../closure/ti/drivers/lib/drivers_cc13xxware.am3g(PowerCC26XX_calibrateRCOSC.om3g)
                0x000025a4                PowerCC26XX_RCOSC_clockFunc
 .text.PWMTimerCC26XX_getPeriodCounts
                0x00002604        0xc ../../closure/ti/drivers/lib/drivers_cc13xxware.am3g(PWMTimerCC26XX.om3g)
                0x00002604                PWMTimerCC26XX_getPeriodCounts
 .text.PWMTimerCC26XX_getPeriodMicroSecs
                0x00002610        0x8 ../../closure/ti/drivers/lib/drivers_cc13xxware.am3g(PWMTimerCC26XX.om3g)
                0x00002610                PWMTimerCC26XX_getPeriodMicroSecs
 .text.PWMTimerCC26XX_init
                0x00002618        0x8 ../../closure/ti/drivers/lib/drivers_cc13xxware.am3g(PWMTimerCC26XX.om3g)
                0x00002618                PWMTimerCC26XX_init
 .text.PWMTimerCC26XX_control
                0x00002620       0x84 ../../closure/ti/drivers/lib/drivers_cc13xxware.am3g(PWMTimerCC26XX.om3g)
                0x00002620                PWMTimerCC26XX_control
 .text.PWMTimerCC26XX_setDuty
                0x000026a4       0xfc ../../closure/ti/drivers/lib/drivers_cc13xxware.am3g(PWMTimerCC26XX.om3g)
                0x000026a4                PWMTimerCC26XX_setDuty
 .text.PWMTimerCC26XX_close
                0x000027a0       0x70 ../../closure/ti/drivers/lib/drivers_cc13xxware.am3g(PWMTimerCC26XX.om3g)
                0x000027a0                PWMTimerCC26XX_close
 .text.PWMTimerCC26XX_open
                0x00002810      0x1d0 ../../closure/ti/drivers/lib/drivers_cc13xxware.am3g(PWMTimerCC26XX.om3g)
                0x00002810                PWMTimerCC26XX_open
 .text.List_empty
                0x000029e0        0xc ../../closure/ti/drivers/lib/drivers_cc13xxware.am3g(List.om3g)
                0x000029e0                List_empty
 .text.List_head
                0x000029ec        0x4 ../../closure/ti/drivers/lib/drivers_cc13xxware.am3g(List.om3g)
                0x000029ec                List_head
 .text.List_next
                0x000029f0        0x4 ../../closure/ti/drivers/lib/drivers_cc13xxware.am3g(List.om3g)
                0x000029f0                List_next
 .text.List_put
                0x000029f4       0x2c ../../closure/ti/drivers/lib/drivers_cc13xxware.am3g(List.om3g)
                0x000029f4                List_put
 .text.PowerCC26XX_standbyPolicy
                0x00002a20       0xc0 ../../closure/ti/drivers/lib/power_cc13xx_tirtos.am3g(PowerCC26XX_tirtos.om3g)
                0x00002a20                PowerCC26XX_standbyPolicy
 .text.ti_sysbios_family_arm_lm4_Timer_enableCC26xx__I
                0x00002ae0       0x44 ../../closure/ti/drivers/lib/power_cc13xx_tirtos.am3g(PowerCC26XX_tirtos.om3g)
                0x00002ae0                ti_sysbios_family_arm_lm4_Timer_enableCC26xx(int0_t)
 .text.HwiP_disable
                0x00002b24        0x4 ../../closure/ti/drivers/ports/lib/tirtosport.am3g(HwiP_tirtos.om3g)
                0x00002b24                HwiP_disable
 .text.HwiP_restore
                0x00002b28        0x4 ../../closure/ti/drivers/ports/lib/tirtosport.am3g(HwiP_tirtos.om3g)
                0x00002b28                HwiP_restore
 .text.ti_sysbios_BIOS_setThreadType__E
                0x00002b2c       0x10 ../../closure/src/sysbios/sysbios.am3g(_BIOS.o)
                0x00002b2c                ti_sysbios_BIOS_setThreadType__E
 .text.ti_sysbios_BIOS_getCpuFreq__E
                0x00002b3c       0x10 ../../closure/src/sysbios/sysbios.am3g(_BIOS.o)
                0x00002b3c                ti_sysbios_BIOS_getCpuFreq__E
 .text.ti_sysbios_BIOS_start__E
                0x00002b4c       0x10 ../../closure/src/sysbios/sysbios.am3g(_BIOS.o)
                0x00002b4c                ti_sysbios_BIOS_start__E
 .text.ti_sysbios_BIOS_exit__E
                0x00002b5c       0x10 ../../closure/src/sysbios/sysbios.am3g(_BIOS.o)
                0x00002b5c                ti_sysbios_BIOS_exit__E
 .text.ti_sysbios_knl_Clock_Module_startup__E
                0x00002b6c       0x1c ../../closure/src/sysbios/sysbios.am3g(knl_Clock.o)
                0x00002b6c                ti_sysbios_knl_Clock_Module_startup__E
 .text.ti_sysbios_knl_Clock_getTicks__E
                0x00002b88       0x20 ../../closure/src/sysbios/sysbios.am3g(knl_Clock.o)
                0x00002b88                ti_sysbios_knl_Clock_getTicks__E
 .text.ti_sysbios_knl_Clock_getTicksUntilInterrupt__E
                0x00002ba8       0x2c ../../closure/src/sysbios/sysbios.am3g(knl_Clock.o)
                0x00002ba8                ti_sysbios_knl_Clock_getTicksUntilInterrupt__E
 .text.ti_sysbios_knl_Clock_getTimerHandle__E
                0x00002bd4        0xc ../../closure/src/sysbios/sysbios.am3g(knl_Clock.o)
                0x00002bd4                ti_sysbios_knl_Clock_getTimerHandle__E
 .text.ti_sysbios_knl_Clock_scheduleNextTick__E
                0x00002be0       0x1c ../../closure/src/sysbios/sysbios.am3g(knl_Clock.o)
                0x00002be0                ti_sysbios_knl_Clock_scheduleNextTick__E
 .text.ti_sysbios_knl_Clock_walkQueueDynamic__E
                0x00002bfc       0x74 ../../closure/src/sysbios/sysbios.am3g(knl_Clock.o)
                0x00002bfc                ti_sysbios_knl_Clock_walkQueueDynamic__E
 .text.ti_sysbios_knl_Clock_workFuncDynamic__E
                0x00002c70       0x9c ../../closure/src/sysbios/sysbios.am3g(knl_Clock.o)
                0x00002c70                ti_sysbios_knl_Clock_workFuncDynamic__E
 .text.ti_sysbios_knl_Clock_addI__E
                0x00002d0c       0x2c ../../closure/src/sysbios/sysbios.am3g(knl_Clock.o)
                0x00002d0c                ti_sysbios_knl_Clock_addI__E
 .text.ti_sysbios_knl_Clock_removeI__E
                0x00002d38        0x4 ../../closure/src/sysbios/sysbios.am3g(knl_Clock.o)
                0x00002d38                ti_sysbios_knl_Clock_removeI__E
 .text.ti_sysbios_knl_Clock_startI__E
                0x00002d3c       0x68 ../../closure/src/sysbios/sysbios.am3g(knl_Clock.o)
                0x00002d3c                ti_sysbios_knl_Clock_startI__E
 .text.ti_sysbios_knl_Clock_start__E
                0x00002da4       0x16 ../../closure/src/sysbios/sysbios.am3g(knl_Clock.o)
                0x00002da4                ti_sysbios_knl_Clock_start__E
 *fill*         0x00002dba        0x2 
 .text.ti_sysbios_knl_Clock_Instance_init__E
                0x00002dbc       0x3c ../../closure/src/sysbios/sysbios.am3g(knl_Clock.o)
                0x00002dbc                ti_sysbios_knl_Clock_Instance_init__E
 .text.ti_sysbios_knl_Clock_stop__E
                0x00002df8       0x20 ../../closure/src/sysbios/sysbios.am3g(knl_Clock.o)
                0x00002df8                ti_sysbios_knl_Clock_stop__E
 .text.ti_sysbios_knl_Clock_setTimeout__E
                0x00002e18        0x4 ../../closure/src/sysbios/sysbios.am3g(knl_Clock.o)
                0x00002e18                ti_sysbios_knl_Clock_setTimeout__E
 .text.ti_sysbios_knl_Clock_logTick__E
                0x00002e1c        0x2 ../../closure/src/sysbios/sysbios.am3g(knl_Clock.o)
                0x00002e1c                ti_sysbios_knl_Clock_logTick__E
 .text.ti_sysbios_knl_Clock_triggerFunc__I
                0x00002e1e        0x2 ../../closure/src/sysbios/sysbios.am3g(knl_Clock.o)
                0x00002e1e                ti_sysbios_knl_Clock_triggerFunc(int0_t)
 .text.ti_sysbios_knl_Idle_run__E
                0x00002e20       0x20 ../../closure/src/sysbios/sysbios.am3g(knl_Idle.o)
                0x00002e20                ti_sysbios_knl_Idle_run__E
 .text.ti_sysbios_knl_Idle_loop__E
                0x00002e40        0x8 ../../closure/src/sysbios/sysbios.am3g(knl_Idle.o)
                0x00002e40                ti_sysbios_knl_Idle_loop__E
 .text.ti_sysbios_knl_Mailbox_postInit__I
                0x00002e48       0x34 ../../closure/src/sysbios/sysbios.am3g(knl_Mailbox.o)
                0x00002e48                ti_sysbios_knl_Mailbox_postInit(int0_t)
 .text.ti_sysbios_knl_Mailbox_Module_startup__E
                0x00002e7c       0x40 ../../closure/src/sysbios/sysbios.am3g(knl_Mailbox.o)
                0x00002e7c                ti_sysbios_knl_Mailbox_Module_startup__E
 .text.ti_sysbios_knl_Queue_Instance_init__E
                0x00002ebc        0x6 ../../closure/src/sysbios/sysbios.am3g(knl_Queue.o)
                0x00002ebc                ti_sysbios_knl_Queue_Instance_init__E
 .text.ti_sysbios_knl_Queue_dequeue__E
                0x00002ec2        0xc ../../closure/src/sysbios/sysbios.am3g(knl_Queue.o)
                0x00002ec2                ti_sysbios_knl_Queue_dequeue__E
 .text.ti_sysbios_knl_Queue_empty__E
                0x00002ece        0xa ../../closure/src/sysbios/sysbios.am3g(knl_Queue.o)
                0x00002ece                ti_sysbios_knl_Queue_empty__E
 .text.ti_sysbios_knl_Queue_enqueue__E
                0x00002ed8        0xc ../../closure/src/sysbios/sysbios.am3g(knl_Queue.o)
                0x00002ed8                ti_sysbios_knl_Queue_enqueue__E
 .text.ti_sysbios_knl_Queue_head__E
                0x00002ee4        0x4 ../../closure/src/sysbios/sysbios.am3g(knl_Queue.o)
                0x00002ee4                ti_sysbios_knl_Queue_head__E
 .text.ti_sysbios_knl_Queue_elemClear__E
                0x00002ee8        0x6 ../../closure/src/sysbios/sysbios.am3g(knl_Queue.o)
                0x00002ee8                ti_sysbios_knl_Queue_elemClear__E
 .text.ti_sysbios_knl_Queue_insert__E
                0x00002eee        0xc ../../closure/src/sysbios/sysbios.am3g(knl_Queue.o)
                0x00002eee                ti_sysbios_knl_Queue_insert__E
 .text.ti_sysbios_knl_Queue_next__E
                0x00002efa        0x4 ../../closure/src/sysbios/sysbios.am3g(knl_Queue.o)
                0x00002efa                ti_sysbios_knl_Queue_next__E
 .text.ti_sysbios_knl_Queue_put__E
                0x00002efe       0x1c ../../closure/src/sysbios/sysbios.am3g(knl_Queue.o)
                0x00002efe                ti_sysbios_knl_Queue_put__E
 .text.ti_sysbios_knl_Queue_remove__E
                0x00002f1a        0xe ../../closure/src/sysbios/sysbios.am3g(knl_Queue.o)
                0x00002f1a                ti_sysbios_knl_Queue_remove__E
 .text.ti_sysbios_knl_Semaphore_pendTimeout__I
                0x00002f28       0x2a ../../closure/src/sysbios/sysbios.am3g(knl_Semaphore.o)
                0x00002f28                ti_sysbios_knl_Semaphore_pendTimeout(int0_t)
 *fill*         0x00002f52        0x2 
 .text.ti_sysbios_knl_Semaphore_Instance_init__E
                0x00002f54       0x28 ../../closure/src/sysbios/sysbios.am3g(knl_Semaphore.o)
                0x00002f54                ti_sysbios_knl_Semaphore_Instance_init__E
 .text.ti_sysbios_knl_Semaphore_Instance_finalize__E
                0x00002f7c       0x10 ../../closure/src/sysbios/sysbios.am3g(knl_Semaphore.o)
                0x00002f7c                ti_sysbios_knl_Semaphore_Instance_finalize__E
 .text.ti_sysbios_knl_Semaphore_pend__E
                0x00002f8c      0x100 ../../closure/src/sysbios/sysbios.am3g(knl_Semaphore.o)
                0x00002f8c                ti_sysbios_knl_Semaphore_pend__E
 .text.ti_sysbios_knl_Semaphore_post__E
                0x0000308c       0x68 ../../closure/src/sysbios/sysbios.am3g(knl_Semaphore.o)
                0x0000308c                ti_sysbios_knl_Semaphore_post__E
 .text.ti_sysbios_knl_Swi_run__I
                0x000030f4       0x68 ../../closure/src/sysbios/sysbios.am3g(knl_Swi.o)
                0x000030f4                ti_sysbios_knl_Swi_run(int0_t)
 .text.ti_sysbios_knl_Swi_runLoop__I
                0x0000315c       0x58 ../../closure/src/sysbios/sysbios.am3g(knl_Swi.o)
                0x0000315c                ti_sysbios_knl_Swi_runLoop(int0_t)
 .text.ti_sysbios_knl_Swi_schedule__I
                0x000031b4       0x58 ../../closure/src/sysbios/sysbios.am3g(knl_Swi.o)
                0x000031b4                ti_sysbios_knl_Swi_schedule(int0_t)
 .text.ti_sysbios_knl_Swi_restore__E.part.0
                0x0000320c       0x34 ../../closure/src/sysbios/sysbios.am3g(knl_Swi.o)
 .text.ti_sysbios_knl_Swi_Module_startup__E
                0x00003240       0x24 ../../closure/src/sysbios/sysbios.am3g(knl_Swi.o)
                0x00003240                ti_sysbios_knl_Swi_Module_startup__E
 .text.ti_sysbios_knl_Swi_startup__E
                0x00003264        0x4 ../../closure/src/sysbios/sysbios.am3g(knl_Swi.o)
                0x00003264                ti_sysbios_knl_Swi_startup__E
 .text.ti_sysbios_knl_Swi_enabled__E
                0x00003268       0x14 ../../closure/src/sysbios/sysbios.am3g(knl_Swi.o)
                0x00003268                ti_sysbios_knl_Swi_enabled__E
 .text.ti_sysbios_knl_Swi_disable__E
                0x0000327c       0x14 ../../closure/src/sysbios/sysbios.am3g(knl_Swi.o)
                0x0000327c                ti_sysbios_knl_Swi_disable__E
 .text.ti_sysbios_knl_Swi_restore__E
                0x00003290        0x8 ../../closure/src/sysbios/sysbios.am3g(knl_Swi.o)
                0x00003290                ti_sysbios_knl_Swi_restore__E
 .text.ti_sysbios_knl_Swi_restoreHwi__E
                0x00003298       0x78 ../../closure/src/sysbios/sysbios.am3g(knl_Swi.o)
                0x00003298                ti_sysbios_knl_Swi_restoreHwi__E
 .text.ti_sysbios_knl_Swi_getTrigger__E
                0x00003310        0xc ../../closure/src/sysbios/sysbios.am3g(knl_Swi.o)
                0x00003310                ti_sysbios_knl_Swi_getTrigger__E
 .text.ti_sysbios_knl_Swi_Instance_init__E
                0x0000331c       0x54 ../../closure/src/sysbios/sysbios.am3g(knl_Swi.o)
                0x0000331c                ti_sysbios_knl_Swi_Instance_init__E
 .text.ti_sysbios_knl_Swi_Instance_finalize__E
                0x00003370        0x2 ../../closure/src/sysbios/sysbios.am3g(knl_Swi.o)
                0x00003370                ti_sysbios_knl_Swi_Instance_finalize__E
 *fill*         0x00003372        0x2 
 .text.ti_sysbios_knl_Swi_post__E
                0x00003374       0x4c ../../closure/src/sysbios/sysbios.am3g(knl_Swi.o)
                0x00003374                ti_sysbios_knl_Swi_post__E
 .text.ti_sysbios_knl_Swi_or__E
                0x000033c0       0x18 ../../closure/src/sysbios/sysbios.am3g(knl_Swi.o)
                0x000033c0                ti_sysbios_knl_Swi_or__E
 .text.ti_sysbios_hal_Hwi_disable
                0x000033d8        0xc ../../closure/src/sysbios/sysbios.am3g(knl_Task.o)
 .text.ti_sysbios_hal_Hwi_enable
                0x000033e4        0xe ../../closure/src/sysbios/sysbios.am3g(knl_Task.o)
 *fill*         0x000033f2        0x2 
 .text.ti_sysbios_knl_Task_disable__E
                0x000033f4       0x14 ../../closure/src/sysbios/sysbios.am3g(knl_Task.o)
                0x000033f4                ti_sysbios_knl_Task_disable__E
 .text.ti_sysbios_knl_Task_self__E
                0x00003408        0xc ../../closure/src/sysbios/sysbios.am3g(knl_Task.o)
                0x00003408                ti_sysbios_knl_Task_self__E
 .text.ti_sysbios_knl_Task_processVitalTaskFlag__I
                0x00003414       0x30 ../../closure/src/sysbios/sysbios.am3g(knl_Task.o)
                0x00003414                ti_sysbios_knl_Task_processVitalTaskFlag(int0_t)
 .text.ti_sysbios_knl_Task_getHookContext__E
                0x00003444        0x8 ../../closure/src/sysbios/sysbios.am3g(knl_Task.o)
                0x00003444                ti_sysbios_knl_Task_getHookContext__E
 .text.ti_sysbios_knl_Task_getPri__E
                0x0000344c        0x4 ../../closure/src/sysbios/sysbios.am3g(knl_Task.o)
                0x0000344c                ti_sysbios_knl_Task_getPri__E
 .text.ti_sysbios_knl_Task_blockI__E
                0x00003450       0x4c ../../closure/src/sysbios/sysbios.am3g(knl_Task.o)
                0x00003450                ti_sysbios_knl_Task_blockI__E
 .text.ti_sysbios_knl_Task_unblockI__E
                0x0000349c       0x58 ../../closure/src/sysbios/sysbios.am3g(knl_Task.o)
                0x0000349c                ti_sysbios_knl_Task_unblockI__E
 .text.ti_sysbios_knl_Task_sleepTimeout__I
                0x000034f4       0x1a ../../closure/src/sysbios/sysbios.am3g(knl_Task.o)
                0x000034f4                ti_sysbios_knl_Task_sleepTimeout(int0_t)
 .text.ti_sysbios_knl_Task_unblock__E
                0x0000350e       0x18 ../../closure/src/sysbios/sysbios.am3g(knl_Task.o)
                0x0000350e                ti_sysbios_knl_Task_unblock__E
 *fill*         0x00003526        0x2 
 .text.ti_sysbios_knl_Task_allBlockedFunction__I
                0x00003528       0x3c ../../closure/src/sysbios/sysbios.am3g(knl_Task.o)
                0x00003528                ti_sysbios_knl_Task_allBlockedFunction(int0_t)
 .text.ti_sysbios_knl_Task_schedule__I
                0x00003564       0x80 ../../closure/src/sysbios/sysbios.am3g(knl_Task.o)
                0x00003564                ti_sysbios_knl_Task_schedule(int0_t)
 .text.ti_sysbios_knl_Task_enter__I
                0x000035e4       0x20 ../../closure/src/sysbios/sysbios.am3g(knl_Task.o)
                0x000035e4                ti_sysbios_knl_Task_enter(int0_t)
 .text.ti_sysbios_knl_Task_restore__E.part.2
                0x00003604       0x28 ../../closure/src/sysbios/sysbios.am3g(knl_Task.o)
 .text.ti_sysbios_knl_Task_restore__E
                0x0000362c        0x8 ../../closure/src/sysbios/sysbios.am3g(knl_Task.o)
                0x0000362c                ti_sysbios_knl_Task_restore__E
 .text.ti_sysbios_knl_Task_exit__E
                0x00003634       0x64 ../../closure/src/sysbios/sysbios.am3g(knl_Task.o)
                0x00003634                ti_sysbios_knl_Task_exit__E
 .text.ti_sysbios_knl_Task_sleep__E
                0x00003698       0x78 ../../closure/src/sysbios/sysbios.am3g(knl_Task.o)
                0x00003698                ti_sysbios_knl_Task_sleep__E
 .text.ti_sysbios_knl_Task_postInit__I
                0x00003710       0xc4 ../../closure/src/sysbios/sysbios.am3g(knl_Task.o)
                0x00003710                ti_sysbios_knl_Task_postInit(int0_t)
 .text.ti_sysbios_knl_Task_Module_startup__E
                0x000037d4       0x74 ../../closure/src/sysbios/sysbios.am3g(knl_Task.o)
                0x000037d4                ti_sysbios_knl_Task_Module_startup__E
 .text.ti_sysbios_knl_Task_Instance_init__E
                0x00003848       0xe4 ../../closure/src/sysbios/sysbios.am3g(knl_Task.o)
                0x00003848                ti_sysbios_knl_Task_Instance_init__E
 .text.ti_sysbios_knl_Task_Instance_finalize__E
                0x0000392c       0xe8 ../../closure/src/sysbios/sysbios.am3g(knl_Task.o)
                0x0000392c                ti_sysbios_knl_Task_Instance_finalize__E
 .text.ti_sysbios_knl_Task_restoreHwi__E
                0x00003a14       0x20 ../../closure/src/sysbios/sysbios.am3g(knl_Task.o)
                0x00003a14                ti_sysbios_knl_Task_restoreHwi__E
 .text.ti_sysbios_knl_Task_startCore__E
                0x00003a34       0x78 ../../closure/src/sysbios/sysbios.am3g(knl_Task.o)
                0x00003a34                ti_sysbios_knl_Task_startCore__E
 .text.ti_sysbios_knl_Task_startup__E
                0x00003aac        0x6 ../../closure/src/sysbios/sysbios.am3g(knl_Task.o)
                0x00003aac                ti_sysbios_knl_Task_startup__E
 .text.ti_sysbios_hal_Hwi_Module_startup__E
                0x00003ab2       0x10 ../../closure/src/sysbios/sysbios.am3g(hal_Hwi.o)
                0x00003ab2                ti_sysbios_hal_Hwi_Module_startup__E
 .text.ti_sysbios_hal_Hwi_getStackInfo__E
                0x00003ac2        0x4 ../../closure/src/sysbios/sysbios.am3g(hal_Hwi.o)
                0x00003ac2                ti_sysbios_hal_Hwi_getStackInfo__E
 .text.ti_sysbios_hal_Hwi_switchFromBootStack__E
                0x00003ac6        0x4 ../../closure/src/sysbios/sysbios.am3g(hal_Hwi.o)
                0x00003ac6                ti_sysbios_hal_Hwi_switchFromBootStack__E
 .text.ti_sysbios_hal_Hwi_initStack
                0x00003aca       0x20 ../../closure/src/sysbios/sysbios.am3g(hal_Hwi_stack.o)
                0x00003aca                ti_sysbios_hal_Hwi_initStack
 .text.ti_sysbios_hal_Hwi_startup__E
                0x00003aea        0x4 ../../closure/src/sysbios/sysbios.am3g(hal_Hwi_startup.o)
                0x00003aea                ti_sysbios_hal_Hwi_startup__E
 .text.ti_sysbios_hal_Timer_Module_startup__E
                0x00003aee       0x10 ../../closure/src/sysbios/sysbios.am3g(hal_Timer.o)
                0x00003aee                ti_sysbios_hal_Timer_Module_startup__E
 .text.ti_sysbios_gates_GateHwi_Instance_init__E
                0x00003afe        0x2 ../../closure/src/sysbios/sysbios.am3g(gates_GateHwi.o)
                0x00003afe                ti_sysbios_gates_GateHwi_Instance_init__E
 .text.ti_sysbios_gates_GateHwi_enter__E
                0x00003b00        0xc ../../closure/src/sysbios/sysbios.am3g(gates_GateHwi.o)
                0x00003b00                ti_sysbios_gates_GateHwi_enter__E
 .text.ti_sysbios_gates_GateHwi_leave__E
                0x00003b0c        0x6 ../../closure/src/sysbios/sysbios.am3g(gates_GateHwi.o)
                0x00003b0c                ti_sysbios_gates_GateHwi_leave__E
 .text.ti_sysbios_gates_GateHwi_query__E
                0x00003b12        0x4 ../../closure/src/sysbios/sysbios.am3g(gates_GateHwi.o)
                0x00003b12                ti_sysbios_gates_GateHwi_query__E
 *fill*         0x00003b16        0x2 
 .text.ti_sysbios_gates_GateMutex_Instance_init__E
                0x00003b18       0x1c ../../closure/src/sysbios/sysbios.am3g(gates_GateMutex.o)
                0x00003b18                ti_sysbios_gates_GateMutex_Instance_init__E
 .text.ti_sysbios_gates_GateMutex_Instance_finalize__E
                0x00003b34       0x10 ../../closure/src/sysbios/sysbios.am3g(gates_GateMutex.o)
                0x00003b34                ti_sysbios_gates_GateMutex_Instance_finalize__E
 .text.ti_sysbios_gates_GateMutex_enter__E
                0x00003b44       0x30 ../../closure/src/sysbios/sysbios.am3g(gates_GateMutex.o)
                0x00003b44                ti_sysbios_gates_GateMutex_enter__E
 .text.ti_sysbios_gates_GateMutex_leave__E
                0x00003b74       0x14 ../../closure/src/sysbios/sysbios.am3g(gates_GateMutex.o)
                0x00003b74                ti_sysbios_gates_GateMutex_leave__E
 .text.ti_sysbios_gates_GateMutex_query__E
                0x00003b88        0x4 ../../closure/src/sysbios/sysbios.am3g(gates_GateMutex.o)
                0x00003b88                ti_sysbios_gates_GateMutex_query__E
 .text.ti_sysbios_family_arm_m3_Hwi_initNVIC__E
                0x00003b8c       0x80 ../../closure/src/sysbios/sysbios.am3g(m3_Hwi.o)
                0x00003b8c                ti_sysbios_family_arm_m3_Hwi_initNVIC__E
 .text.ti_sysbios_family_arm_m3_Hwi_startup__E
                0x00003c0c        0xe ../../closure/src/sysbios/sysbios.am3g(m3_Hwi.o)
                0x00003c0c                ti_sysbios_family_arm_m3_Hwi_startup__E
 .text.ti_sysbios_family_arm_m3_Hwi_disableFxn__E
                0x00003c1a        0xc ../../closure/src/sysbios/sysbios.am3g(m3_Hwi.o)
                0x00003c1a                ti_sysbios_family_arm_m3_Hwi_disableFxn__E
 .text.ti_sysbios_family_arm_m3_Hwi_restoreFxn__E
                0x00003c26        0x6 ../../closure/src/sysbios/sysbios.am3g(m3_Hwi.o)
                0x00003c26                ti_sysbios_family_arm_m3_Hwi_restoreFxn__E
 .text.ti_sysbios_family_arm_m3_Hwi_disableInterrupt__E
                0x00003c2c       0x48 ../../closure/src/sysbios/sysbios.am3g(m3_Hwi.o)
                0x00003c2c                ti_sysbios_family_arm_m3_Hwi_disableInterrupt__E
 .text.ti_sysbios_family_arm_m3_Hwi_enableInterrupt__E
                0x00003c74       0x44 ../../closure/src/sysbios/sysbios.am3g(m3_Hwi.o)
                0x00003c74                ti_sysbios_family_arm_m3_Hwi_enableInterrupt__E
 .text.ti_sysbios_family_arm_m3_Hwi_clearInterrupt__E
                0x00003cb8       0x20 ../../closure/src/sysbios/sysbios.am3g(m3_Hwi.o)
                0x00003cb8                ti_sysbios_family_arm_m3_Hwi_clearInterrupt__E
 .text.ti_sysbios_family_arm_m3_Hwi_plug__E
                0x00003cd8       0x18 ../../closure/src/sysbios/sysbios.am3g(m3_Hwi.o)
                0x00003cd8                ti_sysbios_family_arm_m3_Hwi_plug__E
 .text.ti_sysbios_family_arm_m3_Hwi_Instance_finalize__E
                0x00003cf0       0x30 ../../closure/src/sysbios/sysbios.am3g(m3_Hwi.o)
                0x00003cf0                ti_sysbios_family_arm_m3_Hwi_Instance_finalize__E
 .text.ti_sysbios_family_arm_m3_Hwi_switchFromBootStack__E
                0x00003d20       0x1c ../../closure/src/sysbios/sysbios.am3g(m3_Hwi.o)
                0x00003d20                ti_sysbios_family_arm_m3_Hwi_switchFromBootStack__E
 .text.ti_sysbios_family_arm_m3_Hwi_getStackInfo__E
                0x00003d3c       0x3c ../../closure/src/sysbios/sysbios.am3g(m3_Hwi.o)
                0x00003d3c                ti_sysbios_family_arm_m3_Hwi_getStackInfo__E
 .text.ti_sysbios_family_arm_m3_Hwi_setPriority__E
                0x00003d78       0x28 ../../closure/src/sysbios/sysbios.am3g(m3_Hwi.o)
                0x00003d78                ti_sysbios_family_arm_m3_Hwi_setPriority__E
 .text.ti_sysbios_family_arm_m3_Hwi_postInit__I
                0x00003da0       0x58 ../../closure/src/sysbios/sysbios.am3g(m3_Hwi.o)
                0x00003da0                ti_sysbios_family_arm_m3_Hwi_postInit(int0_t)
 .text.ti_sysbios_family_arm_m3_Hwi_Module_startup__E
                0x00003df8       0x54 ../../closure/src/sysbios/sysbios.am3g(m3_Hwi.o)
                0x00003df8                ti_sysbios_family_arm_m3_Hwi_Module_startup__E
 .text.ti_sysbios_family_arm_m3_Hwi_Instance_init__E
                0x00003e4c       0x8c ../../closure/src/sysbios/sysbios.am3g(m3_Hwi.o)
                0x00003e4c                ti_sysbios_family_arm_m3_Hwi_Instance_init__E
 .text.ti_sysbios_family_arm_m3_Hwi_excHandler__I
                0x00003ed8       0x20 ../../closure/src/sysbios/sysbios.am3g(m3_Hwi.o)
                0x00003ed8                ti_sysbios_family_arm_m3_Hwi_excHandler(int0_t)
 .text.ti_sysbios_family_arm_m3_Hwi_dispatchC__I
                0x00003ef8       0x68 ../../closure/src/sysbios/sysbios.am3g(m3_Hwi.o)
                0x00003ef8                ti_sysbios_family_arm_m3_Hwi_dispatchC(int0_t)
 .text.ti_sysbios_family_arm_m3_Hwi_doSwiRestore__I
                0x00003f60        0x6 ../../closure/src/sysbios/sysbios.am3g(m3_Hwi.o)
                0x00003f60                ti_sysbios_family_arm_m3_Hwi_doSwiRestore(int0_t)
 .text.ti_sysbios_family_arm_m3_Hwi_doTaskRestore__I
                0x00003f66        0x6 ../../closure/src/sysbios/sysbios.am3g(m3_Hwi.o)
                0x00003f66                ti_sysbios_family_arm_m3_Hwi_doTaskRestore(int0_t)
 .text.ti_sysbios_family_arm_m3_TaskSupport_start__E
                0x00003f6c       0x32 ../../closure/src/sysbios/sysbios.am3g(m3_TaskSupport.o)
                0x00003f6c                ti_sysbios_family_arm_m3_TaskSupport_start__E
 *fill*         0x00003f9e        0x2 
 .text.ti_sysbios_family_arm_m3_TaskSupport_getStackAlignment__E
                0x00003fa0        0xc ../../closure/src/sysbios/sysbios.am3g(m3_TaskSupport.o)
                0x00003fa0                ti_sysbios_family_arm_m3_TaskSupport_getStackAlignment__E
 .text.ti_sysbios_family_arm_m3_Timer_periodicStub__I
                0x00003fac       0x38 ../../closure/src/sysbios/sysbios.am3g(m3_Timer.o)
                0x00003fac                ti_sysbios_family_arm_m3_Timer_periodicStub(int0_t)
 .text.ti_sysbios_family_arm_m3_Timer_getHandle__E
                0x00003fe4        0xc ../../closure/src/sysbios/sysbios.am3g(m3_Timer.o)
                0x00003fe4                ti_sysbios_family_arm_m3_Timer_getHandle__E
 .text.ti_sysbios_family_arm_m3_Timer_initDevice__I
                0x00003ff0       0x34 ../../closure/src/sysbios/sysbios.am3g(m3_Timer.o)
                0x00003ff0                ti_sysbios_family_arm_m3_Timer_initDevice(int0_t)
 .text.ti_sysbios_family_arm_m3_Timer_start__E
                0x00004024       0x40 ../../closure/src/sysbios/sysbios.am3g(m3_Timer.o)
                0x00004024                ti_sysbios_family_arm_m3_Timer_start__E
 .text.ti_sysbios_family_arm_m3_Timer_startup__E
                0x00004064       0x24 ../../closure/src/sysbios/sysbios.am3g(m3_Timer.o)
                0x00004064                ti_sysbios_family_arm_m3_Timer_startup__E
 .text.ti_sysbios_family_arm_m3_Timer_stop__E
                0x00004088       0x18 ../../closure/src/sysbios/sysbios.am3g(m3_Timer.o)
                0x00004088                ti_sysbios_family_arm_m3_Timer_stop__E
 .text.ti_sysbios_family_arm_m3_Timer_setPeriod__E
                0x000040a0       0x4c ../../closure/src/sysbios/sysbios.am3g(m3_Timer.o)
                0x000040a0                ti_sysbios_family_arm_m3_Timer_setPeriod__E
 .text.ti_sysbios_family_arm_m3_Timer_postInit__I
                0x000040ec       0x22 ../../closure/src/sysbios/sysbios.am3g(m3_Timer.o)
                0x000040ec                ti_sysbios_family_arm_m3_Timer_postInit(int0_t)
 *fill*         0x0000410e        0x2 
 .text.ti_sysbios_family_arm_m3_Timer_Module_startup__E
                0x00004110       0x28 ../../closure/src/sysbios/sysbios.am3g(m3_Timer.o)
                0x00004110                ti_sysbios_family_arm_m3_Timer_Module_startup__E
 .text.ti_sysbios_family_arm_m3_TimestampProvider_Module_startup__E
                0x00004138       0x20 ../../closure/src/sysbios/sysbios.am3g(m3_TimestampProvider.o)
                0x00004138                ti_sysbios_family_arm_m3_TimestampProvider_Module_startup__E
 .text.ti_sysbios_family_arm_m3_TimestampProvider_startTimer__E
                0x00004158        0xc ../../closure/src/sysbios/sysbios.am3g(m3_TimestampProvider.o)
                0x00004158                ti_sysbios_family_arm_m3_TimestampProvider_startTimer__E
 .text.ti_sysbios_family_arm_m3_TimestampProvider_rolloverFunc__E
                0x00004164        0x2 ../../closure/src/sysbios/sysbios.am3g(m3_TimestampProvider.o)
                0x00004164                ti_sysbios_family_arm_m3_TimestampProvider_rolloverFunc__E
 .text.ti_sysbios_heaps_HeapMem_restore__E
                0x00004166        0xe ../../closure/src/sysbios/sysbios.am3g(heaps_HeapMem.o)
                0x00004166                ti_sysbios_heaps_HeapMem_restore__E
 .text.ti_sysbios_heaps_HeapMem_initPrimary__I
                0x00004174       0x5c ../../closure/src/sysbios/sysbios.am3g(heaps_HeapMem.o)
                0x00004174                ti_sysbios_heaps_HeapMem_initPrimary(int0_t)
 .text.ti_sysbios_heaps_HeapMem_Instance_init__E
                0x000041d0       0x44 ../../closure/src/sysbios/sysbios.am3g(heaps_HeapMem.o)
                0x000041d0                ti_sysbios_heaps_HeapMem_Instance_init__E
 .text.ti_sysbios_heaps_HeapMem_alloc__E
                0x00004214       0xc0 ../../closure/src/sysbios/sysbios.am3g(heaps_HeapMem.o)
                0x00004214                ti_sysbios_heaps_HeapMem_alloc__E
 .text.ti_sysbios_heaps_HeapMem_free__E
                0x000042d4       0x78 ../../closure/src/sysbios/sysbios.am3g(heaps_HeapMem.o)
                0x000042d4                ti_sysbios_heaps_HeapMem_free__E
 .text.ti_sysbios_heaps_HeapMem_isBlocking__E
                0x0000434c        0x6 ../../closure/src/sysbios/sysbios.am3g(heaps_HeapMem.o)
                0x0000434c                ti_sysbios_heaps_HeapMem_isBlocking__E
 *fill*         0x00004352        0x2 
 .text.ti_sysbios_heaps_HeapMem_getStats__E
                0x00004354       0x44 ../../closure/src/sysbios/sysbios.am3g(heaps_HeapMem.o)
                0x00004354                ti_sysbios_heaps_HeapMem_getStats__E
 .text.ti_sysbios_family_arm_lm4_Timer_masterDisable__I
                0x00004398        0x8 ../../closure/src/sysbios/sysbios.am3g(lm4_Timer.o)
                0x00004398                ti_sysbios_family_arm_lm4_Timer_masterDisable(int0_t)
 .text.ti_sysbios_family_arm_lm4_Timer_masterEnable__I
                0x000043a0        0x4 ../../closure/src/sysbios/sysbios.am3g(lm4_Timer.o)
                0x000043a0                ti_sysbios_family_arm_lm4_Timer_masterEnable(int0_t)
 .text.ti_sysbios_family_arm_lm4_Timer_write__I
                0x000043a4       0x24 ../../closure/src/sysbios/sysbios.am3g(lm4_Timer.o)
                0x000043a4                ti_sysbios_family_arm_lm4_Timer_write(int0_t)
 .text.ti_sysbios_family_arm_lm4_Timer_initDevice__I
                0x000043c8       0x40 ../../closure/src/sysbios/sysbios.am3g(lm4_Timer.o)
                0x000043c8                ti_sysbios_family_arm_lm4_Timer_initDevice(int0_t)
 .text.ti_sysbios_family_arm_lm4_Timer_enableTimers__I
                0x00004408       0x38 ../../closure/src/sysbios/sysbios.am3g(lm4_Timer.o)
                0x00004408                ti_sysbios_family_arm_lm4_Timer_enableTimers(int0_t)
 .text.ti_sysbios_family_arm_lm4_Timer_start__E
                0x00004440       0xfc ../../closure/src/sysbios/sysbios.am3g(lm4_Timer.o)
                0x00004440                ti_sysbios_family_arm_lm4_Timer_start__E
 .text.ti_sysbios_family_arm_lm4_Timer_startup__E
                0x0000453c       0x3c ../../closure/src/sysbios/sysbios.am3g(lm4_Timer.o)
                0x0000453c                ti_sysbios_family_arm_lm4_Timer_startup__E
 .text.ti_sysbios_family_arm_lm4_Timer_stop__E
                0x00004578       0x34 ../../closure/src/sysbios/sysbios.am3g(lm4_Timer.o)
                0x00004578                ti_sysbios_family_arm_lm4_Timer_stop__E
 .text.ti_sysbios_family_arm_lm4_Timer_postInit__I
                0x000045ac       0x1e ../../closure/src/sysbios/sysbios.am3g(lm4_Timer.o)
                0x000045ac                ti_sysbios_family_arm_lm4_Timer_postInit(int0_t)
 *fill*         0x000045ca        0x2 
 .text.ti_sysbios_family_arm_lm4_Timer_Module_startup__E
                0x000045cc       0x3c ../../closure/src/sysbios/sysbios.am3g(lm4_Timer.o)
                0x000045cc                ti_sysbios_family_arm_lm4_Timer_Module_startup__E
 .text.ti_sysbios_family_arm_lm4_Timer_getAvailMask__E
                0x00004608        0xc ../../closure/src/sysbios/sysbios.am3g(lm4_Timer.o)
                0x00004608                ti_sysbios_family_arm_lm4_Timer_getAvailMask__E
 .text.ti_sysbios_family_arm_lm4_Timer_setAvailMask__E
                0x00004614       0x48 ../../closure/src/sysbios/sysbios.am3g(lm4_Timer.o)
                0x00004614                ti_sysbios_family_arm_lm4_Timer_setAvailMask__E
 .text.ti_sysbios_family_arm_cc26xx_Boot_trimDevice
                0x0000465c        0x4 ../../closure/src/sysbios/sysbios.am3g(cc26xx_Boot.o)
                0x0000465c                ti_sysbios_family_arm_cc26xx_Boot_trimDevice
 .text.ti_sysbios_family_arm_cc26xx_Timer_getMaxTicks__E
                0x00004660       0x20 ../../closure/src/sysbios/sysbios.am3g(cc26xx_Timer.o)
                0x00004660                ti_sysbios_family_arm_cc26xx_Timer_getMaxTicks__E
 .text.ti_sysbios_family_arm_cc26xx_Timer_setThreshold__I
                0x00004680       0x30 ../../closure/src/sysbios/sysbios.am3g(cc26xx_Timer.o)
                0x00004680                ti_sysbios_family_arm_cc26xx_Timer_setThreshold(int0_t)
 .text.ti_sysbios_family_arm_cc26xx_Timer_setNextTick__E
                0x000046b0       0x2e ../../closure/src/sysbios/sysbios.am3g(cc26xx_Timer.o)
                0x000046b0                ti_sysbios_family_arm_cc26xx_Timer_setNextTick__E
 *fill*         0x000046de        0x2 
 .text.ti_sysbios_family_arm_cc26xx_Timer_start__E
                0x000046e0       0x7c ../../closure/src/sysbios/sysbios.am3g(cc26xx_Timer.o)
                0x000046e0                ti_sysbios_family_arm_cc26xx_Timer_start__E
 .text.ti_sysbios_family_arm_cc26xx_Timer_startup__E
                0x0000475c       0x24 ../../closure/src/sysbios/sysbios.am3g(cc26xx_Timer.o)
                0x0000475c                ti_sysbios_family_arm_cc26xx_Timer_startup__E
 .text.ti_sysbios_family_arm_cc26xx_Timer_dynamicStub__E
                0x00004780       0x1c ../../closure/src/sysbios/sysbios.am3g(cc26xx_Timer.o)
                0x00004780                ti_sysbios_family_arm_cc26xx_Timer_dynamicStub__E
 .text.ti_sysbios_family_arm_cc26xx_Timer_getCurrentTick__E
                0x0000479c       0x2c ../../closure/src/sysbios/sysbios.am3g(cc26xx_Timer.o)
                0x0000479c                ti_sysbios_family_arm_cc26xx_Timer_getCurrentTick__E
 .text.ti_sysbios_family_arm_cc26xx_Timer_initDevice__I
                0x000047c8       0x3c ../../closure/src/sysbios/sysbios.am3g(cc26xx_Timer.o)
                0x000047c8                ti_sysbios_family_arm_cc26xx_Timer_initDevice(int0_t)
 .text.ti_sysbios_family_arm_cc26xx_Timer_postInit__I
                0x00004804       0x18 ../../closure/src/sysbios/sysbios.am3g(cc26xx_Timer.o)
                0x00004804                ti_sysbios_family_arm_cc26xx_Timer_postInit(int0_t)
 .text.ti_sysbios_family_arm_cc26xx_Timer_Module_startup__E
                0x0000481c       0x28 ../../closure/src/sysbios/sysbios.am3g(cc26xx_Timer.o)
                0x0000481c                ti_sysbios_family_arm_cc26xx_Timer_Module_startup__E
 .text.ti_sysbios_family_arm_cc26xx_TimestampProvider_Module_startup__E
                0x00004844       0x20 ../../closure/src/sysbios/sysbios.am3g(cc26xx_TimestampProvider.o)
                0x00004844                ti_sysbios_family_arm_cc26xx_TimestampProvider_Module_startup__E
 .text.ti_sysbios_rts_gnu_ReentSupport_Module_startup__E
                0x00004864       0x22 ../../closure/src/sysbios/sysbios.am3g(gnu_ReentSupport.o)
                0x00004864                ti_sysbios_rts_gnu_ReentSupport_Module_startup__E
 *fill*         0x00004886        0x2 
 .text.ti_sysbios_rts_gnu_ReentSupport_taskRegHook__I
                0x00004888        0xc ../../closure/src/sysbios/sysbios.am3g(gnu_ReentSupport.o)
                0x00004888                ti_sysbios_rts_gnu_ReentSupport_taskRegHook(int0_t)
 .text.ti_sysbios_rts_gnu_ReentSupport_taskDeleteHook__I
                0x00004894       0x30 ../../closure/src/sysbios/sysbios.am3g(gnu_ReentSupport.o)
                0x00004894                ti_sysbios_rts_gnu_ReentSupport_taskDeleteHook(int0_t)
 .text.xdc_runtime_Core_createObject__I
                0x000048c4       0xf0 ../../closure/gnu/targets/arm/rtsv7M/lib/gnu.targets.arm.rtsv7M.am3g(Core-mem.om3g)
                0x000048c4                xdc_runtime_Core_createObject(int0_t)
 .text.xdc_runtime_Core_deleteObject__I
                0x000049b4       0x64 ../../closure/gnu/targets/arm/rtsv7M/lib/gnu.targets.arm.rtsv7M.am3g(Core-mem.om3g)
                0x000049b4                xdc_runtime_Core_deleteObject(int0_t)
 .text.xdc_runtime_Core_constructObject__I
                0x00004a18       0xbc ../../closure/gnu/targets/arm/rtsv7M/lib/gnu.targets.arm.rtsv7M.am3g(Core-smem.om3g)
                0x00004a18                xdc_runtime_Core_constructObject(int0_t)
 .text.xdc_runtime_Core_assignLabel__I
                0x00004ad4       0x3c ../../closure/gnu/targets/arm/rtsv7M/lib/gnu.targets.arm.rtsv7M.am3g(Core-label.om3g)
                0x00004ad4                xdc_runtime_Core_assignLabel(int0_t)
 .text.xdc_runtime_Core_assignParams__I
                0x00004b10       0x40 ../../closure/gnu/targets/arm/rtsv7M/lib/gnu.targets.arm.rtsv7M.am3g(Core-params.om3g)
                0x00004b10                xdc_runtime_Core_assignParams(int0_t)
 .text.xdc_runtime_Error_init__E
                0x00004b50        0xc ../../closure/gnu/targets/arm/rtsv7M/lib/gnu.targets.arm.rtsv7M.am3g(Error.om3g)
                0x00004b50                xdc_runtime_Error_init__E
 .text.xdc_runtime_Error_check__E
                0x00004b5c       0x20 ../../closure/gnu/targets/arm/rtsv7M/lib/gnu.targets.arm.rtsv7M.am3g(Error.om3g)
                0x00004b5c                xdc_runtime_Error_check__E
 .text.xdc_runtime_Error_raiseX__E
                0x00004b7c       0x20 ../../closure/gnu/targets/arm/rtsv7M/lib/gnu.targets.arm.rtsv7M.am3g(Error.om3g)
                0x00004b7c                xdc_runtime_Error_raiseX__E
 .text.xdc_runtime_Error_policySpin__E
                0x00004b9c        0x4 ../../closure/gnu/targets/arm/rtsv7M/lib/gnu.targets.arm.rtsv7M.am3g(Error.om3g)
                0x00004b9c                xdc_runtime_Error_policySpin__E
 .text.xdc_runtime_Gate_enterSystem__E
                0x00004ba0        0xc ../../closure/gnu/targets/arm/rtsv7M/lib/gnu.targets.arm.rtsv7M.am3g(Gate.om3g)
                0x00004ba0                xdc_runtime_Gate_enterSystem__E
 .text.xdc_runtime_Gate_leaveSystem__E
                0x00004bac       0x10 ../../closure/gnu/targets/arm/rtsv7M/lib/gnu.targets.arm.rtsv7M.am3g(Gate.om3g)
                0x00004bac                xdc_runtime_Gate_leaveSystem__E
 .text.xdc_runtime_Memory_alloc__E
                0x00004bbc       0x80 ../../closure/gnu/targets/arm/rtsv7M/lib/gnu.targets.arm.rtsv7M.am3g(Memory.om3g)
                0x00004bbc                xdc_runtime_Memory_alloc__E
 .text.xdc_runtime_Memory_free__E
                0x00004c3c       0x14 ../../closure/gnu/targets/arm/rtsv7M/lib/gnu.targets.arm.rtsv7M.am3g(Memory.om3g)
                0x00004c3c                xdc_runtime_Memory_free__E
 .text.xdc_runtime_Memory_valloc__E
                0x00004c50       0x1c ../../closure/gnu/targets/arm/rtsv7M/lib/gnu.targets.arm.rtsv7M.am3g(Memory.om3g)
                0x00004c50                xdc_runtime_Memory_valloc__E
 .text.xdc_runtime_Memory_calloc__E
                0x00004c6c       0x14 ../../closure/gnu/targets/arm/rtsv7M/lib/gnu.targets.arm.rtsv7M.am3g(Memory.om3g)
                0x00004c6c                xdc_runtime_Memory_calloc__E
 .text.xdc_runtime_Startup_exec__E
                0x00004c80       0x5c ../../closure/gnu/targets/arm/rtsv7M/lib/gnu.targets.arm.rtsv7M.am3g(Startup.om3g)
                0x00004c80                xdc_runtime_Startup_exec__E
 .text.xdc_runtime_Startup_startMods__I
                0x00004cdc       0xe8 ../../closure/gnu/targets/arm/rtsv7M/lib/gnu.targets.arm.rtsv7M.am3g(Startup.om3g)
                0x00004cdc                xdc_runtime_Startup_startMods(int0_t)
 .text.xdc_runtime_System_Module_startup__E
                0x00004dc4        0x8 ../../closure/gnu/targets/arm/rtsv7M/lib/gnu.targets.arm.rtsv7M.am3g(System.om3g)
                0x00004dc4                xdc_runtime_System_Module_startup__E
 .text.xdc_runtime_System_abort__E
                0x00004dcc       0x1c ../../closure/gnu/targets/arm/rtsv7M/lib/gnu.targets.arm.rtsv7M.am3g(System.om3g)
                0x00004dcc                xdc_runtime_System_abort__E
 .text.xdc_runtime_System_atexit__E
                0x00004de8       0x3c ../../closure/gnu/targets/arm/rtsv7M/lib/gnu.targets.arm.rtsv7M.am3g(System.om3g)
                0x00004de8                xdc_runtime_System_atexit__E
 .text.xdc_runtime_System_abortSpin__E
                0x00004e24        0x4 ../../closure/gnu/targets/arm/rtsv7M/lib/gnu.targets.arm.rtsv7M.am3g(System.om3g)
                0x00004e24                xdc_runtime_System_abortSpin__E
 .text.xdc_runtime_System_exitSpin__E
                0x00004e28        0x4 ../../closure/gnu/targets/arm/rtsv7M/lib/gnu.targets.arm.rtsv7M.am3g(System.om3g)
                0x00004e28                xdc_runtime_System_exitSpin__E
 .text.xdc_runtime_System_processAtExit__E
                0x00004e2c       0x38 ../../closure/gnu/targets/arm/rtsv7M/lib/gnu.targets.arm.rtsv7M.am3g(System.om3g)
                0x00004e2c                xdc_runtime_System_processAtExit__E
 .text.xdc_runtime_System_exit__E
                0x00004e64       0x18 ../../closure/gnu/targets/arm/rtsv7M/lib/gnu.targets.arm.rtsv7M.am3g(System.om3g)
                0x00004e64                xdc_runtime_System_exit__E
 .text.xdc_runtime_System_flush__E
                0x00004e7c        0x4 ../../closure/gnu/targets/arm/rtsv7M/lib/gnu.targets.arm.rtsv7M.am3g(System.om3g)
                0x00004e7c                xdc_runtime_System_flush__E
 .text.xdc_runtime_System_formatNum__I
                0x00004e80       0x70 ../../closure/gnu/targets/arm/rtsv7M/lib/gnu.targets.arm.rtsv7M.am3g(System.om3g)
                0x00004e80                xdc_runtime_System_formatNum(int0_t)
 .text.xdc_runtime_System_putchar__I
                0x00004ef0       0x34 ../../closure/gnu/targets/arm/rtsv7M/lib/gnu.targets.arm.rtsv7M.am3g(System.om3g)
                0x00004ef0                xdc_runtime_System_putchar(int0_t)
 .text.xdc_runtime_System_doPrint__I
                0x00004f24      0x330 ../../closure/gnu/targets/arm/rtsv7M/lib/gnu.targets.arm.rtsv7M.am3g(System.om3g)
                0x00004f24                xdc_runtime_System_doPrint(int0_t)
 .text.xdc_runtime_System_vprintf__E
                0x00005254       0x28 ../../closure/gnu/targets/arm/rtsv7M/lib/gnu.targets.arm.rtsv7M.am3g(System.om3g)
                0x00005254                xdc_runtime_System_vprintf__E
 .text.xdc_runtime_System_printf_va__F
                0x0000527c        0x4 ../../closure/gnu/targets/arm/rtsv7M/lib/gnu.targets.arm.rtsv7M.am3g(System.om3g)
                0x0000527c                xdc_runtime_System_printf_va(void)
 .text.xdc_runtime_SysCallback_abort__E
                0x00005280       0x10 ../../closure/gnu/targets/arm/rtsv7M/lib/gnu.targets.arm.rtsv7M.am3g(SysCallback.om3g)
                0x00005280                xdc_runtime_SysCallback_abort__E
 .text.xdc_runtime_SysCallback_exit__E
                0x00005290       0x10 ../../closure/gnu/targets/arm/rtsv7M/lib/gnu.targets.arm.rtsv7M.am3g(SysCallback.om3g)
                0x00005290                xdc_runtime_SysCallback_exit__E
 .text.xdc_runtime_SysCallback_putch__E
                0x000052a0       0x10 ../../closure/gnu/targets/arm/rtsv7M/lib/gnu.targets.arm.rtsv7M.am3g(SysCallback.om3g)
                0x000052a0                xdc_runtime_SysCallback_putch__E
 .text.xdc_runtime_SysCallback_flush__E
                0x000052b0       0x10 ../../closure/gnu/targets/arm/rtsv7M/lib/gnu.targets.arm.rtsv7M.am3g(SysCallback.om3g)
                0x000052b0                xdc_runtime_SysCallback_flush__E
 .text.xdc_runtime_SysCallback_ready__E
                0x000052c0       0x10 ../../closure/gnu/targets/arm/rtsv7M/lib/gnu.targets.arm.rtsv7M.am3g(SysCallback.om3g)
                0x000052c0                xdc_runtime_SysCallback_ready__E
 .text.xdc_runtime_SysCallback_defaultReady
                0x000052d0        0x4 ../../closure/gnu/targets/arm/rtsv7M/lib/gnu.targets.arm.rtsv7M.am3g(SysCallback.om3g)
                0x000052d0                xdc_runtime_SysCallback_defaultReady
 .text.xdc_runtime_SysCallback_defaultFlush
                0x000052d4        0x4 ../../closure/gnu/targets/arm/rtsv7M/lib/gnu.targets.arm.rtsv7M.am3g(SysCallback.om3g)
                0x000052d4                xdc_runtime_SysCallback_defaultFlush
 .text.xdc_runtime_SysCallback_defaultAbort
                0x000052d8        0x4 ../../closure/gnu/targets/arm/rtsv7M/lib/gnu.targets.arm.rtsv7M.am3g(SysCallback.om3g)
                0x000052d8                xdc_runtime_SysCallback_defaultAbort
 .text.xdc_runtime_SysCallback_defaultExit
                0x000052dc        0x4 ../../closure/gnu/targets/arm/rtsv7M/lib/gnu.targets.arm.rtsv7M.am3g(SysCallback.om3g)
                0x000052dc                xdc_runtime_SysCallback_defaultExit
 .text.xdc_runtime_SysCallback_defaultPutch
                0x000052e0        0x4 ../../closure/gnu/targets/arm/rtsv7M/lib/gnu.targets.arm.rtsv7M.am3g(SysCallback.om3g)
                0x000052e0                xdc_runtime_SysCallback_defaultPutch
 .text.xdc_runtime_Text_cordText__E
                0x000052e4       0x2c ../../closure/gnu/targets/arm/rtsv7M/lib/gnu.targets.arm.rtsv7M.am3g(Text.om3g)
                0x000052e4                xdc_runtime_Text_cordText__E
 .text.xdc_runtime_Text_ropeText__E
                0x00005310       0x14 ../../closure/gnu/targets/arm/rtsv7M/lib/gnu.targets.arm.rtsv7M.am3g(Text.om3g)
                0x00005310                xdc_runtime_Text_ropeText__E
 .text.xdc_runtime_Assert_raise__I
                0x00005324       0x54 ../../closure/gnu/targets/arm/rtsv7M/lib/gnu.targets.arm.rtsv7M.am3g(Assert.om3g)
                0x00005324                xdc_runtime_Assert_raise(int0_t)
 .text.startupC
                0x00005378       0x98 ../../closure/gnu/targets/arm/rtsv7M/lib/boot.am3g(startup.om3g)
                0x00005378                startupC
 .text._fini    0x00005410        0x4 ../../closure/gnu/targets/arm/rtsv7M/lib/boot.am3g(startup.om3g)
                0x00005410                _fini
 .text._exit    0x00005414        0x4 ../../closure/gnu/targets/arm/rtsv7M/lib/syscalls.am3g(syscalls.om3g)
                0x00005414                C$$EXIT
                0x00005414                _exit
 .text.memset   0x00005418       0x94 /db/vendors/linaro/gcc-arm-none-eabi-4_8-2014q3/bin/../lib/gcc/arm-none-eabi/4.8.4/../../../../arm-none-eabi/lib/armv7-m/libc.a(lib_a-memset.o)
                0x00005418                memset
 .text.cleanup_glue
                0x000054ac       0x1c /db/vendors/linaro/gcc-arm-none-eabi-4_8-2014q3/bin/../lib/gcc/arm-none-eabi/4.8.4/../../../../arm-none-eabi/lib/armv7-m/libc.a(lib_a-reent.o)
                0x000054ac                cleanup_glue
 .text._reclaim_reent
                0x000054c8       0x90 /db/vendors/linaro/gcc-arm-none-eabi-4_8-2014q3/bin/../lib/gcc/arm-none-eabi/4.8.4/../../../../arm-none-eabi/lib/armv7-m/libc.a(lib_a-reent.o)
                0x000054c8                _reclaim_reent
 .text.strlen   0x00005558       0x60 /db/vendors/linaro/gcc-arm-none-eabi-4_8-2014q3/bin/../lib/gcc/arm-none-eabi/4.8.4/../../../../arm-none-eabi/lib/armv7-m/libc.a(lib_a-strlen.o)
                0x00005558                strlen
 .text.startup.register_fini
                0x000055b8       0x14 /db/vendors/linaro/gcc-arm-none-eabi-4_8-2014q3/bin/../lib/gcc/arm-none-eabi/4.8.4/../../../../arm-none-eabi/lib/armv7-m/libc.a(lib_a-__call_atexit.o)
 .text.atexit   0x000055cc        0xc /db/vendors/linaro/gcc-arm-none-eabi-4_8-2014q3/bin/../lib/gcc/arm-none-eabi/4.8.4/../../../../arm-none-eabi/lib/armv7-m/libc.a(lib_a-atexit.o)
                0x000055cc                atexit
 .text.__libc_fini_array
                0x000055d8       0x30 /db/vendors/linaro/gcc-arm-none-eabi-4_8-2014q3/bin/../lib/gcc/arm-none-eabi/4.8.4/../../../../arm-none-eabi/lib/armv7-m/libc.a(lib_a-fini.o)
                0x000055d8                __libc_fini_array
 .text.__register_exitproc
                0x00005608       0xa8 /db/vendors/linaro/gcc-arm-none-eabi-4_8-2014q3/bin/../lib/gcc/arm-none-eabi/4.8.4/../../../../arm-none-eabi/lib/armv7-m/libc.a(lib_a-__atexit.o)
                0x00005608                __register_exitproc
                0x000056b0                . = ALIGN (0x4)
 *(.ctors)
                0x000056b0                . = ALIGN (0x4)
 *(.dtors)
                0x000056b0                . = ALIGN (0x4)
                0x000056b0                __init_array_start = .
 *(.init_array*)
 .init_array.00000
                0x000056b0        0x4 /db/vendors/linaro/gcc-arm-none-eabi-4_8-2014q3/bin/../lib/gcc/arm-none-eabi/4.8.4/../../../../arm-none-eabi/lib/armv7-m/libc.a(lib_a-__call_atexit.o)
                0x000056b4                __init_array_end = .
 *(.init)
 *(.fini*)
                0x000056b4                PROVIDE (__etext, .)
                0x000056b4                PROVIDE (_etext, .)
                0x000056b4                PROVIDE (etext, .)

.glue_7         0x000056b4        0x0
 .glue_7        0x00000000        0x0 linker stubs

.glue_7t        0x000056b4        0x0
 .glue_7t       0x00000000        0x0 linker stubs

.vfp11_veneer   0x000056b4        0x0
 .vfp11_veneer  0x00000000        0x0 linker stubs

.v4_bx          0x000056b4        0x0
 .v4_bx         0x00000000        0x0 linker stubs

.iplt           0x000056b4        0x0
 .iplt          0x00000000        0x0 hello.obj

.c_int00        0x000056b4       0x34
 .c_int00       0x000056b4       0x34 ../../closure/gnu/targets/arm/rtsv7M/lib/boot.am3g(boot.om3g)
                0x000056b4                _c_int00
                0x000056d2                _reset_fxns_done_

.text:SafeHapiVoid
                0x000056e8       0x28
 .text:SafeHapiVoid
                0x000056e8       0x28 /home/xlibrary/trees/zumaprod/zumaprod-j04/exports/tirtos_full_2_16_00_04_eng/products/cc13xxware_2_03_01_16685/driverlib/bin/ccs/driverlib.lib(adi.obj)
                0x000056e8                SafeHapiVoid

.text:AONBatMonTemperatureGetDegC
                0x00005710       0x28
 .text:AONBatMonTemperatureGetDegC
                0x00005710       0x28 /home/xlibrary/trees/zumaprod/zumaprod-j04/exports/tirtos_full_2_16_00_04_eng/products/cc13xxware_2_03_01_16685/driverlib/bin/ccs/driverlib.lib(aon_batmon.obj)
                0x00005710                AONBatMonTemperatureGetDegC

.text:NOROM_AONRTCCurrentCompareValueGet
                0x00005738       0x18
 .text:NOROM_AONRTCCurrentCompareValueGet
                0x00005738       0x18 /home/xlibrary/trees/zumaprod/zumaprod-j04/exports/tirtos_full_2_16_00_04_eng/products/cc13xxware_2_03_01_16685/driverlib/bin/ccs/driverlib.lib(aon_rtc.obj)
                0x00005738                NOROM_AONRTCCurrentCompareValueGet

.text:NOROM_AONRTCCurrent64BitValueGet
                0x00005750       0x14
 .text:NOROM_AONRTCCurrent64BitValueGet
                0x00005750       0x14 /home/xlibrary/trees/zumaprod/zumaprod-j04/exports/tirtos_full_2_16_00_04_eng/products/cc13xxware_2_03_01_16685/driverlib/bin/ccs/driverlib.lib(aon_rtc.obj)
                0x00005750                NOROM_AONRTCCurrent64BitValueGet

.text:ChipInfo_GetChipFamily
                0x00005764       0x48
 .text:ChipInfo_GetChipFamily
                0x00005764       0x48 /home/xlibrary/trees/zumaprod/zumaprod-j04/exports/tirtos_full_2_16_00_04_eng/products/cc13xxware_2_03_01_16685/driverlib/bin/ccs/driverlib.lib(chipinfo.obj)
                0x00005764                ChipInfo_GetChipFamily

.text:ChipInfo_GetHwRevision
                0x000057ac       0x70
 .text:ChipInfo_GetHwRevision
                0x000057ac       0x70 /home/xlibrary/trees/zumaprod/zumaprod-j04/exports/tirtos_full_2_16_00_04_eng/products/cc13xxware_2_03_01_16685/driverlib/bin/ccs/driverlib.lib(chipinfo.obj)
                0x000057ac                ChipInfo_GetHwRevision

.text:ThisCodeIsBuiltForCC13xxHwRev20AndLater_HaltIfViolated
                0x0000581c       0x16
 .text:ThisCodeIsBuiltForCC13xxHwRev20AndLater_HaltIfViolated
                0x0000581c       0x16 /home/xlibrary/trees/zumaprod/zumaprod-j04/exports/tirtos_full_2_16_00_04_eng/products/cc13xxware_2_03_01_16685/driverlib/bin/ccs/driverlib.lib(chipinfo.obj)
                0x0000581c                ThisCodeIsBuiltForCC13xxHwRev20AndLater_HaltIfViolated

.text:ChipInfo_GetPackageType
                0x00005834       0x18
 .text:ChipInfo_GetPackageType
                0x00005834       0x18 /home/xlibrary/trees/zumaprod/zumaprod-j04/exports/tirtos_full_2_16_00_04_eng/products/cc13xxware_2_03_01_16685/driverlib/bin/ccs/driverlib.lib(chipinfo.obj)
                0x00005834                ChipInfo_GetPackageType

.text:NOROM_CPUcpsie
                0x0000584c        0xc
 .text:NOROM_CPUcpsie
                0x0000584c        0xc /home/xlibrary/trees/zumaprod/zumaprod-j04/exports/tirtos_full_2_16_00_04_eng/products/cc13xxware_2_03_01_16685/driverlib/bin/ccs/driverlib.lib(cpu.obj)
                0x0000584c                NOROM_CPUcpsie

.text:NOROM_CPUcpsid
                0x00005858        0xc
 .text:NOROM_CPUcpsid
                0x00005858        0xc /home/xlibrary/trees/zumaprod/zumaprod-j04/exports/tirtos_full_2_16_00_04_eng/products/cc13xxware_2_03_01_16685/driverlib/bin/ccs/driverlib.lib(cpu.obj)
                0x00005858                NOROM_CPUcpsid

.text:OSC_HPOSCRelativeFrequencyOffsetGet
                0x00005864       0x3c
 .text:OSC_HPOSCRelativeFrequencyOffsetGet
                0x00005864       0x3c /home/xlibrary/trees/zumaprod/zumaprod-j04/exports/tirtos_full_2_16_00_04_eng/products/cc13xxware_2_03_01_16685/driverlib/bin/ccs/driverlib.lib(osc.obj)
                0x00005864                OSC_HPOSCRelativeFrequencyOffsetGet

.text:NOROM_OSCClockSourceSet
                0x000058a0       0x60
 .text:NOROM_OSCClockSourceSet
                0x000058a0       0x60 /home/xlibrary/trees/zumaprod/zumaprod-j04/exports/tirtos_full_2_16_00_04_eng/products/cc13xxware_2_03_01_16685/driverlib/bin/ccs/driverlib.lib(osc.obj)
                0x000058a0                NOROM_OSCClockSourceSet

.text:OSCHF_TurnOnXosc
                0x00005900       0x18
 .text:OSCHF_TurnOnXosc
                0x00005900       0x18 /home/xlibrary/trees/zumaprod/zumaprod-j04/exports/tirtos_full_2_16_00_04_eng/products/cc13xxware_2_03_01_16685/driverlib/bin/ccs/driverlib.lib(osc.obj)
                0x00005900                OSCHF_TurnOnXosc

.text:NOROM_OSCClockSourceGet
                0x00005918       0x2c
 .text:NOROM_OSCClockSourceGet
                0x00005918       0x2c /home/xlibrary/trees/zumaprod/zumaprod-j04/exports/tirtos_full_2_16_00_04_eng/products/cc13xxware_2_03_01_16685/driverlib/bin/ccs/driverlib.lib(osc.obj)
                0x00005918                NOROM_OSCClockSourceGet

.text:OSCHF_SwitchToRcOscTurnOffXosc
                0x00005944       0x34
 .text:OSCHF_SwitchToRcOscTurnOffXosc
                0x00005944       0x34 /home/xlibrary/trees/zumaprod/zumaprod-j04/exports/tirtos_full_2_16_00_04_eng/products/cc13xxware_2_03_01_16685/driverlib/bin/ccs/driverlib.lib(osc.obj)
                0x00005944                OSCHF_SwitchToRcOscTurnOffXosc

.text:OSCHF_AttemptToSwitchToXosc
                0x00005978       0x64
 .text:OSCHF_AttemptToSwitchToXosc
                0x00005978       0x64 /home/xlibrary/trees/zumaprod/zumaprod-j04/exports/tirtos_full_2_16_00_04_eng/products/cc13xxware_2_03_01_16685/driverlib/bin/ccs/driverlib.lib(osc.obj)
                0x00005978                OSCHF_AttemptToSwitchToXosc

.text:SetupCacheModeAccordingToCcfgSetting
                0x000059dc       0x50
 .text:SetupCacheModeAccordingToCcfgSetting
                0x000059dc       0x50 /home/xlibrary/trees/zumaprod/zumaprod-j04/exports/tirtos_full_2_16_00_04_eng/products/cc13xxware_2_03_01_16685/driverlib/bin/ccs/driverlib.lib(setup.obj)

.text:SignExtendVddrTrimValue
                0x00005a2c        0xe
 .text:SignExtendVddrTrimValue
                0x00005a2c        0xe /home/xlibrary/trees/zumaprod/zumaprod-j04/exports/tirtos_full_2_16_00_04_eng/products/cc13xxware_2_03_01_16685/driverlib/bin/ccs/driverlib.lib(setup.obj)
                0x00005a2c                SignExtendVddrTrimValue

.text:SetVddrLevel
                0x00005a3c       0x70
 .text:SetVddrLevel
                0x00005a3c       0x70 /home/xlibrary/trees/zumaprod/zumaprod-j04/exports/tirtos_full_2_16_00_04_eng/products/cc13xxware_2_03_01_16685/driverlib/bin/ccs/driverlib.lib(setup.obj)
                0x00005a3c                SetVddrLevel

.text:GetTrimForAnabypassValue1
                0x00005aac       0x68
 .text:GetTrimForAnabypassValue1
                0x00005aac       0x68 /home/xlibrary/trees/zumaprod/zumaprod-j04/exports/tirtos_full_2_16_00_04_eng/products/cc13xxware_2_03_01_16685/driverlib/bin/ccs/driverlib.lib(setup.obj)

.text:GetTrimForRcOscLfRtuneCtuneTrim
                0x00005b14       0x1c
 .text:GetTrimForRcOscLfRtuneCtuneTrim
                0x00005b14       0x1c /home/xlibrary/trees/zumaprod/zumaprod-j04/exports/tirtos_full_2_16_00_04_eng/products/cc13xxware_2_03_01_16685/driverlib/bin/ccs/driverlib.lib(setup.obj)

.text:GetTrimForXoscHfIbiastherm
                0x00005b30       0x10
 .text:GetTrimForXoscHfIbiastherm
                0x00005b30       0x10 /home/xlibrary/trees/zumaprod/zumaprod-j04/exports/tirtos_full_2_16_00_04_eng/products/cc13xxware_2_03_01_16685/driverlib/bin/ccs/driverlib.lib(setup.obj)

.text:GetTrimForAmpcompTh2
                0x00005b40       0x1c
 .text:GetTrimForAmpcompTh2
                0x00005b40       0x1c /home/xlibrary/trees/zumaprod/zumaprod-j04/exports/tirtos_full_2_16_00_04_eng/products/cc13xxware_2_03_01_16685/driverlib/bin/ccs/driverlib.lib(setup.obj)

.text:GetTrimForAmpcompTh1
                0x00005b5c       0x18
 .text:GetTrimForAmpcompTh1
                0x00005b5c       0x18 /home/xlibrary/trees/zumaprod/zumaprod-j04/exports/tirtos_full_2_16_00_04_eng/products/cc13xxware_2_03_01_16685/driverlib/bin/ccs/driverlib.lib(setup.obj)

.text:GetTrimForAmpcompCtrl
                0x00005b74       0x68
 .text:GetTrimForAmpcompCtrl
                0x00005b74       0x68 /home/xlibrary/trees/zumaprod/zumaprod-j04/exports/tirtos_full_2_16_00_04_eng/products/cc13xxware_2_03_01_16685/driverlib/bin/ccs/driverlib.lib(setup.obj)

.text:GetTrimForAdcShModeEn
                0x00005bdc       0x18
 .text:GetTrimForAdcShModeEn
                0x00005bdc       0x18 /home/xlibrary/trees/zumaprod/zumaprod-j04/exports/tirtos_full_2_16_00_04_eng/products/cc13xxware_2_03_01_16685/driverlib/bin/ccs/driverlib.lib(setup.obj)

.text:GetTrimForAdcShVbufEn
                0x00005bf4       0x18
 .text:GetTrimForAdcShVbufEn
                0x00005bf4       0x18 /home/xlibrary/trees/zumaprod/zumaprod-j04/exports/tirtos_full_2_16_00_04_eng/products/cc13xxware_2_03_01_16685/driverlib/bin/ccs/driverlib.lib(setup.obj)

.text:GetTrimForXoscHfCtl
                0x00005c0c       0x20
 .text:GetTrimForXoscHfCtl
                0x00005c0c       0x20 /home/xlibrary/trees/zumaprod/zumaprod-j04/exports/tirtos_full_2_16_00_04_eng/products/cc13xxware_2_03_01_16685/driverlib/bin/ccs/driverlib.lib(setup.obj)

.text:GetTrimForDblrLoopFilterResetVoltage
                0x00005c2c       0x18
 .text:GetTrimForDblrLoopFilterResetVoltage
                0x00005c2c       0x18 /home/xlibrary/trees/zumaprod/zumaprod-j04/exports/tirtos_full_2_16_00_04_eng/products/cc13xxware_2_03_01_16685/driverlib/bin/ccs/driverlib.lib(setup.obj)

.text:GetTrimForRcOscLfIBiasTrim
                0x00005c44       0x18
 .text:GetTrimForRcOscLfIBiasTrim
                0x00005c44       0x18 /home/xlibrary/trees/zumaprod/zumaprod-j04/exports/tirtos_full_2_16_00_04_eng/products/cc13xxware_2_03_01_16685/driverlib/bin/ccs/driverlib.lib(setup.obj)

.text:GetTrimForXoscLfRegulatorAndCmirrwrRatio
                0x00005c5c       0x18
 .text:GetTrimForXoscLfRegulatorAndCmirrwrRatio
                0x00005c5c       0x18 /home/xlibrary/trees/zumaprod/zumaprod-j04/exports/tirtos_full_2_16_00_04_eng/products/cc13xxware_2_03_01_16685/driverlib/bin/ccs/driverlib.lib(setup.obj)

.text:GetTrimForRadcExtCfg
                0x00005c74       0x28
 .text:GetTrimForRadcExtCfg
                0x00005c74       0x28 /home/xlibrary/trees/zumaprod/zumaprod-j04/exports/tirtos_full_2_16_00_04_eng/products/cc13xxware_2_03_01_16685/driverlib/bin/ccs/driverlib.lib(setup.obj)

.text:GetTrimForXoscHfFastStart
                0x00005c9c       0x10
 .text:GetTrimForXoscHfFastStart
                0x00005c9c       0x10 /home/xlibrary/trees/zumaprod/zumaprod-j04/exports/tirtos_full_2_16_00_04_eng/products/cc13xxware_2_03_01_16685/driverlib/bin/ccs/driverlib.lib(setup.obj)

.text:SetAonRtcSubSecInc
                0x00005cac       0x30
 .text:SetAonRtcSubSecInc
                0x00005cac       0x30 /home/xlibrary/trees/zumaprod/zumaprod-j04/exports/tirtos_full_2_16_00_04_eng/products/cc13xxware_2_03_01_16685/driverlib/bin/ccs/driverlib.lib(setup.obj)

.text:HapiTrimDeviceShutDown
                0x00005cdc      0x3ac
 .text:HapiTrimDeviceShutDown
                0x00005cdc      0x3ac /home/xlibrary/trees/zumaprod/zumaprod-j04/exports/tirtos_full_2_16_00_04_eng/products/cc13xxware_2_03_01_16685/driverlib/bin/ccs/driverlib.lib(setup.obj)

.text:trimDevice
                0x00006088       0xa0
 .text:trimDevice
                0x00006088       0xa0 /home/xlibrary/trees/zumaprod/zumaprod-j04/exports/tirtos_full_2_16_00_04_eng/products/cc13xxware_2_03_01_16685/driverlib/bin/ccs/driverlib.lib(setup.obj)
                0x00006088                trimDevice

.text:SysCtrl_DCDC_VoltageConditionalControl
                0x00006128       0x60
 .text:SysCtrl_DCDC_VoltageConditionalControl
                0x00006128       0x60 /home/xlibrary/trees/zumaprod/zumaprod-j04/exports/tirtos_full_2_16_00_04_eng/products/cc13xxware_2_03_01_16685/driverlib/bin/ccs/driverlib.lib(sys_ctrl.obj)
                0x00006128                SysCtrl_DCDC_VoltageConditionalControl

.text:SysCtrlSetRechargeBeforePowerDown
                0x00006188      0x230
 .text:SysCtrlSetRechargeBeforePowerDown
                0x00006188      0x230 /home/xlibrary/trees/zumaprod/zumaprod-j04/exports/tirtos_full_2_16_00_04_eng/products/cc13xxware_2_03_01_16685/driverlib/bin/ccs/driverlib.lib(sys_ctrl.obj)
                0x00006188                SysCtrlSetRechargeBeforePowerDown

.text:SysCtrlAdjustRechargeAfterPowerDown
                0x000063b8       0x5c
 .text:SysCtrlAdjustRechargeAfterPowerDown
                0x000063b8       0x5c /home/xlibrary/trees/zumaprod/zumaprod-j04/exports/tirtos_full_2_16_00_04_eng/products/cc13xxware_2_03_01_16685/driverlib/bin/ccs/driverlib.lib(sys_ctrl.obj)
                0x000063b8                SysCtrlAdjustRechargeAfterPowerDown

.text:NOROM_VIMSModeGet
                0x00006414        0xe
 .text:NOROM_VIMSModeGet
                0x00006414        0xe /home/xlibrary/trees/zumaprod/zumaprod-j04/exports/tirtos_full_2_16_00_04_eng/products/cc13xxware_2_03_01_16685/driverlib/bin/ccs/driverlib.lib(vims.obj)
                0x00006414                NOROM_VIMSModeGet

.rodata         0x00006424      0x294
 *(.rodata)
 *(.rodata.*)
 .rodata.str1.1
                0x00006424       0x29 hello.obj
 .rodata.str1.1
                0x0000644d        0xf main.obj
 .rodata.str1.4
                0x0000645c       0x48 ../../closure/configPkg/package/cfg/energia_pm3g.om3g
 .rodata.GPIOCC26XX_config
                0x000064a4       0x14 ../../closure/ti/runtime/wiring/cc13xx/variants/LAUNCHXL_CC1310/lib/board.m3g.lib(Board_init.om3g)
                0x000064a4                GPIOCC26XX_config
 .rodata.PWM_config
                0x000064b8       0x6c ../../closure/ti/runtime/wiring/cc13xx/variants/LAUNCHXL_CC1310/lib/board.m3g.lib(Board_init.om3g)
                0x000064b8                PWM_config
 .rodata.pwmCC26xxHWAttrs
                0x00006524       0x80 ../../closure/ti/runtime/wiring/cc13xx/variants/LAUNCHXL_CC1310/lib/board.m3g.lib(Board_init.om3g)
                0x00006524                pwmCC26xxHWAttrs
 .rodata.PowerCC26XX_config
                0x000065a4       0x10 ../../closure/ti/runtime/wiring/cc13xx/variants/LAUNCHXL_CC1310/lib/board.m3g.lib(Board_init.om3g)
                0x000065a4                PowerCC26XX_config
 .rodata.outPinStrengths